2025-08-21 19:37:23,731 INFO: 
                ____                _       _____  ____
               / __ ) ____ _ _____ (_)_____/ ___/ / __ \
              / __  |/ __ `// ___// // ___/\__ \ / /_/ /
             / /_/ // /_/ /(__  )/ // /__ ___/ // _, _/
            /_____/ \__,_//____//_/ \___//____//_/ |_|
     ______                   __   __                 __      __
    / ____/____   ____   ____/ /  / /   __  __ _____ / /__   / /
   / / __ / __ \ / __ \ / __  /  / /   / / / // ___// //_/  / /
  / /_/ // /_/ // /_/ // /_/ /  / /___/ /_/ // /__ / /<    /_/
  \____/ \____/ \____/ \____/  /_____/\____/ \___//_/|_|  (_)
    
Version Information: 
	BasicSR: 1.4.2
	PyTorch: 1.13.1+cu117
	TorchVision: 0.14.1+cu117
2025-08-21 19:37:23,732 INFO: 
  name: train_SwinIR_SRx5_scratch_P48W8_DIV2K_500k_B4G8_migration_0
  model_type: SwinIRModel
  scale: 5
  num_gpu: 1
  manual_seed: 0
  datasets:[
    train:[
      name: pre_train
      type: PairedImageDataset
      dataroot_gt: /data/groups/g1600002/home/hxiaoyuan2024/super_resolution/data/migration/pre_HR_sub_train
      dataroot_lq: /data/groups/g1600002/home/hxiaoyuan2024/super_resolution/data/migration/pre_LR_sub_train
      meta_info_file: None
      filename_tmpl: {}
      io_backend:[
        type: disk
      ]
      gt_size: 320
      use_hflip: True
      use_rot: True
      num_worker_per_gpu: 6
      batch_size_per_gpu: 16
      dataset_enlarge_ratio: 1
      prefetch_mode: None
      phase: train
      scale: 5
    ]
    val:[
      name: pre_val
      type: PairedImageDataset
      dataroot_gt: /data/groups/g1600002/home/hxiaoyuan2024/super_resolution/data/migration/pre_HR_sub_val
      dataroot_lq: /data/groups/g1600002/home/hxiaoyuan2024/super_resolution/data/migration/pre_LR_sub_val
      io_backend:[
        type: disk
      ]
      phase: val
      scale: 5
    ]
  ]
  network_g:[
    type: SwinIR
    upscale: 5
    in_chans: 3
    img_size: 48
    window_size: 8
    img_range: 1.0
    depths: [6, 6, 6, 6, 6, 6]
    embed_dim: 180
    num_heads: [6, 6, 6, 6, 6, 6]
    mlp_ratio: 2
    upsampler: pixelshuffle
    resi_connection: 1conv
  ]
  path:[
    pretrain_network_g: None
    strict_load_g: True
    resume_state: None
    experiments_root: /home/hxiaoyuan2024/projection/super_resolution/BasicSR-master/experiments/train_SwinIR_SRx5_scratch_P48W8_DIV2K_500k_B4G8_migration_0
    models: /home/hxiaoyuan2024/projection/super_resolution/BasicSR-master/experiments/train_SwinIR_SRx5_scratch_P48W8_DIV2K_500k_B4G8_migration_0/models
    training_states: /home/hxiaoyuan2024/projection/super_resolution/BasicSR-master/experiments/train_SwinIR_SRx5_scratch_P48W8_DIV2K_500k_B4G8_migration_0/training_states
    log: /home/hxiaoyuan2024/projection/super_resolution/BasicSR-master/experiments/train_SwinIR_SRx5_scratch_P48W8_DIV2K_500k_B4G8_migration_0
    visualization: /home/hxiaoyuan2024/projection/super_resolution/BasicSR-master/experiments/train_SwinIR_SRx5_scratch_P48W8_DIV2K_500k_B4G8_migration_0/visualization
  ]
  train:[
    ema_decay: 0.999
    optim_g:[
      type: Adam
      lr: 0.001
      weight_decay: 0
      betas: [0.9, 0.99]
    ]
    scheduler:[
      type: MultiStepLR
      milestones: [2000, 5000, 8000, 12000, 18000, 25000, 30000]
      gamma: 0.5
    ]
    total_iter: 40000
    warmup_iter: -1
    pixel_opt:[
      type: L1Loss
      loss_weight: 1.0
      reduction: mean
    ]
  ]
  val:[
    val_freq: 100.0
    save_img: False
    metrics:[
      psnr:[
        type: calculate_psnr
        crop_border: 4
        test_y_channel: False
      ]
    ]
  ]
  logger:[
    print_freq: 100
    save_checkpoint_freq: 1000.0
    use_tb_logger: True
    wandb:[
      project: None
      resume_id: None
    ]
  ]
  dist_params:[
    backend: nccl
    port: 29500
  ]
  dist: False
  rank: 0
  world_size: 1
  auto_resume: False
  is_train: True
  root_path: /home/hxiaoyuan2024/projection/super_resolution/BasicSR-master

2025-08-21 19:37:24,321 INFO: Dataset [PairedImageDataset] - pre_train is built.
2025-08-21 19:37:24,322 INFO: Training statistics:
	Number of train images: 10338
	Dataset enlarge ratio: 1
	Batch size per gpu: 16
	World size (gpu number): 1
	Require iter number per epoch: 647
	Total epochs: 62; iters: 40000.
2025-08-21 19:37:24,367 INFO: Dataset [PairedImageDataset] - pre_val is built.
2025-08-21 19:37:24,367 INFO: Number of val images/folders in pre_val: 1188
2025-08-21 19:37:24,850 INFO: Network [SwinIR] is created.
2025-08-21 19:37:26,647 INFO: Network: SwinIR, with parameters: 12,527,975
2025-08-21 19:37:26,648 INFO: SwinIR(
  (conv_first): Conv2d(3, 180, kernel_size=(3, 3), stride=(1, 1), padding=(1, 1))
  (patch_embed): PatchEmbed(
    (norm): LayerNorm((180,), eps=1e-05, elementwise_affine=True)
  )
  (patch_unembed): PatchUnEmbed()
  (pos_drop): Dropout(p=0.0, inplace=False)
  (layers): ModuleList(
    (0): RSTB(
      (residual_group): BasicLayer(
        dim=180, input_resolution=(48, 48), depth=6
        (blocks): ModuleList(
          (0): SwinTransformerBlock(
            dim=180, input_resolution=(48, 48), num_heads=6, window_size=8, shift_size=0, mlp_ratio=2
            (norm1): LayerNorm((180,), eps=1e-05, elementwise_affine=True)
            (attn): WindowAttention(
              dim=180, window_size=(8, 8), num_heads=6
              (qkv): Linear(in_features=180, out_features=540, bias=True)
              (attn_drop): Dropout(p=0.0, inplace=False)
              (proj): Linear(in_features=180, out_features=180, bias=True)
              (proj_drop): Dropout(p=0.0, inplace=False)
              (softmax): Softmax(dim=-1)
            )
            (drop_path): Identity()
            (norm2): LayerNorm((180,), eps=1e-05, elementwise_affine=True)
            (mlp): Mlp(
              (fc1): Linear(in_features=180, out_features=360, bias=True)
              (act): GELU(approximate='none')
              (fc2): Linear(in_features=360, out_features=180, bias=True)
              (drop): Dropout(p=0.0, inplace=False)
            )
          )
          (1): SwinTransformerBlock(
            dim=180, input_resolution=(48, 48), num_heads=6, window_size=8, shift_size=4, mlp_ratio=2
            (norm1): LayerNorm((180,), eps=1e-05, elementwise_affine=True)
            (attn): WindowAttention(
              dim=180, window_size=(8, 8), num_heads=6
              (qkv): Linear(in_features=180, out_features=540, bias=True)
              (attn_drop): Dropout(p=0.0, inplace=False)
              (proj): Linear(in_features=180, out_features=180, bias=True)
              (proj_drop): Dropout(p=0.0, inplace=False)
              (softmax): Softmax(dim=-1)
            )
            (drop_path): DropPath()
            (norm2): LayerNorm((180,), eps=1e-05, elementwise_affine=True)
            (mlp): Mlp(
              (fc1): Linear(in_features=180, out_features=360, bias=True)
              (act): GELU(approximate='none')
              (fc2): Linear(in_features=360, out_features=180, bias=True)
              (drop): Dropout(p=0.0, inplace=False)
            )
          )
          (2): SwinTransformerBlock(
            dim=180, input_resolution=(48, 48), num_heads=6, window_size=8, shift_size=0, mlp_ratio=2
            (norm1): LayerNorm((180,), eps=1e-05, elementwise_affine=True)
            (attn): WindowAttention(
              dim=180, window_size=(8, 8), num_heads=6
              (qkv): Linear(in_features=180, out_features=540, bias=True)
              (attn_drop): Dropout(p=0.0, inplace=False)
              (proj): Linear(in_features=180, out_features=180, bias=True)
              (proj_drop): Dropout(p=0.0, inplace=False)
              (softmax): Softmax(dim=-1)
            )
            (drop_path): DropPath()
            (norm2): LayerNorm((180,), eps=1e-05, elementwise_affine=True)
            (mlp): Mlp(
              (fc1): Linear(in_features=180, out_features=360, bias=True)
              (act): GELU(approximate='none')
              (fc2): Linear(in_features=360, out_features=180, bias=True)
              (drop): Dropout(p=0.0, inplace=False)
            )
          )
          (3): SwinTransformerBlock(
            dim=180, input_resolution=(48, 48), num_heads=6, window_size=8, shift_size=4, mlp_ratio=2
            (norm1): LayerNorm((180,), eps=1e-05, elementwise_affine=True)
            (attn): WindowAttention(
              dim=180, window_size=(8, 8), num_heads=6
              (qkv): Linear(in_features=180, out_features=540, bias=True)
              (attn_drop): Dropout(p=0.0, inplace=False)
              (proj): Linear(in_features=180, out_features=180, bias=True)
              (proj_drop): Dropout(p=0.0, inplace=False)
              (softmax): Softmax(dim=-1)
            )
            (drop_path): DropPath()
            (norm2): LayerNorm((180,), eps=1e-05, elementwise_affine=True)
            (mlp): Mlp(
              (fc1): Linear(in_features=180, out_features=360, bias=True)
              (act): GELU(approximate='none')
              (fc2): Linear(in_features=360, out_features=180, bias=True)
              (drop): Dropout(p=0.0, inplace=False)
            )
          )
          (4): SwinTransformerBlock(
            dim=180, input_resolution=(48, 48), num_heads=6, window_size=8, shift_size=0, mlp_ratio=2
            (norm1): LayerNorm((180,), eps=1e-05, elementwise_affine=True)
            (attn): WindowAttention(
              dim=180, window_size=(8, 8), num_heads=6
              (qkv): Linear(in_features=180, out_features=540, bias=True)
              (attn_drop): Dropout(p=0.0, inplace=False)
              (proj): Linear(in_features=180, out_features=180, bias=True)
              (proj_drop): Dropout(p=0.0, inplace=False)
              (softmax): Softmax(dim=-1)
            )
            (drop_path): DropPath()
            (norm2): LayerNorm((180,), eps=1e-05, elementwise_affine=True)
            (mlp): Mlp(
              (fc1): Linear(in_features=180, out_features=360, bias=True)
              (act): GELU(approximate='none')
              (fc2): Linear(in_features=360, out_features=180, bias=True)
              (drop): Dropout(p=0.0, inplace=False)
            )
          )
          (5): SwinTransformerBlock(
            dim=180, input_resolution=(48, 48), num_heads=6, window_size=8, shift_size=4, mlp_ratio=2
            (norm1): LayerNorm((180,), eps=1e-05, elementwise_affine=True)
            (attn): WindowAttention(
              dim=180, window_size=(8, 8), num_heads=6
              (qkv): Linear(in_features=180, out_features=540, bias=True)
              (attn_drop): Dropout(p=0.0, inplace=False)
              (proj): Linear(in_features=180, out_features=180, bias=True)
              (proj_drop): Dropout(p=0.0, inplace=False)
              (softmax): Softmax(dim=-1)
            )
            (drop_path): DropPath()
            (norm2): LayerNorm((180,), eps=1e-05, elementwise_affine=True)
            (mlp): Mlp(
              (fc1): Linear(in_features=180, out_features=360, bias=True)
              (act): GELU(approximate='none')
              (fc2): Linear(in_features=360, out_features=180, bias=True)
              (drop): Dropout(p=0.0, inplace=False)
            )
          )
        )
      )
      (conv): Conv2d(180, 180, kernel_size=(3, 3), stride=(1, 1), padding=(1, 1))
      (patch_embed): PatchEmbed()
      (patch_unembed): PatchUnEmbed()
    )
    (1): RSTB(
      (residual_group): BasicLayer(
        dim=180, input_resolution=(48, 48), depth=6
        (blocks): ModuleList(
          (0): SwinTransformerBlock(
            dim=180, input_resolution=(48, 48), num_heads=6, window_size=8, shift_size=0, mlp_ratio=2
            (norm1): LayerNorm((180,), eps=1e-05, elementwise_affine=True)
            (attn): WindowAttention(
              dim=180, window_size=(8, 8), num_heads=6
              (qkv): Linear(in_features=180, out_features=540, bias=True)
              (attn_drop): Dropout(p=0.0, inplace=False)
              (proj): Linear(in_features=180, out_features=180, bias=True)
              (proj_drop): Dropout(p=0.0, inplace=False)
              (softmax): Softmax(dim=-1)
            )
            (drop_path): DropPath()
            (norm2): LayerNorm((180,), eps=1e-05, elementwise_affine=True)
            (mlp): Mlp(
              (fc1): Linear(in_features=180, out_features=360, bias=True)
              (act): GELU(approximate='none')
              (fc2): Linear(in_features=360, out_features=180, bias=True)
              (drop): Dropout(p=0.0, inplace=False)
            )
          )
          (1): SwinTransformerBlock(
            dim=180, input_resolution=(48, 48), num_heads=6, window_size=8, shift_size=4, mlp_ratio=2
            (norm1): LayerNorm((180,), eps=1e-05, elementwise_affine=True)
            (attn): WindowAttention(
              dim=180, window_size=(8, 8), num_heads=6
              (qkv): Linear(in_features=180, out_features=540, bias=True)
              (attn_drop): Dropout(p=0.0, inplace=False)
              (proj): Linear(in_features=180, out_features=180, bias=True)
              (proj_drop): Dropout(p=0.0, inplace=False)
              (softmax): Softmax(dim=-1)
            )
            (drop_path): DropPath()
            (norm2): LayerNorm((180,), eps=1e-05, elementwise_affine=True)
            (mlp): Mlp(
              (fc1): Linear(in_features=180, out_features=360, bias=True)
              (act): GELU(approximate='none')
              (fc2): Linear(in_features=360, out_features=180, bias=True)
              (drop): Dropout(p=0.0, inplace=False)
            )
          )
          (2): SwinTransformerBlock(
            dim=180, input_resolution=(48, 48), num_heads=6, window_size=8, shift_size=0, mlp_ratio=2
            (norm1): LayerNorm((180,), eps=1e-05, elementwise_affine=True)
            (attn): WindowAttention(
              dim=180, window_size=(8, 8), num_heads=6
              (qkv): Linear(in_features=180, out_features=540, bias=True)
              (attn_drop): Dropout(p=0.0, inplace=False)
              (proj): Linear(in_features=180, out_features=180, bias=True)
              (proj_drop): Dropout(p=0.0, inplace=False)
              (softmax): Softmax(dim=-1)
            )
            (drop_path): DropPath()
            (norm2): LayerNorm((180,), eps=1e-05, elementwise_affine=True)
            (mlp): Mlp(
              (fc1): Linear(in_features=180, out_features=360, bias=True)
              (act): GELU(approximate='none')
              (fc2): Linear(in_features=360, out_features=180, bias=True)
              (drop): Dropout(p=0.0, inplace=False)
            )
          )
          (3): SwinTransformerBlock(
            dim=180, input_resolution=(48, 48), num_heads=6, window_size=8, shift_size=4, mlp_ratio=2
            (norm1): LayerNorm((180,), eps=1e-05, elementwise_affine=True)
            (attn): WindowAttention(
              dim=180, window_size=(8, 8), num_heads=6
              (qkv): Linear(in_features=180, out_features=540, bias=True)
              (attn_drop): Dropout(p=0.0, inplace=False)
              (proj): Linear(in_features=180, out_features=180, bias=True)
              (proj_drop): Dropout(p=0.0, inplace=False)
              (softmax): Softmax(dim=-1)
            )
            (drop_path): DropPath()
            (norm2): LayerNorm((180,), eps=1e-05, elementwise_affine=True)
            (mlp): Mlp(
              (fc1): Linear(in_features=180, out_features=360, bias=True)
              (act): GELU(approximate='none')
              (fc2): Linear(in_features=360, out_features=180, bias=True)
              (drop): Dropout(p=0.0, inplace=False)
            )
          )
          (4): SwinTransformerBlock(
            dim=180, input_resolution=(48, 48), num_heads=6, window_size=8, shift_size=0, mlp_ratio=2
            (norm1): LayerNorm((180,), eps=1e-05, elementwise_affine=True)
            (attn): WindowAttention(
              dim=180, window_size=(8, 8), num_heads=6
              (qkv): Linear(in_features=180, out_features=540, bias=True)
              (attn_drop): Dropout(p=0.0, inplace=False)
              (proj): Linear(in_features=180, out_features=180, bias=True)
              (proj_drop): Dropout(p=0.0, inplace=False)
              (softmax): Softmax(dim=-1)
            )
            (drop_path): DropPath()
            (norm2): LayerNorm((180,), eps=1e-05, elementwise_affine=True)
            (mlp): Mlp(
              (fc1): Linear(in_features=180, out_features=360, bias=True)
              (act): GELU(approximate='none')
              (fc2): Linear(in_features=360, out_features=180, bias=True)
              (drop): Dropout(p=0.0, inplace=False)
            )
          )
          (5): SwinTransformerBlock(
            dim=180, input_resolution=(48, 48), num_heads=6, window_size=8, shift_size=4, mlp_ratio=2
            (norm1): LayerNorm((180,), eps=1e-05, elementwise_affine=True)
            (attn): WindowAttention(
              dim=180, window_size=(8, 8), num_heads=6
              (qkv): Linear(in_features=180, out_features=540, bias=True)
              (attn_drop): Dropout(p=0.0, inplace=False)
              (proj): Linear(in_features=180, out_features=180, bias=True)
              (proj_drop): Dropout(p=0.0, inplace=False)
              (softmax): Softmax(dim=-1)
            )
            (drop_path): DropPath()
            (norm2): LayerNorm((180,), eps=1e-05, elementwise_affine=True)
            (mlp): Mlp(
              (fc1): Linear(in_features=180, out_features=360, bias=True)
              (act): GELU(approximate='none')
              (fc2): Linear(in_features=360, out_features=180, bias=True)
              (drop): Dropout(p=0.0, inplace=False)
            )
          )
        )
      )
      (conv): Conv2d(180, 180, kernel_size=(3, 3), stride=(1, 1), padding=(1, 1))
      (patch_embed): PatchEmbed()
      (patch_unembed): PatchUnEmbed()
    )
    (2): RSTB(
      (residual_group): BasicLayer(
        dim=180, input_resolution=(48, 48), depth=6
        (blocks): ModuleList(
          (0): SwinTransformerBlock(
            dim=180, input_resolution=(48, 48), num_heads=6, window_size=8, shift_size=0, mlp_ratio=2
            (norm1): LayerNorm((180,), eps=1e-05, elementwise_affine=True)
            (attn): WindowAttention(
              dim=180, window_size=(8, 8), num_heads=6
              (qkv): Linear(in_features=180, out_features=540, bias=True)
              (attn_drop): Dropout(p=0.0, inplace=False)
              (proj): Linear(in_features=180, out_features=180, bias=True)
              (proj_drop): Dropout(p=0.0, inplace=False)
              (softmax): Softmax(dim=-1)
            )
            (drop_path): DropPath()
            (norm2): LayerNorm((180,), eps=1e-05, elementwise_affine=True)
            (mlp): Mlp(
              (fc1): Linear(in_features=180, out_features=360, bias=True)
              (act): GELU(approximate='none')
              (fc2): Linear(in_features=360, out_features=180, bias=True)
              (drop): Dropout(p=0.0, inplace=False)
            )
          )
          (1): SwinTransformerBlock(
            dim=180, input_resolution=(48, 48), num_heads=6, window_size=8, shift_size=4, mlp_ratio=2
            (norm1): LayerNorm((180,), eps=1e-05, elementwise_affine=True)
            (attn): WindowAttention(
              dim=180, window_size=(8, 8), num_heads=6
              (qkv): Linear(in_features=180, out_features=540, bias=True)
              (attn_drop): Dropout(p=0.0, inplace=False)
              (proj): Linear(in_features=180, out_features=180, bias=True)
              (proj_drop): Dropout(p=0.0, inplace=False)
              (softmax): Softmax(dim=-1)
            )
            (drop_path): DropPath()
            (norm2): LayerNorm((180,), eps=1e-05, elementwise_affine=True)
            (mlp): Mlp(
              (fc1): Linear(in_features=180, out_features=360, bias=True)
              (act): GELU(approximate='none')
              (fc2): Linear(in_features=360, out_features=180, bias=True)
              (drop): Dropout(p=0.0, inplace=False)
            )
          )
          (2): SwinTransformerBlock(
            dim=180, input_resolution=(48, 48), num_heads=6, window_size=8, shift_size=0, mlp_ratio=2
            (norm1): LayerNorm((180,), eps=1e-05, elementwise_affine=True)
            (attn): WindowAttention(
              dim=180, window_size=(8, 8), num_heads=6
              (qkv): Linear(in_features=180, out_features=540, bias=True)
              (attn_drop): Dropout(p=0.0, inplace=False)
              (proj): Linear(in_features=180, out_features=180, bias=True)
              (proj_drop): Dropout(p=0.0, inplace=False)
              (softmax): Softmax(dim=-1)
            )
            (drop_path): DropPath()
            (norm2): LayerNorm((180,), eps=1e-05, elementwise_affine=True)
            (mlp): Mlp(
              (fc1): Linear(in_features=180, out_features=360, bias=True)
              (act): GELU(approximate='none')
              (fc2): Linear(in_features=360, out_features=180, bias=True)
              (drop): Dropout(p=0.0, inplace=False)
            )
          )
          (3): SwinTransformerBlock(
            dim=180, input_resolution=(48, 48), num_heads=6, window_size=8, shift_size=4, mlp_ratio=2
            (norm1): LayerNorm((180,), eps=1e-05, elementwise_affine=True)
            (attn): WindowAttention(
              dim=180, window_size=(8, 8), num_heads=6
              (qkv): Linear(in_features=180, out_features=540, bias=True)
              (attn_drop): Dropout(p=0.0, inplace=False)
              (proj): Linear(in_features=180, out_features=180, bias=True)
              (proj_drop): Dropout(p=0.0, inplace=False)
              (softmax): Softmax(dim=-1)
            )
            (drop_path): DropPath()
            (norm2): LayerNorm((180,), eps=1e-05, elementwise_affine=True)
            (mlp): Mlp(
              (fc1): Linear(in_features=180, out_features=360, bias=True)
              (act): GELU(approximate='none')
              (fc2): Linear(in_features=360, out_features=180, bias=True)
              (drop): Dropout(p=0.0, inplace=False)
            )
          )
          (4): SwinTransformerBlock(
            dim=180, input_resolution=(48, 48), num_heads=6, window_size=8, shift_size=0, mlp_ratio=2
            (norm1): LayerNorm((180,), eps=1e-05, elementwise_affine=True)
            (attn): WindowAttention(
              dim=180, window_size=(8, 8), num_heads=6
              (qkv): Linear(in_features=180, out_features=540, bias=True)
              (attn_drop): Dropout(p=0.0, inplace=False)
              (proj): Linear(in_features=180, out_features=180, bias=True)
              (proj_drop): Dropout(p=0.0, inplace=False)
              (softmax): Softmax(dim=-1)
            )
            (drop_path): DropPath()
            (norm2): LayerNorm((180,), eps=1e-05, elementwise_affine=True)
            (mlp): Mlp(
              (fc1): Linear(in_features=180, out_features=360, bias=True)
              (act): GELU(approximate='none')
              (fc2): Linear(in_features=360, out_features=180, bias=True)
              (drop): Dropout(p=0.0, inplace=False)
            )
          )
          (5): SwinTransformerBlock(
            dim=180, input_resolution=(48, 48), num_heads=6, window_size=8, shift_size=4, mlp_ratio=2
            (norm1): LayerNorm((180,), eps=1e-05, elementwise_affine=True)
            (attn): WindowAttention(
              dim=180, window_size=(8, 8), num_heads=6
              (qkv): Linear(in_features=180, out_features=540, bias=True)
              (attn_drop): Dropout(p=0.0, inplace=False)
              (proj): Linear(in_features=180, out_features=180, bias=True)
              (proj_drop): Dropout(p=0.0, inplace=False)
              (softmax): Softmax(dim=-1)
            )
            (drop_path): DropPath()
            (norm2): LayerNorm((180,), eps=1e-05, elementwise_affine=True)
            (mlp): Mlp(
              (fc1): Linear(in_features=180, out_features=360, bias=True)
              (act): GELU(approximate='none')
              (fc2): Linear(in_features=360, out_features=180, bias=True)
              (drop): Dropout(p=0.0, inplace=False)
            )
          )
        )
      )
      (conv): Conv2d(180, 180, kernel_size=(3, 3), stride=(1, 1), padding=(1, 1))
      (patch_embed): PatchEmbed()
      (patch_unembed): PatchUnEmbed()
    )
    (3): RSTB(
      (residual_group): BasicLayer(
        dim=180, input_resolution=(48, 48), depth=6
        (blocks): ModuleList(
          (0): SwinTransformerBlock(
            dim=180, input_resolution=(48, 48), num_heads=6, window_size=8, shift_size=0, mlp_ratio=2
            (norm1): LayerNorm((180,), eps=1e-05, elementwise_affine=True)
            (attn): WindowAttention(
              dim=180, window_size=(8, 8), num_heads=6
              (qkv): Linear(in_features=180, out_features=540, bias=True)
              (attn_drop): Dropout(p=0.0, inplace=False)
              (proj): Linear(in_features=180, out_features=180, bias=True)
              (proj_drop): Dropout(p=0.0, inplace=False)
              (softmax): Softmax(dim=-1)
            )
            (drop_path): DropPath()
            (norm2): LayerNorm((180,), eps=1e-05, elementwise_affine=True)
            (mlp): Mlp(
              (fc1): Linear(in_features=180, out_features=360, bias=True)
              (act): GELU(approximate='none')
              (fc2): Linear(in_features=360, out_features=180, bias=True)
              (drop): Dropout(p=0.0, inplace=False)
            )
          )
          (1): SwinTransformerBlock(
            dim=180, input_resolution=(48, 48), num_heads=6, window_size=8, shift_size=4, mlp_ratio=2
            (norm1): LayerNorm((180,), eps=1e-05, elementwise_affine=True)
            (attn): WindowAttention(
              dim=180, window_size=(8, 8), num_heads=6
              (qkv): Linear(in_features=180, out_features=540, bias=True)
              (attn_drop): Dropout(p=0.0, inplace=False)
              (proj): Linear(in_features=180, out_features=180, bias=True)
              (proj_drop): Dropout(p=0.0, inplace=False)
              (softmax): Softmax(dim=-1)
            )
            (drop_path): DropPath()
            (norm2): LayerNorm((180,), eps=1e-05, elementwise_affine=True)
            (mlp): Mlp(
              (fc1): Linear(in_features=180, out_features=360, bias=True)
              (act): GELU(approximate='none')
              (fc2): Linear(in_features=360, out_features=180, bias=True)
              (drop): Dropout(p=0.0, inplace=False)
            )
          )
          (2): SwinTransformerBlock(
            dim=180, input_resolution=(48, 48), num_heads=6, window_size=8, shift_size=0, mlp_ratio=2
            (norm1): LayerNorm((180,), eps=1e-05, elementwise_affine=True)
            (attn): WindowAttention(
              dim=180, window_size=(8, 8), num_heads=6
              (qkv): Linear(in_features=180, out_features=540, bias=True)
              (attn_drop): Dropout(p=0.0, inplace=False)
              (proj): Linear(in_features=180, out_features=180, bias=True)
              (proj_drop): Dropout(p=0.0, inplace=False)
              (softmax): Softmax(dim=-1)
            )
            (drop_path): DropPath()
            (norm2): LayerNorm((180,), eps=1e-05, elementwise_affine=True)
            (mlp): Mlp(
              (fc1): Linear(in_features=180, out_features=360, bias=True)
              (act): GELU(approximate='none')
              (fc2): Linear(in_features=360, out_features=180, bias=True)
              (drop): Dropout(p=0.0, inplace=False)
            )
          )
          (3): SwinTransformerBlock(
            dim=180, input_resolution=(48, 48), num_heads=6, window_size=8, shift_size=4, mlp_ratio=2
            (norm1): LayerNorm((180,), eps=1e-05, elementwise_affine=True)
            (attn): WindowAttention(
              dim=180, window_size=(8, 8), num_heads=6
              (qkv): Linear(in_features=180, out_features=540, bias=True)
              (attn_drop): Dropout(p=0.0, inplace=False)
              (proj): Linear(in_features=180, out_features=180, bias=True)
              (proj_drop): Dropout(p=0.0, inplace=False)
              (softmax): Softmax(dim=-1)
            )
            (drop_path): DropPath()
            (norm2): LayerNorm((180,), eps=1e-05, elementwise_affine=True)
            (mlp): Mlp(
              (fc1): Linear(in_features=180, out_features=360, bias=True)
              (act): GELU(approximate='none')
              (fc2): Linear(in_features=360, out_features=180, bias=True)
              (drop): Dropout(p=0.0, inplace=False)
            )
          )
          (4): SwinTransformerBlock(
            dim=180, input_resolution=(48, 48), num_heads=6, window_size=8, shift_size=0, mlp_ratio=2
            (norm1): LayerNorm((180,), eps=1e-05, elementwise_affine=True)
            (attn): WindowAttention(
              dim=180, window_size=(8, 8), num_heads=6
              (qkv): Linear(in_features=180, out_features=540, bias=True)
              (attn_drop): Dropout(p=0.0, inplace=False)
              (proj): Linear(in_features=180, out_features=180, bias=True)
              (proj_drop): Dropout(p=0.0, inplace=False)
              (softmax): Softmax(dim=-1)
            )
            (drop_path): DropPath()
            (norm2): LayerNorm((180,), eps=1e-05, elementwise_affine=True)
            (mlp): Mlp(
              (fc1): Linear(in_features=180, out_features=360, bias=True)
              (act): GELU(approximate='none')
              (fc2): Linear(in_features=360, out_features=180, bias=True)
              (drop): Dropout(p=0.0, inplace=False)
            )
          )
          (5): SwinTransformerBlock(
            dim=180, input_resolution=(48, 48), num_heads=6, window_size=8, shift_size=4, mlp_ratio=2
            (norm1): LayerNorm((180,), eps=1e-05, elementwise_affine=True)
            (attn): WindowAttention(
              dim=180, window_size=(8, 8), num_heads=6
              (qkv): Linear(in_features=180, out_features=540, bias=True)
              (attn_drop): Dropout(p=0.0, inplace=False)
              (proj): Linear(in_features=180, out_features=180, bias=True)
              (proj_drop): Dropout(p=0.0, inplace=False)
              (softmax): Softmax(dim=-1)
            )
            (drop_path): DropPath()
            (norm2): LayerNorm((180,), eps=1e-05, elementwise_affine=True)
            (mlp): Mlp(
              (fc1): Linear(in_features=180, out_features=360, bias=True)
              (act): GELU(approximate='none')
              (fc2): Linear(in_features=360, out_features=180, bias=True)
              (drop): Dropout(p=0.0, inplace=False)
            )
          )
        )
      )
      (conv): Conv2d(180, 180, kernel_size=(3, 3), stride=(1, 1), padding=(1, 1))
      (patch_embed): PatchEmbed()
      (patch_unembed): PatchUnEmbed()
    )
    (4): RSTB(
      (residual_group): BasicLayer(
        dim=180, input_resolution=(48, 48), depth=6
        (blocks): ModuleList(
          (0): SwinTransformerBlock(
            dim=180, input_resolution=(48, 48), num_heads=6, window_size=8, shift_size=0, mlp_ratio=2
            (norm1): LayerNorm((180,), eps=1e-05, elementwise_affine=True)
            (attn): WindowAttention(
              dim=180, window_size=(8, 8), num_heads=6
              (qkv): Linear(in_features=180, out_features=540, bias=True)
              (attn_drop): Dropout(p=0.0, inplace=False)
              (proj): Linear(in_features=180, out_features=180, bias=True)
              (proj_drop): Dropout(p=0.0, inplace=False)
              (softmax): Softmax(dim=-1)
            )
            (drop_path): DropPath()
            (norm2): LayerNorm((180,), eps=1e-05, elementwise_affine=True)
            (mlp): Mlp(
              (fc1): Linear(in_features=180, out_features=360, bias=True)
              (act): GELU(approximate='none')
              (fc2): Linear(in_features=360, out_features=180, bias=True)
              (drop): Dropout(p=0.0, inplace=False)
            )
          )
          (1): SwinTransformerBlock(
            dim=180, input_resolution=(48, 48), num_heads=6, window_size=8, shift_size=4, mlp_ratio=2
            (norm1): LayerNorm((180,), eps=1e-05, elementwise_affine=True)
            (attn): WindowAttention(
              dim=180, window_size=(8, 8), num_heads=6
              (qkv): Linear(in_features=180, out_features=540, bias=True)
              (attn_drop): Dropout(p=0.0, inplace=False)
              (proj): Linear(in_features=180, out_features=180, bias=True)
              (proj_drop): Dropout(p=0.0, inplace=False)
              (softmax): Softmax(dim=-1)
            )
            (drop_path): DropPath()
            (norm2): LayerNorm((180,), eps=1e-05, elementwise_affine=True)
            (mlp): Mlp(
              (fc1): Linear(in_features=180, out_features=360, bias=True)
              (act): GELU(approximate='none')
              (fc2): Linear(in_features=360, out_features=180, bias=True)
              (drop): Dropout(p=0.0, inplace=False)
            )
          )
          (2): SwinTransformerBlock(
            dim=180, input_resolution=(48, 48), num_heads=6, window_size=8, shift_size=0, mlp_ratio=2
            (norm1): LayerNorm((180,), eps=1e-05, elementwise_affine=True)
            (attn): WindowAttention(
              dim=180, window_size=(8, 8), num_heads=6
              (qkv): Linear(in_features=180, out_features=540, bias=True)
              (attn_drop): Dropout(p=0.0, inplace=False)
              (proj): Linear(in_features=180, out_features=180, bias=True)
              (proj_drop): Dropout(p=0.0, inplace=False)
              (softmax): Softmax(dim=-1)
            )
            (drop_path): DropPath()
            (norm2): LayerNorm((180,), eps=1e-05, elementwise_affine=True)
            (mlp): Mlp(
              (fc1): Linear(in_features=180, out_features=360, bias=True)
              (act): GELU(approximate='none')
              (fc2): Linear(in_features=360, out_features=180, bias=True)
              (drop): Dropout(p=0.0, inplace=False)
            )
          )
          (3): SwinTransformerBlock(
            dim=180, input_resolution=(48, 48), num_heads=6, window_size=8, shift_size=4, mlp_ratio=2
            (norm1): LayerNorm((180,), eps=1e-05, elementwise_affine=True)
            (attn): WindowAttention(
              dim=180, window_size=(8, 8), num_heads=6
              (qkv): Linear(in_features=180, out_features=540, bias=True)
              (attn_drop): Dropout(p=0.0, inplace=False)
              (proj): Linear(in_features=180, out_features=180, bias=True)
              (proj_drop): Dropout(p=0.0, inplace=False)
              (softmax): Softmax(dim=-1)
            )
            (drop_path): DropPath()
            (norm2): LayerNorm((180,), eps=1e-05, elementwise_affine=True)
            (mlp): Mlp(
              (fc1): Linear(in_features=180, out_features=360, bias=True)
              (act): GELU(approximate='none')
              (fc2): Linear(in_features=360, out_features=180, bias=True)
              (drop): Dropout(p=0.0, inplace=False)
            )
          )
          (4): SwinTransformerBlock(
            dim=180, input_resolution=(48, 48), num_heads=6, window_size=8, shift_size=0, mlp_ratio=2
            (norm1): LayerNorm((180,), eps=1e-05, elementwise_affine=True)
            (attn): WindowAttention(
              dim=180, window_size=(8, 8), num_heads=6
              (qkv): Linear(in_features=180, out_features=540, bias=True)
              (attn_drop): Dropout(p=0.0, inplace=False)
              (proj): Linear(in_features=180, out_features=180, bias=True)
              (proj_drop): Dropout(p=0.0, inplace=False)
              (softmax): Softmax(dim=-1)
            )
            (drop_path): DropPath()
            (norm2): LayerNorm((180,), eps=1e-05, elementwise_affine=True)
            (mlp): Mlp(
              (fc1): Linear(in_features=180, out_features=360, bias=True)
              (act): GELU(approximate='none')
              (fc2): Linear(in_features=360, out_features=180, bias=True)
              (drop): Dropout(p=0.0, inplace=False)
            )
          )
          (5): SwinTransformerBlock(
            dim=180, input_resolution=(48, 48), num_heads=6, window_size=8, shift_size=4, mlp_ratio=2
            (norm1): LayerNorm((180,), eps=1e-05, elementwise_affine=True)
            (attn): WindowAttention(
              dim=180, window_size=(8, 8), num_heads=6
              (qkv): Linear(in_features=180, out_features=540, bias=True)
              (attn_drop): Dropout(p=0.0, inplace=False)
              (proj): Linear(in_features=180, out_features=180, bias=True)
              (proj_drop): Dropout(p=0.0, inplace=False)
              (softmax): Softmax(dim=-1)
            )
            (drop_path): DropPath()
            (norm2): LayerNorm((180,), eps=1e-05, elementwise_affine=True)
            (mlp): Mlp(
              (fc1): Linear(in_features=180, out_features=360, bias=True)
              (act): GELU(approximate='none')
              (fc2): Linear(in_features=360, out_features=180, bias=True)
              (drop): Dropout(p=0.0, inplace=False)
            )
          )
        )
      )
      (conv): Conv2d(180, 180, kernel_size=(3, 3), stride=(1, 1), padding=(1, 1))
      (patch_embed): PatchEmbed()
      (patch_unembed): PatchUnEmbed()
    )
    (5): RSTB(
      (residual_group): BasicLayer(
        dim=180, input_resolution=(48, 48), depth=6
        (blocks): ModuleList(
          (0): SwinTransformerBlock(
            dim=180, input_resolution=(48, 48), num_heads=6, window_size=8, shift_size=0, mlp_ratio=2
            (norm1): LayerNorm((180,), eps=1e-05, elementwise_affine=True)
            (attn): WindowAttention(
              dim=180, window_size=(8, 8), num_heads=6
              (qkv): Linear(in_features=180, out_features=540, bias=True)
              (attn_drop): Dropout(p=0.0, inplace=False)
              (proj): Linear(in_features=180, out_features=180, bias=True)
              (proj_drop): Dropout(p=0.0, inplace=False)
              (softmax): Softmax(dim=-1)
            )
            (drop_path): DropPath()
            (norm2): LayerNorm((180,), eps=1e-05, elementwise_affine=True)
            (mlp): Mlp(
              (fc1): Linear(in_features=180, out_features=360, bias=True)
              (act): GELU(approximate='none')
              (fc2): Linear(in_features=360, out_features=180, bias=True)
              (drop): Dropout(p=0.0, inplace=False)
            )
          )
          (1): SwinTransformerBlock(
            dim=180, input_resolution=(48, 48), num_heads=6, window_size=8, shift_size=4, mlp_ratio=2
            (norm1): LayerNorm((180,), eps=1e-05, elementwise_affine=True)
            (attn): WindowAttention(
              dim=180, window_size=(8, 8), num_heads=6
              (qkv): Linear(in_features=180, out_features=540, bias=True)
              (attn_drop): Dropout(p=0.0, inplace=False)
              (proj): Linear(in_features=180, out_features=180, bias=True)
              (proj_drop): Dropout(p=0.0, inplace=False)
              (softmax): Softmax(dim=-1)
            )
            (drop_path): DropPath()
            (norm2): LayerNorm((180,), eps=1e-05, elementwise_affine=True)
            (mlp): Mlp(
              (fc1): Linear(in_features=180, out_features=360, bias=True)
              (act): GELU(approximate='none')
              (fc2): Linear(in_features=360, out_features=180, bias=True)
              (drop): Dropout(p=0.0, inplace=False)
            )
          )
          (2): SwinTransformerBlock(
            dim=180, input_resolution=(48, 48), num_heads=6, window_size=8, shift_size=0, mlp_ratio=2
            (norm1): LayerNorm((180,), eps=1e-05, elementwise_affine=True)
            (attn): WindowAttention(
              dim=180, window_size=(8, 8), num_heads=6
              (qkv): Linear(in_features=180, out_features=540, bias=True)
              (attn_drop): Dropout(p=0.0, inplace=False)
              (proj): Linear(in_features=180, out_features=180, bias=True)
              (proj_drop): Dropout(p=0.0, inplace=False)
              (softmax): Softmax(dim=-1)
            )
            (drop_path): DropPath()
            (norm2): LayerNorm((180,), eps=1e-05, elementwise_affine=True)
            (mlp): Mlp(
              (fc1): Linear(in_features=180, out_features=360, bias=True)
              (act): GELU(approximate='none')
              (fc2): Linear(in_features=360, out_features=180, bias=True)
              (drop): Dropout(p=0.0, inplace=False)
            )
          )
          (3): SwinTransformerBlock(
            dim=180, input_resolution=(48, 48), num_heads=6, window_size=8, shift_size=4, mlp_ratio=2
            (norm1): LayerNorm((180,), eps=1e-05, elementwise_affine=True)
            (attn): WindowAttention(
              dim=180, window_size=(8, 8), num_heads=6
              (qkv): Linear(in_features=180, out_features=540, bias=True)
              (attn_drop): Dropout(p=0.0, inplace=False)
              (proj): Linear(in_features=180, out_features=180, bias=True)
              (proj_drop): Dropout(p=0.0, inplace=False)
              (softmax): Softmax(dim=-1)
            )
            (drop_path): DropPath()
            (norm2): LayerNorm((180,), eps=1e-05, elementwise_affine=True)
            (mlp): Mlp(
              (fc1): Linear(in_features=180, out_features=360, bias=True)
              (act): GELU(approximate='none')
              (fc2): Linear(in_features=360, out_features=180, bias=True)
              (drop): Dropout(p=0.0, inplace=False)
            )
          )
          (4): SwinTransformerBlock(
            dim=180, input_resolution=(48, 48), num_heads=6, window_size=8, shift_size=0, mlp_ratio=2
            (norm1): LayerNorm((180,), eps=1e-05, elementwise_affine=True)
            (attn): WindowAttention(
              dim=180, window_size=(8, 8), num_heads=6
              (qkv): Linear(in_features=180, out_features=540, bias=True)
              (attn_drop): Dropout(p=0.0, inplace=False)
              (proj): Linear(in_features=180, out_features=180, bias=True)
              (proj_drop): Dropout(p=0.0, inplace=False)
              (softmax): Softmax(dim=-1)
            )
            (drop_path): DropPath()
            (norm2): LayerNorm((180,), eps=1e-05, elementwise_affine=True)
            (mlp): Mlp(
              (fc1): Linear(in_features=180, out_features=360, bias=True)
              (act): GELU(approximate='none')
              (fc2): Linear(in_features=360, out_features=180, bias=True)
              (drop): Dropout(p=0.0, inplace=False)
            )
          )
          (5): SwinTransformerBlock(
            dim=180, input_resolution=(48, 48), num_heads=6, window_size=8, shift_size=4, mlp_ratio=2
            (norm1): LayerNorm((180,), eps=1e-05, elementwise_affine=True)
            (attn): WindowAttention(
              dim=180, window_size=(8, 8), num_heads=6
              (qkv): Linear(in_features=180, out_features=540, bias=True)
              (attn_drop): Dropout(p=0.0, inplace=False)
              (proj): Linear(in_features=180, out_features=180, bias=True)
              (proj_drop): Dropout(p=0.0, inplace=False)
              (softmax): Softmax(dim=-1)
            )
            (drop_path): DropPath()
            (norm2): LayerNorm((180,), eps=1e-05, elementwise_affine=True)
            (mlp): Mlp(
              (fc1): Linear(in_features=180, out_features=360, bias=True)
              (act): GELU(approximate='none')
              (fc2): Linear(in_features=360, out_features=180, bias=True)
              (drop): Dropout(p=0.0, inplace=False)
            )
          )
        )
      )
      (conv): Conv2d(180, 180, kernel_size=(3, 3), stride=(1, 1), padding=(1, 1))
      (patch_embed): PatchEmbed()
      (patch_unembed): PatchUnEmbed()
    )
  )
  (norm): LayerNorm((180,), eps=1e-05, elementwise_affine=True)
  (conv_after_body): Conv2d(180, 180, kernel_size=(3, 3), stride=(1, 1), padding=(1, 1))
  (conv_before_upsample): Sequential(
    (0): Conv2d(180, 64, kernel_size=(3, 3), stride=(1, 1), padding=(1, 1))
    (1): LeakyReLU(negative_slope=0.01, inplace=True)
  )
  (upsample): Upsample(
    (0): Conv2d(64, 1600, kernel_size=(3, 3), stride=(1, 1), padding=(1, 1))
    (1): PixelShuffle(upscale_factor=5)
  )
  (conv_last): Conv2d(64, 3, kernel_size=(3, 3), stride=(1, 1), padding=(1, 1))
)
2025-08-21 19:37:26,651 INFO: Use Exponential Moving Average with decay: 0.999
2025-08-21 19:37:27,116 INFO: Network [SwinIR] is created.
2025-08-21 19:37:27,173 INFO: Loss [L1Loss] is created.
2025-08-21 19:37:27,175 INFO: Model [SwinIRModel] is created.
2025-08-21 19:37:27,461 INFO: Start training from epoch: 0, iter: 0
2025-08-21 19:39:37,783 INFO: [train..][epoch:  0, iter:     100, lr:(1.000e-03,)] [eta: 12:28:20, time (data): 1.303 (0.009)] l_pix: 1.3846e-01 
2025-08-21 19:41:52,746 INFO: Validation pre_val
	 # psnr: 12.1749	Best: 12.1749 @ 100 iter

2025-08-21 19:43:41,562 INFO: [train..][epoch:  0, iter:     200, lr:(1.000e-03,)] [eta: 19:39:34, time (data): 1.196 (0.007)] l_pix: 8.9656e-02 
2025-08-21 19:45:42,786 INFO: Validation pre_val
	 # psnr: 11.9170	Best: 12.1749 @ 100 iter

2025-08-21 19:47:31,510 INFO: [train..][epoch:  0, iter:     300, lr:(1.000e-03,)] [eta: 21:31:10, time (data): 1.087 (0.003)] l_pix: 8.0331e-02 
2025-08-21 19:49:32,316 INFO: Validation pre_val
	 # psnr: 12.2270	Best: 12.2270 @ 300 iter

2025-08-21 19:51:22,140 INFO: [train..][epoch:  0, iter:     400, lr:(1.000e-03,)] [eta: 22:26:19, time (data): 1.092 (0.003)] l_pix: 8.3395e-02 
2025-08-21 19:53:22,978 INFO: Validation pre_val
	 # psnr: 12.3516	Best: 12.3516 @ 400 iter

2025-08-21 19:55:14,464 INFO: [train..][epoch:  0, iter:     500, lr:(1.000e-03,)] [eta: 23:00:09, time (data): 1.103 (0.003)] l_pix: 7.4230e-02 
2025-08-21 19:57:15,281 INFO: Validation pre_val
	 # psnr: 12.3797	Best: 12.3797 @ 500 iter

2025-08-21 19:59:05,416 INFO: [train..][epoch:  0, iter:     600, lr:(1.000e-03,)] [eta: 23:19:56, time (data): 1.102 (0.003)] l_pix: 9.5961e-02 
2025-08-21 20:01:06,502 INFO: Validation pre_val
	 # psnr: 12.3929	Best: 12.3929 @ 600 iter

2025-08-21 20:02:59,697 INFO: [train..][epoch:  1, iter:     700, lr:(1.000e-03,)] [eta: 23:36:05, time (data): 1.126 (0.009)] l_pix: 7.5374e-02 
2025-08-21 20:05:00,845 INFO: Validation pre_val
	 # psnr: 12.4112	Best: 12.4112 @ 700 iter

2025-08-21 20:06:55,989 INFO: [train..][epoch:  1, iter:     800, lr:(1.000e-03,)] [eta: 23:48:52, time (data): 1.139 (0.006)] l_pix: 7.4113e-02 
2025-08-21 20:08:57,221 INFO: Validation pre_val
	 # psnr: 12.4295	Best: 12.4295 @ 800 iter

2025-08-21 20:10:52,399 INFO: [train..][epoch:  1, iter:     900, lr:(1.000e-03,)] [eta: 23:58:01, time (data): 1.144 (0.003)] l_pix: 1.6870e-01 
2025-08-21 20:12:53,642 INFO: Validation pre_val
	 # psnr: 12.4443	Best: 12.4443 @ 900 iter

2025-08-21 20:14:48,873 INFO: [train..][epoch:  1, iter:   1,000, lr:(1.000e-03,)] [eta: 1 day, 0:04:36, time (data): 1.148 (0.003)] l_pix: 6.7965e-02 
2025-08-21 20:14:48,874 INFO: Saving models and training states.
2025-08-21 20:16:50,146 INFO: Validation pre_val
	 # psnr: 12.4499	Best: 12.4499 @ 1000 iter

2025-08-21 20:18:44,849 INFO: [train..][epoch:  1, iter:   1,100, lr:(1.000e-03,)] [eta: 1 day, 0:08:59, time (data): 1.148 (0.003)] l_pix: 6.5474e-02 
2025-08-21 20:20:45,934 INFO: Validation pre_val
	 # psnr: 12.4610	Best: 12.4610 @ 1100 iter

2025-08-21 20:22:40,515 INFO: [train..][epoch:  1, iter:   1,200, lr:(1.000e-03,)] [eta: 1 day, 0:11:48, time (data): 1.147 (0.003)] l_pix: 7.8914e-02 
2025-08-21 20:24:41,113 INFO: Validation pre_val
	 # psnr: 12.4722	Best: 12.4722 @ 1200 iter

2025-08-21 20:26:36,066 INFO: [train..][epoch:  2, iter:   1,300, lr:(1.000e-03,)] [eta: 1 day, 0:13:32, time (data): 1.144 (0.009)] l_pix: 8.3198e-02 
2025-08-21 20:28:37,520 INFO: Validation pre_val
	 # psnr: 12.4830	Best: 12.4830 @ 1300 iter

2025-08-21 20:30:33,627 INFO: [train..][epoch:  2, iter:   1,400, lr:(1.000e-03,)] [eta: 1 day, 0:15:23, time (data): 1.153 (0.006)] l_pix: 7.0178e-02 
2025-08-21 20:32:34,882 INFO: Validation pre_val
	 # psnr: 12.4916	Best: 12.4916 @ 1400 iter

2025-08-21 20:34:30,997 INFO: [train..][epoch:  2, iter:   1,500, lr:(1.000e-03,)] [eta: 1 day, 0:16:22, time (data): 1.146 (0.003)] l_pix: 6.5131e-02 
2025-08-21 20:36:36,165 INFO: Validation pre_val
	 # psnr: 12.5021	Best: 12.5021 @ 1500 iter

2025-08-21 20:38:29,652 INFO: [train..][epoch:  2, iter:   1,600, lr:(1.000e-03,)] [eta: 1 day, 0:17:15, time (data): 1.140 (0.003)] l_pix: 6.5080e-02 
2025-08-21 20:40:31,641 INFO: Validation pre_val
	 # psnr: 12.5074	Best: 12.5074 @ 1600 iter

2025-08-21 20:42:25,440 INFO: [train..][epoch:  2, iter:   1,700, lr:(1.000e-03,)] [eta: 1 day, 0:16:29, time (data): 1.137 (0.004)] l_pix: 7.2917e-02 
2025-08-21 20:44:27,387 INFO: Validation pre_val
	 # psnr: 12.5123	Best: 12.5123 @ 1700 iter

2025-08-21 20:46:21,542 INFO: [train..][epoch:  2, iter:   1,800, lr:(1.000e-03,)] [eta: 1 day, 0:15:29, time (data): 1.139 (0.004)] l_pix: 6.4768e-02 
2025-08-21 20:48:23,007 INFO: Validation pre_val
	 # psnr: 12.5231	Best: 12.5231 @ 1800 iter

2025-08-21 20:50:16,441 INFO: [train..][epoch:  2, iter:   1,900, lr:(1.000e-03,)] [eta: 1 day, 0:13:47, time (data): 1.134 (0.004)] l_pix: 6.0370e-02 
2025-08-21 20:52:17,842 INFO: Validation pre_val
	 # psnr: 12.5389	Best: 12.5389 @ 1900 iter

2025-08-21 20:54:12,318 INFO: [train..][epoch:  3, iter:   2,000, lr:(1.000e-03,)] [eta: 1 day, 0:12:09, time (data): 1.140 (0.007)] l_pix: 7.3271e-02 
2025-08-21 20:54:12,319 INFO: Saving models and training states.
2025-08-21 20:56:13,609 INFO: Validation pre_val
	 # psnr: 12.5563	Best: 12.5563 @ 2000 iter

2025-08-21 20:58:08,436 INFO: [train..][epoch:  3, iter:   2,100, lr:(5.000e-04,)] [eta: 1 day, 0:10:23, time (data): 1.146 (0.004)] l_pix: 6.5599e-02 
2025-08-21 21:00:09,515 INFO: Validation pre_val
	 # psnr: 12.5752	Best: 12.5752 @ 2100 iter

2025-08-21 21:02:04,191 INFO: [train..][epoch:  3, iter:   2,200, lr:(5.000e-04,)] [eta: 1 day, 0:08:19, time (data): 1.146 (0.004)] l_pix: 6.2956e-02 
2025-08-21 21:04:05,466 INFO: Validation pre_val
	 # psnr: 12.5975	Best: 12.5975 @ 2200 iter

2025-08-21 21:05:59,530 INFO: [train..][epoch:  3, iter:   2,300, lr:(5.000e-04,)] [eta: 1 day, 0:05:58, time (data): 1.137 (0.003)] l_pix: 6.1263e-02 
2025-08-21 21:08:00,458 INFO: Validation pre_val
	 # psnr: 12.6204	Best: 12.6204 @ 2300 iter

2025-08-21 21:09:54,858 INFO: [train..][epoch:  3, iter:   2,400, lr:(5.000e-04,)] [eta: 1 day, 0:03:29, time (data): 1.141 (0.003)] l_pix: 5.9407e-02 
2025-08-21 21:11:56,178 INFO: Validation pre_val
	 # psnr: 12.6424	Best: 12.6424 @ 2400 iter

2025-08-21 21:13:50,958 INFO: [train..][epoch:  3, iter:   2,500, lr:(5.000e-04,)] [eta: 1 day, 0:01:05, time (data): 1.145 (0.004)] l_pix: 6.4096e-02 
2025-08-21 21:15:53,214 INFO: Validation pre_val
	 # psnr: 12.6634	Best: 12.6634 @ 2500 iter

2025-08-21 21:17:47,727 INFO: [train..][epoch:  4, iter:   2,600, lr:(5.000e-04,)] [eta: 23:58:44, time (data): 1.145 (0.007)] l_pix: 5.8075e-02 
2025-08-21 21:19:49,439 INFO: Validation pre_val
	 # psnr: 12.6828	Best: 12.6828 @ 2600 iter

2025-08-21 21:21:44,999 INFO: [train..][epoch:  4, iter:   2,700, lr:(5.000e-04,)] [eta: 23:56:22, time (data): 1.146 (0.004)] l_pix: 5.8664e-02 
2025-08-21 21:23:46,114 INFO: Validation pre_val
	 # psnr: 12.7012	Best: 12.7012 @ 2700 iter

2025-08-21 21:25:41,135 INFO: [train..][epoch:  4, iter:   2,800, lr:(5.000e-04,)] [eta: 23:53:38, time (data): 1.148 (0.004)] l_pix: 6.0343e-02 
2025-08-21 21:27:42,462 INFO: Validation pre_val
	 # psnr: 12.7201	Best: 12.7201 @ 2800 iter

2025-08-21 21:29:37,059 INFO: [train..][epoch:  4, iter:   2,900, lr:(5.000e-04,)] [eta: 23:50:47, time (data): 1.144 (0.004)] l_pix: 5.8044e-02 
2025-08-21 21:31:37,864 INFO: Validation pre_val
	 # psnr: 12.7391	Best: 12.7391 @ 2900 iter

2025-08-21 21:33:32,843 INFO: [train..][epoch:  4, iter:   3,000, lr:(5.000e-04,)] [eta: 23:47:50, time (data): 1.147 (0.004)] l_pix: 5.5959e-02 
2025-08-21 21:33:32,843 INFO: Saving models and training states.
2025-08-21 21:35:34,125 INFO: Validation pre_val
	 # psnr: 12.7574	Best: 12.7574 @ 3000 iter

2025-08-21 21:37:28,989 INFO: [train..][epoch:  4, iter:   3,100, lr:(5.000e-04,)] [eta: 23:44:53, time (data): 1.149 (0.004)] l_pix: 6.4969e-02 
2025-08-21 21:39:30,901 INFO: Validation pre_val
	 # psnr: 12.7772	Best: 12.7772 @ 3100 iter

2025-08-21 21:41:25,162 INFO: [train..][epoch:  4, iter:   3,200, lr:(5.000e-04,)] [eta: 23:41:52, time (data): 1.145 (0.004)] l_pix: 6.2730e-02 
2025-08-21 21:43:26,315 INFO: Validation pre_val
	 # psnr: 12.7947	Best: 12.7947 @ 3200 iter

2025-08-21 21:45:20,215 INFO: [train..][epoch:  5, iter:   3,300, lr:(5.000e-04,)] [eta: 23:38:36, time (data): 1.139 (0.010)] l_pix: 6.7821e-02 
2025-08-21 21:47:21,436 INFO: Validation pre_val
	 # psnr: 12.8113	Best: 12.8113 @ 3300 iter

2025-08-21 21:49:15,866 INFO: [train..][epoch:  5, iter:   3,400, lr:(5.000e-04,)] [eta: 23:35:24, time (data): 1.142 (0.007)] l_pix: 5.8052e-02 
2025-08-21 21:51:17,174 INFO: Validation pre_val
	 # psnr: 12.8270	Best: 12.8270 @ 3400 iter

2025-08-21 21:53:12,303 INFO: [train..][epoch:  5, iter:   3,500, lr:(5.000e-04,)] [eta: 23:32:18, time (data): 1.144 (0.004)] l_pix: 6.6312e-02 
2025-08-21 21:55:13,284 INFO: Validation pre_val
	 # psnr: 12.8397	Best: 12.8397 @ 3500 iter

2025-08-21 21:57:07,185 INFO: [train..][epoch:  5, iter:   3,600, lr:(5.000e-04,)] [eta: 23:28:54, time (data): 1.141 (0.004)] l_pix: 6.1018e-02 
2025-08-21 21:59:08,542 INFO: Validation pre_val
	 # psnr: 12.8508	Best: 12.8508 @ 3600 iter

2025-08-21 22:01:02,685 INFO: [train..][epoch:  5, iter:   3,700, lr:(5.000e-04,)] [eta: 23:25:33, time (data): 1.140 (0.003)] l_pix: 6.1746e-02 
2025-08-21 22:03:03,753 INFO: Validation pre_val
	 # psnr: 12.8598	Best: 12.8598 @ 3700 iter

2025-08-21 22:04:57,447 INFO: [train..][epoch:  5, iter:   3,800, lr:(5.000e-04,)] [eta: 23:22:04, time (data): 1.138 (0.004)] l_pix: 6.6158e-02 
2025-08-21 22:06:59,090 INFO: Validation pre_val
	 # psnr: 12.8677	Best: 12.8677 @ 3800 iter

2025-08-21 22:08:53,228 INFO: [train..][epoch:  6, iter:   3,900, lr:(5.000e-04,)] [eta: 23:18:43, time (data): 1.138 (0.010)] l_pix: 5.9286e-02 
2025-08-21 22:10:54,314 INFO: Validation pre_val
	 # psnr: 12.8749	Best: 12.8749 @ 3900 iter

2025-08-21 22:12:49,099 INFO: [train..][epoch:  6, iter:   4,000, lr:(5.000e-04,)] [eta: 23:15:21, time (data): 1.143 (0.007)] l_pix: 5.8049e-02 
2025-08-21 22:12:49,099 INFO: Saving models and training states.
2025-08-21 22:14:50,573 INFO: Validation pre_val
	 # psnr: 12.8822	Best: 12.8822 @ 4000 iter

2025-08-21 22:16:44,723 INFO: [train..][epoch:  6, iter:   4,100, lr:(5.000e-04,)] [eta: 23:11:55, time (data): 1.140 (0.004)] l_pix: 7.2209e-02 
2025-08-21 22:18:46,646 INFO: Validation pre_val
	 # psnr: 12.8877	Best: 12.8877 @ 4100 iter

2025-08-21 22:20:42,447 INFO: [train..][epoch:  6, iter:   4,200, lr:(5.000e-04,)] [eta: 23:08:46, time (data): 1.150 (0.004)] l_pix: 5.5416e-02 
2025-08-21 22:22:44,134 INFO: Validation pre_val
	 # psnr: 12.8928	Best: 12.8928 @ 4200 iter

2025-08-21 22:24:40,364 INFO: [train..][epoch:  6, iter:   4,300, lr:(5.000e-04,)] [eta: 23:05:36, time (data): 1.154 (0.004)] l_pix: 5.7508e-02 
2025-08-21 22:26:41,910 INFO: Validation pre_val
	 # psnr: 12.8962	Best: 12.8962 @ 4300 iter

2025-08-21 22:28:36,671 INFO: [train..][epoch:  6, iter:   4,400, lr:(5.000e-04,)] [eta: 23:02:11, time (data): 1.150 (0.004)] l_pix: 5.8117e-02 
2025-08-21 22:30:37,665 INFO: Validation pre_val
	 # psnr: 12.8991	Best: 12.8991 @ 4400 iter

2025-08-21 22:32:32,232 INFO: [train..][epoch:  6, iter:   4,500, lr:(5.000e-04,)] [eta: 22:58:38, time (data): 1.144 (0.004)] l_pix: 6.1823e-02 
2025-08-21 22:34:36,199 INFO: Validation pre_val
	 # psnr: 12.9010	Best: 12.9010 @ 4500 iter

2025-08-21 22:36:30,449 INFO: [train..][epoch:  7, iter:   4,600, lr:(5.000e-04,)] [eta: 22:55:25, time (data): 1.143 (0.007)] l_pix: 6.4795e-02 
2025-08-21 22:38:31,900 INFO: Validation pre_val
	 # psnr: 12.9032	Best: 12.9032 @ 4600 iter

2025-08-21 22:40:25,841 INFO: [train..][epoch:  7, iter:   4,700, lr:(5.000e-04,)] [eta: 22:51:49, time (data): 1.141 (0.004)] l_pix: 6.0160e-02 
2025-08-21 22:42:27,312 INFO: Validation pre_val
	 # psnr: 12.9050	Best: 12.9050 @ 4700 iter

2025-08-21 22:44:21,227 INFO: [train..][epoch:  7, iter:   4,800, lr:(5.000e-04,)] [eta: 22:48:12, time (data): 1.140 (0.004)] l_pix: 5.9427e-02 
2025-08-21 22:46:22,708 INFO: Validation pre_val
	 # psnr: 12.9058	Best: 12.9058 @ 4800 iter

2025-08-21 22:48:15,423 INFO: [train..][epoch:  7, iter:   4,900, lr:(5.000e-04,)] [eta: 22:44:26, time (data): 1.123 (0.003)] l_pix: 6.3936e-02 
2025-08-21 22:50:16,954 INFO: Validation pre_val
	 # psnr: 12.9059	Best: 12.9059 @ 4900 iter

2025-08-21 22:52:10,144 INFO: [train..][epoch:  7, iter:   5,000, lr:(5.000e-04,)] [eta: 22:40:43, time (data): 1.128 (0.003)] l_pix: 6.1187e-02 
2025-08-21 22:52:10,145 INFO: Saving models and training states.
2025-08-21 22:54:11,683 INFO: Validation pre_val
	 # psnr: 12.9062	Best: 12.9062 @ 5000 iter

2025-08-21 22:56:04,472 INFO: [train..][epoch:  7, iter:   5,100, lr:(2.500e-04,)] [eta: 22:36:57, time (data): 1.124 (0.004)] l_pix: 6.4499e-02 
2025-08-21 22:58:05,845 INFO: Validation pre_val
	 # psnr: 12.9056	Best: 12.9062 @ 5000 iter

2025-08-21 22:59:59,723 INFO: [train..][epoch:  8, iter:   5,200, lr:(2.500e-04,)] [eta: 22:33:17, time (data): 1.133 (0.006)] l_pix: 5.8235e-02 
2025-08-21 23:02:00,736 INFO: Validation pre_val
	 # psnr: 12.9043	Best: 12.9062 @ 5000 iter

2025-08-21 23:03:55,823 INFO: [train..][epoch:  8, iter:   5,300, lr:(2.500e-04,)] [eta: 22:29:42, time (data): 1.145 (0.003)] l_pix: 5.6072e-02 
2025-08-21 23:05:56,663 INFO: Validation pre_val
	 # psnr: 12.9041	Best: 12.9062 @ 5000 iter

2025-08-21 23:07:51,414 INFO: [train..][epoch:  8, iter:   5,400, lr:(2.500e-04,)] [eta: 22:26:02, time (data): 1.146 (0.003)] l_pix: 6.0985e-02 
2025-08-21 23:09:52,426 INFO: Validation pre_val
	 # psnr: 12.9031	Best: 12.9062 @ 5000 iter

2025-08-21 23:11:46,677 INFO: [train..][epoch:  8, iter:   5,500, lr:(2.500e-04,)] [eta: 22:22:20, time (data): 1.142 (0.003)] l_pix: 6.4764e-02 
2025-08-21 23:13:47,624 INFO: Validation pre_val
	 # psnr: 12.9021	Best: 12.9062 @ 5000 iter

2025-08-21 23:15:42,538 INFO: [train..][epoch:  8, iter:   5,600, lr:(2.500e-04,)] [eta: 22:18:42, time (data): 1.146 (0.003)] l_pix: 5.7823e-02 
2025-08-21 23:17:43,805 INFO: Validation pre_val
	 # psnr: 12.9012	Best: 12.9062 @ 5000 iter

2025-08-21 23:19:38,250 INFO: [train..][epoch:  8, iter:   5,700, lr:(2.500e-04,)] [eta: 22:15:01, time (data): 1.146 (0.004)] l_pix: 5.6252e-02 
2025-08-21 23:21:39,238 INFO: Validation pre_val
	 # psnr: 12.9003	Best: 12.9062 @ 5000 iter

2025-08-21 23:23:33,404 INFO: [train..][epoch:  8, iter:   5,800, lr:(2.500e-04,)] [eta: 22:11:17, time (data): 1.143 (0.003)] l_pix: 5.9423e-02 
2025-08-21 23:25:34,323 INFO: Validation pre_val
	 # psnr: 12.8992	Best: 12.9062 @ 5000 iter

2025-08-21 23:27:28,512 INFO: [train..][epoch:  9, iter:   5,900, lr:(2.500e-04,)] [eta: 22:07:33, time (data): 1.139 (0.004)] l_pix: 6.9262e-02 
2025-08-21 23:29:29,867 INFO: Validation pre_val
	 # psnr: 12.8993	Best: 12.9062 @ 5000 iter

2025-08-21 23:31:24,309 INFO: [train..][epoch:  9, iter:   6,000, lr:(2.500e-04,)] [eta: 22:03:52, time (data): 1.142 (0.004)] l_pix: 5.7379e-02 
2025-08-21 23:31:24,309 INFO: Saving models and training states.
2025-08-21 23:33:27,142 INFO: Validation pre_val
	 # psnr: 12.8991	Best: 12.9062 @ 5000 iter

2025-08-21 23:35:20,908 INFO: [train..][epoch:  9, iter:   6,100, lr:(2.500e-04,)] [eta: 22:00:15, time (data): 1.138 (0.003)] l_pix: 6.2177e-02 
2025-08-21 23:37:21,890 INFO: Validation pre_val
	 # psnr: 12.8991	Best: 12.9062 @ 5000 iter

2025-08-21 23:39:16,356 INFO: [train..][epoch:  9, iter:   6,200, lr:(2.500e-04,)] [eta: 21:56:30, time (data): 1.142 (0.004)] l_pix: 6.1385e-02 
2025-08-21 23:41:18,081 INFO: Validation pre_val
	 # psnr: 12.8985	Best: 12.9062 @ 5000 iter

2025-08-21 23:43:13,699 INFO: [train..][epoch:  9, iter:   6,300, lr:(2.500e-04,)] [eta: 21:52:56, time (data): 1.147 (0.004)] l_pix: 5.7510e-02 
2025-08-21 23:45:14,402 INFO: Validation pre_val
	 # psnr: 12.8984	Best: 12.9062 @ 5000 iter

2025-08-21 23:47:08,507 INFO: [train..][epoch:  9, iter:   6,400, lr:(2.500e-04,)] [eta: 21:49:08, time (data): 1.143 (0.004)] l_pix: 6.3685e-02 
2025-08-21 23:49:09,450 INFO: Validation pre_val
	 # psnr: 12.8981	Best: 12.9062 @ 5000 iter

2025-08-21 23:51:03,562 INFO: [train..][epoch: 10, iter:   6,500, lr:(2.500e-04,)] [eta: 21:45:21, time (data): 1.140 (0.012)] l_pix: 6.1672e-02 
2025-08-21 23:53:04,578 INFO: Validation pre_val
	 # psnr: 12.8975	Best: 12.9062 @ 5000 iter

2025-08-21 23:54:58,844 INFO: [train..][epoch: 10, iter:   6,600, lr:(2.500e-04,)] [eta: 21:41:34, time (data): 1.141 (0.007)] l_pix: 5.9830e-02 
2025-08-21 23:56:59,734 INFO: Validation pre_val
	 # psnr: 12.8984	Best: 12.9062 @ 5000 iter

2025-08-21 23:58:54,827 INFO: [train..][epoch: 10, iter:   6,700, lr:(2.500e-04,)] [eta: 21:37:51, time (data): 1.142 (0.004)] l_pix: 6.1446e-02 
2025-08-22 00:00:55,997 INFO: Validation pre_val
	 # psnr: 12.8982	Best: 12.9062 @ 5000 iter

2025-08-22 00:02:51,051 INFO: [train..][epoch: 10, iter:   6,800, lr:(2.500e-04,)] [eta: 21:34:09, time (data): 1.147 (0.004)] l_pix: 6.2822e-02 
2025-08-22 00:04:51,833 INFO: Validation pre_val
	 # psnr: 12.8982	Best: 12.9062 @ 5000 iter

2025-08-22 00:06:46,333 INFO: [train..][epoch: 10, iter:   6,900, lr:(2.500e-04,)] [eta: 21:30:22, time (data): 1.143 (0.004)] l_pix: 5.6988e-02 
2025-08-22 00:08:47,125 INFO: Validation pre_val
	 # psnr: 12.8975	Best: 12.9062 @ 5000 iter

2025-08-22 00:10:41,832 INFO: [train..][epoch: 10, iter:   7,000, lr:(2.500e-04,)] [eta: 21:26:35, time (data): 1.146 (0.004)] l_pix: 7.1375e-02 
2025-08-22 00:10:41,840 INFO: Saving models and training states.
2025-08-22 00:12:42,956 INFO: Validation pre_val
	 # psnr: 12.8971	Best: 12.9062 @ 5000 iter

2025-08-22 00:14:37,720 INFO: [train..][epoch: 10, iter:   7,100, lr:(2.500e-04,)] [eta: 21:22:50, time (data): 1.130 (0.004)] l_pix: 5.9218e-02 
2025-08-22 00:16:38,278 INFO: Validation pre_val
	 # psnr: 12.8955	Best: 12.9062 @ 5000 iter

2025-08-22 00:18:33,565 INFO: [train..][epoch: 11, iter:   7,200, lr:(2.500e-04,)] [eta: 21:19:05, time (data): 1.144 (0.007)] l_pix: 6.1060e-02 
2025-08-22 00:20:34,445 INFO: Validation pre_val
	 # psnr: 12.8956	Best: 12.9062 @ 5000 iter

2025-08-22 00:22:29,888 INFO: [train..][epoch: 11, iter:   7,300, lr:(2.500e-04,)] [eta: 21:15:22, time (data): 1.148 (0.004)] l_pix: 6.7340e-02 
2025-08-22 00:24:30,809 INFO: Validation pre_val
	 # psnr: 12.8952	Best: 12.9062 @ 5000 iter

2025-08-22 00:26:25,562 INFO: [train..][epoch: 11, iter:   7,400, lr:(2.500e-04,)] [eta: 21:11:35, time (data): 1.148 (0.004)] l_pix: 6.4015e-02 
2025-08-22 00:28:27,215 INFO: Validation pre_val
	 # psnr: 12.8942	Best: 12.9062 @ 5000 iter

2025-08-22 00:30:22,595 INFO: [train..][epoch: 11, iter:   7,500, lr:(2.500e-04,)] [eta: 21:07:54, time (data): 1.151 (0.004)] l_pix: 6.2244e-02 
2025-08-22 00:32:24,587 INFO: Validation pre_val
	 # psnr: 12.8932	Best: 12.9062 @ 5000 iter

2025-08-22 00:34:19,374 INFO: [train..][epoch: 11, iter:   7,600, lr:(2.500e-04,)] [eta: 21:04:11, time (data): 1.149 (0.004)] l_pix: 6.1110e-02 
2025-08-22 00:36:21,019 INFO: Validation pre_val
	 # psnr: 12.8930	Best: 12.9062 @ 5000 iter

2025-08-22 00:38:16,351 INFO: [train..][epoch: 11, iter:   7,700, lr:(2.500e-04,)] [eta: 21:00:29, time (data): 1.145 (0.004)] l_pix: 6.2148e-02 
2025-08-22 00:40:17,653 INFO: Validation pre_val
	 # psnr: 12.8915	Best: 12.9062 @ 5000 iter

2025-08-22 00:42:11,631 INFO: [train..][epoch: 12, iter:   7,800, lr:(2.500e-04,)] [eta: 20:56:40, time (data): 1.142 (0.007)] l_pix: 5.8047e-02 
2025-08-22 00:44:13,621 INFO: Validation pre_val
	 # psnr: 12.8911	Best: 12.9062 @ 5000 iter

2025-08-22 00:46:07,749 INFO: [train..][epoch: 12, iter:   7,900, lr:(2.500e-04,)] [eta: 20:52:53, time (data): 1.143 (0.004)] l_pix: 6.4961e-02 
2025-08-22 00:48:09,571 INFO: Validation pre_val
	 # psnr: 12.8922	Best: 12.9062 @ 5000 iter

2025-08-22 00:50:03,910 INFO: [train..][epoch: 12, iter:   8,000, lr:(2.500e-04,)] [eta: 20:49:07, time (data): 1.143 (0.004)] l_pix: 5.4663e-02 
2025-08-22 00:50:03,910 INFO: Saving models and training states.
2025-08-22 00:52:06,155 INFO: Validation pre_val
	 # psnr: 12.8923	Best: 12.9062 @ 5000 iter

2025-08-22 00:54:00,129 INFO: [train..][epoch: 12, iter:   8,100, lr:(1.250e-04,)] [eta: 20:45:21, time (data): 1.138 (0.004)] l_pix: 5.7240e-02 
2025-08-22 00:56:02,043 INFO: Validation pre_val
	 # psnr: 12.8920	Best: 12.9062 @ 5000 iter

2025-08-22 00:57:57,844 INFO: [train..][epoch: 12, iter:   8,200, lr:(1.250e-04,)] [eta: 20:41:40, time (data): 1.151 (0.004)] l_pix: 6.2570e-02 
2025-08-22 00:59:59,385 INFO: Validation pre_val
	 # psnr: 12.8913	Best: 12.9062 @ 5000 iter

2025-08-22 01:01:53,085 INFO: [train..][epoch: 12, iter:   8,300, lr:(1.250e-04,)] [eta: 20:37:49, time (data): 1.132 (0.004)] l_pix: 5.8222e-02 
2025-08-22 01:03:54,583 INFO: Validation pre_val
	 # psnr: 12.8913	Best: 12.9062 @ 5000 iter

2025-08-22 01:05:49,058 INFO: [train..][epoch: 13, iter:   8,400, lr:(1.250e-04,)] [eta: 20:34:01, time (data): 1.140 (0.007)] l_pix: 5.7835e-02 
2025-08-22 01:07:50,495 INFO: Validation pre_val
	 # psnr: 12.8904	Best: 12.9062 @ 5000 iter

2025-08-22 01:09:45,602 INFO: [train..][epoch: 13, iter:   8,500, lr:(1.250e-04,)] [eta: 20:30:15, time (data): 1.148 (0.004)] l_pix: 6.3542e-02 
2025-08-22 01:11:46,505 INFO: Validation pre_val
	 # psnr: 12.8915	Best: 12.9062 @ 5000 iter

2025-08-22 01:13:41,168 INFO: [train..][epoch: 13, iter:   8,600, lr:(1.250e-04,)] [eta: 20:26:25, time (data): 1.147 (0.004)] l_pix: 5.9362e-02 
2025-08-22 01:15:42,660 INFO: Validation pre_val
	 # psnr: 12.8923	Best: 12.9062 @ 5000 iter

2025-08-22 01:17:38,330 INFO: [train..][epoch: 13, iter:   8,700, lr:(1.250e-04,)] [eta: 20:22:41, time (data): 1.139 (0.004)] l_pix: 5.9422e-02 
2025-08-22 01:19:40,023 INFO: Validation pre_val
	 # psnr: 12.8924	Best: 12.9062 @ 5000 iter

2025-08-22 01:21:34,158 INFO: [train..][epoch: 13, iter:   8,800, lr:(1.250e-04,)] [eta: 20:18:52, time (data): 1.140 (0.004)] l_pix: 6.0343e-02 
2025-08-22 01:23:34,872 INFO: Validation pre_val
	 # psnr: 12.8926	Best: 12.9062 @ 5000 iter

2025-08-22 01:25:29,794 INFO: [train..][epoch: 13, iter:   8,900, lr:(1.250e-04,)] [eta: 20:15:02, time (data): 1.149 (0.004)] l_pix: 6.0620e-02 
2025-08-22 01:27:30,763 INFO: Validation pre_val
	 # psnr: 12.8933	Best: 12.9062 @ 5000 iter

2025-08-22 01:29:24,608 INFO: [train..][epoch: 13, iter:   9,000, lr:(1.250e-04,)] [eta: 20:11:09, time (data): 1.142 (0.004)] l_pix: 6.1556e-02 
2025-08-22 01:29:24,609 INFO: Saving models and training states.
2025-08-22 01:31:26,586 INFO: Validation pre_val
	 # psnr: 12.8930	Best: 12.9062 @ 5000 iter

2025-08-22 01:33:21,637 INFO: [train..][epoch: 14, iter:   9,100, lr:(1.250e-04,)] [eta: 20:07:23, time (data): 1.152 (0.004)] l_pix: 5.8486e-02 
2025-08-22 01:35:23,214 INFO: Validation pre_val
	 # psnr: 12.8938	Best: 12.9062 @ 5000 iter

2025-08-22 01:37:17,910 INFO: [train..][epoch: 14, iter:   9,200, lr:(1.250e-04,)] [eta: 20:03:35, time (data): 1.149 (0.004)] l_pix: 5.4897e-02 
2025-08-22 01:39:18,867 INFO: Validation pre_val
	 # psnr: 12.8953	Best: 12.9062 @ 5000 iter

2025-08-22 01:41:14,885 INFO: [train..][epoch: 14, iter:   9,300, lr:(1.250e-04,)] [eta: 19:59:48, time (data): 1.151 (0.004)] l_pix: 6.3413e-02 
2025-08-22 01:43:16,164 INFO: Validation pre_val
	 # psnr: 12.8958	Best: 12.9062 @ 5000 iter

2025-08-22 01:45:11,235 INFO: [train..][epoch: 14, iter:   9,400, lr:(1.250e-04,)] [eta: 19:56:00, time (data): 1.151 (0.004)] l_pix: 5.8435e-02 
2025-08-22 01:47:11,880 INFO: Validation pre_val
	 # psnr: 12.8967	Best: 12.9062 @ 5000 iter

2025-08-22 01:49:06,358 INFO: [train..][epoch: 14, iter:   9,500, lr:(1.250e-04,)] [eta: 19:52:07, time (data): 1.142 (0.004)] l_pix: 5.7233e-02 
2025-08-22 01:51:08,076 INFO: Validation pre_val
	 # psnr: 12.8967	Best: 12.9062 @ 5000 iter

2025-08-22 01:53:02,126 INFO: [train..][epoch: 14, iter:   9,600, lr:(1.250e-04,)] [eta: 19:48:17, time (data): 1.141 (0.004)] l_pix: 6.0012e-02 
2025-08-22 01:55:03,762 INFO: Validation pre_val
	 # psnr: 12.8968	Best: 12.9062 @ 5000 iter

2025-08-22 01:56:58,712 INFO: [train..][epoch: 15, iter:   9,700, lr:(1.250e-04,)] [eta: 19:44:29, time (data): 1.142 (0.014)] l_pix: 5.7540e-02 
2025-08-22 01:59:00,364 INFO: Validation pre_val
	 # psnr: 12.8967	Best: 12.9062 @ 5000 iter

2025-08-22 02:00:56,664 INFO: [train..][epoch: 15, iter:   9,800, lr:(1.250e-04,)] [eta: 19:40:44, time (data): 1.156 (0.007)] l_pix: 6.0378e-02 
2025-08-22 02:02:57,611 INFO: Validation pre_val
	 # psnr: 12.8977	Best: 12.9062 @ 5000 iter

2025-08-22 02:04:52,605 INFO: [train..][epoch: 15, iter:   9,900, lr:(1.250e-04,)] [eta: 19:36:54, time (data): 1.140 (0.004)] l_pix: 6.5162e-02 
2025-08-22 02:06:53,798 INFO: Validation pre_val
	 # psnr: 12.8983	Best: 12.9062 @ 5000 iter

2025-08-22 02:08:47,675 INFO: [train..][epoch: 15, iter:  10,000, lr:(1.250e-04,)] [eta: 19:33:01, time (data): 1.139 (0.004)] l_pix: 5.2738e-02 
2025-08-22 02:08:47,677 INFO: Saving models and training states.
2025-08-22 02:08:48,144 WARNING: Save model error: [enforce fail at inline_container.cc:325] . unexpected pos 49466688 vs 49466592, remaining retry times: 2
