2025-07-15 19:21:26,211 INFO: 
                ____                _       _____  ____
               / __ ) ____ _ _____ (_)_____/ ___/ / __ \
              / __  |/ __ `// ___// // ___/\__ \ / /_/ /
             / /_/ // /_/ /(__  )/ // /__ ___/ // _, _/
            /_____/ \__,_//____//_/ \___//____//_/ |_|
     ______                   __   __                 __      __
    / ____/____   ____   ____/ /  / /   __  __ _____ / /__   / /
   / / __ / __ \ / __ \ / __  /  / /   / / / // ___// //_/  / /
  / /_/ // /_/ // /_/ // /_/ /  / /___/ /_/ // /__ / /<    /_/
  \____/ \____/ \____/ \____/  /_____/\____/ \___//_/|_|  (_)
    
Version Information: 
	BasicSR: 1.4.2
	PyTorch: 1.13.1+cu117
	TorchVision: 0.14.1+cu117
2025-07-15 19:21:26,213 INFO: 
  name: train_SwinIR_SRx5_scratch_P48W8_DIV2K_500k_B4G8
  model_type: SwinIRModel
  scale: 5
  num_gpu: 1
  manual_seed: 0
  datasets:[
    train:[
      name: cref_train
      type: PairedImageDataset
      dataroot_gt: /data/groups/g1600002/home/hxiaoyuan2024/super_resolution/data/radar/cref_HR_sub_train
      dataroot_lq: /data/groups/g1600002/home/hxiaoyuan2024/super_resolution/data/radar/cref_LR_sub_train
      meta_info_file: basicsr/data/meta_info/meta_info_cref_train_GT.txt
      filename_tmpl: {}
      io_backend:[
        type: disk
      ]
      gt_size: 320
      use_hflip: True
      use_rot: True
      num_worker_per_gpu: 6
      batch_size_per_gpu: 16
      dataset_enlarge_ratio: 1
      prefetch_mode: None
      phase: train
      scale: 5
    ]
    val:[
      name: cref_val
      type: PairedImageDataset
      dataroot_gt: /data/groups/g1600002/home/hxiaoyuan2024/super_resolution/data/radar/cref_HR_sub_val
      dataroot_lq: /data/groups/g1600002/home/hxiaoyuan2024/super_resolution/data/radar/cref_LR_sub_val
      io_backend:[
        type: disk
      ]
      phase: val
      scale: 5
    ]
  ]
  network_g:[
    type: SwinIR
    upscale: 5
    in_chans: 3
    img_size: 48
    window_size: 8
    img_range: 1.0
    depths: [6, 6, 6, 6, 6, 6]
    embed_dim: 180
    num_heads: [6, 6, 6, 6, 6, 6]
    mlp_ratio: 2
    upsampler: pixelshuffle
    resi_connection: 1conv
  ]
  path:[
    pretrain_network_g: None
    strict_load_g: True
    resume_state: None
    experiments_root: /home/hxiaoyuan2024/projection/super_resolution/BasicSR-master/experiments/train_SwinIR_SRx5_scratch_P48W8_DIV2K_500k_B4G8
    models: /home/hxiaoyuan2024/projection/super_resolution/BasicSR-master/experiments/train_SwinIR_SRx5_scratch_P48W8_DIV2K_500k_B4G8/models
    training_states: /home/hxiaoyuan2024/projection/super_resolution/BasicSR-master/experiments/train_SwinIR_SRx5_scratch_P48W8_DIV2K_500k_B4G8/training_states
    log: /home/hxiaoyuan2024/projection/super_resolution/BasicSR-master/experiments/train_SwinIR_SRx5_scratch_P48W8_DIV2K_500k_B4G8
    visualization: /home/hxiaoyuan2024/projection/super_resolution/BasicSR-master/experiments/train_SwinIR_SRx5_scratch_P48W8_DIV2K_500k_B4G8/visualization
  ]
  train:[
    ema_decay: 0.999
    optim_g:[
      type: Adam
      lr: 0.0004
      weight_decay: 0
      betas: [0.9, 0.99]
    ]
    scheduler:[
      type: MultiStepLR
      milestones: [10000, 40000, 60000, 75000]
      gamma: 0.5
    ]
    total_iter: 80000
    warmup_iter: -1
    pixel_opt:[
      type: L1Loss
      loss_weight: 1.0
      reduction: mean
    ]
  ]
  val:[
    val_freq: 5000.0
    save_img: False
    metrics:[
      psnr:[
        type: calculate_psnr
        crop_border: 4
        test_y_channel: False
      ]
    ]
  ]
  logger:[
    print_freq: 100
    save_checkpoint_freq: 5000.0
    use_tb_logger: True
    wandb:[
      project: None
      resume_id: None
    ]
  ]
  dist_params:[
    backend: nccl
    port: 29500
  ]
  dist: False
  rank: 0
  world_size: 1
  auto_resume: False
  is_train: True
  root_path: /home/hxiaoyuan2024/projection/super_resolution/BasicSR-master

2025-07-15 19:21:26,817 INFO: Dataset [PairedImageDataset] - cref_train is built.
2025-07-15 19:21:26,818 INFO: Training statistics:
	Number of train images: 64346
	Dataset enlarge ratio: 1
	Batch size per gpu: 16
	World size (gpu number): 1
	Require iter number per epoch: 4022
	Total epochs: 20; iters: 80000.
2025-07-15 19:21:27,089 INFO: Dataset [PairedImageDataset] - cref_val is built.
2025-07-15 19:21:27,089 INFO: Number of val images/folders in cref_val: 7162
2025-07-15 19:21:27,557 INFO: Network [SwinIR] is created.
2025-07-15 19:21:28,611 INFO: Network: SwinIR, with parameters: 12,527,975
2025-07-15 19:21:28,611 INFO: SwinIR(
  (conv_first): Conv2d(3, 180, kernel_size=(3, 3), stride=(1, 1), padding=(1, 1))
  (patch_embed): PatchEmbed(
    (norm): LayerNorm((180,), eps=1e-05, elementwise_affine=True)
  )
  (patch_unembed): PatchUnEmbed()
  (pos_drop): Dropout(p=0.0, inplace=False)
  (layers): ModuleList(
    (0): RSTB(
      (residual_group): BasicLayer(
        dim=180, input_resolution=(48, 48), depth=6
        (blocks): ModuleList(
          (0): SwinTransformerBlock(
            dim=180, input_resolution=(48, 48), num_heads=6, window_size=8, shift_size=0, mlp_ratio=2
            (norm1): LayerNorm((180,), eps=1e-05, elementwise_affine=True)
            (attn): WindowAttention(
              dim=180, window_size=(8, 8), num_heads=6
              (qkv): Linear(in_features=180, out_features=540, bias=True)
              (attn_drop): Dropout(p=0.0, inplace=False)
              (proj): Linear(in_features=180, out_features=180, bias=True)
              (proj_drop): Dropout(p=0.0, inplace=False)
              (softmax): Softmax(dim=-1)
            )
            (drop_path): Identity()
            (norm2): LayerNorm((180,), eps=1e-05, elementwise_affine=True)
            (mlp): Mlp(
              (fc1): Linear(in_features=180, out_features=360, bias=True)
              (act): GELU(approximate='none')
              (fc2): Linear(in_features=360, out_features=180, bias=True)
              (drop): Dropout(p=0.0, inplace=False)
            )
          )
          (1): SwinTransformerBlock(
            dim=180, input_resolution=(48, 48), num_heads=6, window_size=8, shift_size=4, mlp_ratio=2
            (norm1): LayerNorm((180,), eps=1e-05, elementwise_affine=True)
            (attn): WindowAttention(
              dim=180, window_size=(8, 8), num_heads=6
              (qkv): Linear(in_features=180, out_features=540, bias=True)
              (attn_drop): Dropout(p=0.0, inplace=False)
              (proj): Linear(in_features=180, out_features=180, bias=True)
              (proj_drop): Dropout(p=0.0, inplace=False)
              (softmax): Softmax(dim=-1)
            )
            (drop_path): DropPath()
            (norm2): LayerNorm((180,), eps=1e-05, elementwise_affine=True)
            (mlp): Mlp(
              (fc1): Linear(in_features=180, out_features=360, bias=True)
              (act): GELU(approximate='none')
              (fc2): Linear(in_features=360, out_features=180, bias=True)
              (drop): Dropout(p=0.0, inplace=False)
            )
          )
          (2): SwinTransformerBlock(
            dim=180, input_resolution=(48, 48), num_heads=6, window_size=8, shift_size=0, mlp_ratio=2
            (norm1): LayerNorm((180,), eps=1e-05, elementwise_affine=True)
            (attn): WindowAttention(
              dim=180, window_size=(8, 8), num_heads=6
              (qkv): Linear(in_features=180, out_features=540, bias=True)
              (attn_drop): Dropout(p=0.0, inplace=False)
              (proj): Linear(in_features=180, out_features=180, bias=True)
              (proj_drop): Dropout(p=0.0, inplace=False)
              (softmax): Softmax(dim=-1)
            )
            (drop_path): DropPath()
            (norm2): LayerNorm((180,), eps=1e-05, elementwise_affine=True)
            (mlp): Mlp(
              (fc1): Linear(in_features=180, out_features=360, bias=True)
              (act): GELU(approximate='none')
              (fc2): Linear(in_features=360, out_features=180, bias=True)
              (drop): Dropout(p=0.0, inplace=False)
            )
          )
          (3): SwinTransformerBlock(
            dim=180, input_resolution=(48, 48), num_heads=6, window_size=8, shift_size=4, mlp_ratio=2
            (norm1): LayerNorm((180,), eps=1e-05, elementwise_affine=True)
            (attn): WindowAttention(
              dim=180, window_size=(8, 8), num_heads=6
              (qkv): Linear(in_features=180, out_features=540, bias=True)
              (attn_drop): Dropout(p=0.0, inplace=False)
              (proj): Linear(in_features=180, out_features=180, bias=True)
              (proj_drop): Dropout(p=0.0, inplace=False)
              (softmax): Softmax(dim=-1)
            )
            (drop_path): DropPath()
            (norm2): LayerNorm((180,), eps=1e-05, elementwise_affine=True)
            (mlp): Mlp(
              (fc1): Linear(in_features=180, out_features=360, bias=True)
              (act): GELU(approximate='none')
              (fc2): Linear(in_features=360, out_features=180, bias=True)
              (drop): Dropout(p=0.0, inplace=False)
            )
          )
          (4): SwinTransformerBlock(
            dim=180, input_resolution=(48, 48), num_heads=6, window_size=8, shift_size=0, mlp_ratio=2
            (norm1): LayerNorm((180,), eps=1e-05, elementwise_affine=True)
            (attn): WindowAttention(
              dim=180, window_size=(8, 8), num_heads=6
              (qkv): Linear(in_features=180, out_features=540, bias=True)
              (attn_drop): Dropout(p=0.0, inplace=False)
              (proj): Linear(in_features=180, out_features=180, bias=True)
              (proj_drop): Dropout(p=0.0, inplace=False)
              (softmax): Softmax(dim=-1)
            )
            (drop_path): DropPath()
            (norm2): LayerNorm((180,), eps=1e-05, elementwise_affine=True)
            (mlp): Mlp(
              (fc1): Linear(in_features=180, out_features=360, bias=True)
              (act): GELU(approximate='none')
              (fc2): Linear(in_features=360, out_features=180, bias=True)
              (drop): Dropout(p=0.0, inplace=False)
            )
          )
          (5): SwinTransformerBlock(
            dim=180, input_resolution=(48, 48), num_heads=6, window_size=8, shift_size=4, mlp_ratio=2
            (norm1): LayerNorm((180,), eps=1e-05, elementwise_affine=True)
            (attn): WindowAttention(
              dim=180, window_size=(8, 8), num_heads=6
              (qkv): Linear(in_features=180, out_features=540, bias=True)
              (attn_drop): Dropout(p=0.0, inplace=False)
              (proj): Linear(in_features=180, out_features=180, bias=True)
              (proj_drop): Dropout(p=0.0, inplace=False)
              (softmax): Softmax(dim=-1)
            )
            (drop_path): DropPath()
            (norm2): LayerNorm((180,), eps=1e-05, elementwise_affine=True)
            (mlp): Mlp(
              (fc1): Linear(in_features=180, out_features=360, bias=True)
              (act): GELU(approximate='none')
              (fc2): Linear(in_features=360, out_features=180, bias=True)
              (drop): Dropout(p=0.0, inplace=False)
            )
          )
        )
      )
      (conv): Conv2d(180, 180, kernel_size=(3, 3), stride=(1, 1), padding=(1, 1))
      (patch_embed): PatchEmbed()
      (patch_unembed): PatchUnEmbed()
    )
    (1): RSTB(
      (residual_group): BasicLayer(
        dim=180, input_resolution=(48, 48), depth=6
        (blocks): ModuleList(
          (0): SwinTransformerBlock(
            dim=180, input_resolution=(48, 48), num_heads=6, window_size=8, shift_size=0, mlp_ratio=2
            (norm1): LayerNorm((180,), eps=1e-05, elementwise_affine=True)
            (attn): WindowAttention(
              dim=180, window_size=(8, 8), num_heads=6
              (qkv): Linear(in_features=180, out_features=540, bias=True)
              (attn_drop): Dropout(p=0.0, inplace=False)
              (proj): Linear(in_features=180, out_features=180, bias=True)
              (proj_drop): Dropout(p=0.0, inplace=False)
              (softmax): Softmax(dim=-1)
            )
            (drop_path): DropPath()
            (norm2): LayerNorm((180,), eps=1e-05, elementwise_affine=True)
            (mlp): Mlp(
              (fc1): Linear(in_features=180, out_features=360, bias=True)
              (act): GELU(approximate='none')
              (fc2): Linear(in_features=360, out_features=180, bias=True)
              (drop): Dropout(p=0.0, inplace=False)
            )
          )
          (1): SwinTransformerBlock(
            dim=180, input_resolution=(48, 48), num_heads=6, window_size=8, shift_size=4, mlp_ratio=2
            (norm1): LayerNorm((180,), eps=1e-05, elementwise_affine=True)
            (attn): WindowAttention(
              dim=180, window_size=(8, 8), num_heads=6
              (qkv): Linear(in_features=180, out_features=540, bias=True)
              (attn_drop): Dropout(p=0.0, inplace=False)
              (proj): Linear(in_features=180, out_features=180, bias=True)
              (proj_drop): Dropout(p=0.0, inplace=False)
              (softmax): Softmax(dim=-1)
            )
            (drop_path): DropPath()
            (norm2): LayerNorm((180,), eps=1e-05, elementwise_affine=True)
            (mlp): Mlp(
              (fc1): Linear(in_features=180, out_features=360, bias=True)
              (act): GELU(approximate='none')
              (fc2): Linear(in_features=360, out_features=180, bias=True)
              (drop): Dropout(p=0.0, inplace=False)
            )
          )
          (2): SwinTransformerBlock(
            dim=180, input_resolution=(48, 48), num_heads=6, window_size=8, shift_size=0, mlp_ratio=2
            (norm1): LayerNorm((180,), eps=1e-05, elementwise_affine=True)
            (attn): WindowAttention(
              dim=180, window_size=(8, 8), num_heads=6
              (qkv): Linear(in_features=180, out_features=540, bias=True)
              (attn_drop): Dropout(p=0.0, inplace=False)
              (proj): Linear(in_features=180, out_features=180, bias=True)
              (proj_drop): Dropout(p=0.0, inplace=False)
              (softmax): Softmax(dim=-1)
            )
            (drop_path): DropPath()
            (norm2): LayerNorm((180,), eps=1e-05, elementwise_affine=True)
            (mlp): Mlp(
              (fc1): Linear(in_features=180, out_features=360, bias=True)
              (act): GELU(approximate='none')
              (fc2): Linear(in_features=360, out_features=180, bias=True)
              (drop): Dropout(p=0.0, inplace=False)
            )
          )
          (3): SwinTransformerBlock(
            dim=180, input_resolution=(48, 48), num_heads=6, window_size=8, shift_size=4, mlp_ratio=2
            (norm1): LayerNorm((180,), eps=1e-05, elementwise_affine=True)
            (attn): WindowAttention(
              dim=180, window_size=(8, 8), num_heads=6
              (qkv): Linear(in_features=180, out_features=540, bias=True)
              (attn_drop): Dropout(p=0.0, inplace=False)
              (proj): Linear(in_features=180, out_features=180, bias=True)
              (proj_drop): Dropout(p=0.0, inplace=False)
              (softmax): Softmax(dim=-1)
            )
            (drop_path): DropPath()
            (norm2): LayerNorm((180,), eps=1e-05, elementwise_affine=True)
            (mlp): Mlp(
              (fc1): Linear(in_features=180, out_features=360, bias=True)
              (act): GELU(approximate='none')
              (fc2): Linear(in_features=360, out_features=180, bias=True)
              (drop): Dropout(p=0.0, inplace=False)
            )
          )
          (4): SwinTransformerBlock(
            dim=180, input_resolution=(48, 48), num_heads=6, window_size=8, shift_size=0, mlp_ratio=2
            (norm1): LayerNorm((180,), eps=1e-05, elementwise_affine=True)
            (attn): WindowAttention(
              dim=180, window_size=(8, 8), num_heads=6
              (qkv): Linear(in_features=180, out_features=540, bias=True)
              (attn_drop): Dropout(p=0.0, inplace=False)
              (proj): Linear(in_features=180, out_features=180, bias=True)
              (proj_drop): Dropout(p=0.0, inplace=False)
              (softmax): Softmax(dim=-1)
            )
            (drop_path): DropPath()
            (norm2): LayerNorm((180,), eps=1e-05, elementwise_affine=True)
            (mlp): Mlp(
              (fc1): Linear(in_features=180, out_features=360, bias=True)
              (act): GELU(approximate='none')
              (fc2): Linear(in_features=360, out_features=180, bias=True)
              (drop): Dropout(p=0.0, inplace=False)
            )
          )
          (5): SwinTransformerBlock(
            dim=180, input_resolution=(48, 48), num_heads=6, window_size=8, shift_size=4, mlp_ratio=2
            (norm1): LayerNorm((180,), eps=1e-05, elementwise_affine=True)
            (attn): WindowAttention(
              dim=180, window_size=(8, 8), num_heads=6
              (qkv): Linear(in_features=180, out_features=540, bias=True)
              (attn_drop): Dropout(p=0.0, inplace=False)
              (proj): Linear(in_features=180, out_features=180, bias=True)
              (proj_drop): Dropout(p=0.0, inplace=False)
              (softmax): Softmax(dim=-1)
            )
            (drop_path): DropPath()
            (norm2): LayerNorm((180,), eps=1e-05, elementwise_affine=True)
            (mlp): Mlp(
              (fc1): Linear(in_features=180, out_features=360, bias=True)
              (act): GELU(approximate='none')
              (fc2): Linear(in_features=360, out_features=180, bias=True)
              (drop): Dropout(p=0.0, inplace=False)
            )
          )
        )
      )
      (conv): Conv2d(180, 180, kernel_size=(3, 3), stride=(1, 1), padding=(1, 1))
      (patch_embed): PatchEmbed()
      (patch_unembed): PatchUnEmbed()
    )
    (2): RSTB(
      (residual_group): BasicLayer(
        dim=180, input_resolution=(48, 48), depth=6
        (blocks): ModuleList(
          (0): SwinTransformerBlock(
            dim=180, input_resolution=(48, 48), num_heads=6, window_size=8, shift_size=0, mlp_ratio=2
            (norm1): LayerNorm((180,), eps=1e-05, elementwise_affine=True)
            (attn): WindowAttention(
              dim=180, window_size=(8, 8), num_heads=6
              (qkv): Linear(in_features=180, out_features=540, bias=True)
              (attn_drop): Dropout(p=0.0, inplace=False)
              (proj): Linear(in_features=180, out_features=180, bias=True)
              (proj_drop): Dropout(p=0.0, inplace=False)
              (softmax): Softmax(dim=-1)
            )
            (drop_path): DropPath()
            (norm2): LayerNorm((180,), eps=1e-05, elementwise_affine=True)
            (mlp): Mlp(
              (fc1): Linear(in_features=180, out_features=360, bias=True)
              (act): GELU(approximate='none')
              (fc2): Linear(in_features=360, out_features=180, bias=True)
              (drop): Dropout(p=0.0, inplace=False)
            )
          )
          (1): SwinTransformerBlock(
            dim=180, input_resolution=(48, 48), num_heads=6, window_size=8, shift_size=4, mlp_ratio=2
            (norm1): LayerNorm((180,), eps=1e-05, elementwise_affine=True)
            (attn): WindowAttention(
              dim=180, window_size=(8, 8), num_heads=6
              (qkv): Linear(in_features=180, out_features=540, bias=True)
              (attn_drop): Dropout(p=0.0, inplace=False)
              (proj): Linear(in_features=180, out_features=180, bias=True)
              (proj_drop): Dropout(p=0.0, inplace=False)
              (softmax): Softmax(dim=-1)
            )
            (drop_path): DropPath()
            (norm2): LayerNorm((180,), eps=1e-05, elementwise_affine=True)
            (mlp): Mlp(
              (fc1): Linear(in_features=180, out_features=360, bias=True)
              (act): GELU(approximate='none')
              (fc2): Linear(in_features=360, out_features=180, bias=True)
              (drop): Dropout(p=0.0, inplace=False)
            )
          )
          (2): SwinTransformerBlock(
            dim=180, input_resolution=(48, 48), num_heads=6, window_size=8, shift_size=0, mlp_ratio=2
            (norm1): LayerNorm((180,), eps=1e-05, elementwise_affine=True)
            (attn): WindowAttention(
              dim=180, window_size=(8, 8), num_heads=6
              (qkv): Linear(in_features=180, out_features=540, bias=True)
              (attn_drop): Dropout(p=0.0, inplace=False)
              (proj): Linear(in_features=180, out_features=180, bias=True)
              (proj_drop): Dropout(p=0.0, inplace=False)
              (softmax): Softmax(dim=-1)
            )
            (drop_path): DropPath()
            (norm2): LayerNorm((180,), eps=1e-05, elementwise_affine=True)
            (mlp): Mlp(
              (fc1): Linear(in_features=180, out_features=360, bias=True)
              (act): GELU(approximate='none')
              (fc2): Linear(in_features=360, out_features=180, bias=True)
              (drop): Dropout(p=0.0, inplace=False)
            )
          )
          (3): SwinTransformerBlock(
            dim=180, input_resolution=(48, 48), num_heads=6, window_size=8, shift_size=4, mlp_ratio=2
            (norm1): LayerNorm((180,), eps=1e-05, elementwise_affine=True)
            (attn): WindowAttention(
              dim=180, window_size=(8, 8), num_heads=6
              (qkv): Linear(in_features=180, out_features=540, bias=True)
              (attn_drop): Dropout(p=0.0, inplace=False)
              (proj): Linear(in_features=180, out_features=180, bias=True)
              (proj_drop): Dropout(p=0.0, inplace=False)
              (softmax): Softmax(dim=-1)
            )
            (drop_path): DropPath()
            (norm2): LayerNorm((180,), eps=1e-05, elementwise_affine=True)
            (mlp): Mlp(
              (fc1): Linear(in_features=180, out_features=360, bias=True)
              (act): GELU(approximate='none')
              (fc2): Linear(in_features=360, out_features=180, bias=True)
              (drop): Dropout(p=0.0, inplace=False)
            )
          )
          (4): SwinTransformerBlock(
            dim=180, input_resolution=(48, 48), num_heads=6, window_size=8, shift_size=0, mlp_ratio=2
            (norm1): LayerNorm((180,), eps=1e-05, elementwise_affine=True)
            (attn): WindowAttention(
              dim=180, window_size=(8, 8), num_heads=6
              (qkv): Linear(in_features=180, out_features=540, bias=True)
              (attn_drop): Dropout(p=0.0, inplace=False)
              (proj): Linear(in_features=180, out_features=180, bias=True)
              (proj_drop): Dropout(p=0.0, inplace=False)
              (softmax): Softmax(dim=-1)
            )
            (drop_path): DropPath()
            (norm2): LayerNorm((180,), eps=1e-05, elementwise_affine=True)
            (mlp): Mlp(
              (fc1): Linear(in_features=180, out_features=360, bias=True)
              (act): GELU(approximate='none')
              (fc2): Linear(in_features=360, out_features=180, bias=True)
              (drop): Dropout(p=0.0, inplace=False)
            )
          )
          (5): SwinTransformerBlock(
            dim=180, input_resolution=(48, 48), num_heads=6, window_size=8, shift_size=4, mlp_ratio=2
            (norm1): LayerNorm((180,), eps=1e-05, elementwise_affine=True)
            (attn): WindowAttention(
              dim=180, window_size=(8, 8), num_heads=6
              (qkv): Linear(in_features=180, out_features=540, bias=True)
              (attn_drop): Dropout(p=0.0, inplace=False)
              (proj): Linear(in_features=180, out_features=180, bias=True)
              (proj_drop): Dropout(p=0.0, inplace=False)
              (softmax): Softmax(dim=-1)
            )
            (drop_path): DropPath()
            (norm2): LayerNorm((180,), eps=1e-05, elementwise_affine=True)
            (mlp): Mlp(
              (fc1): Linear(in_features=180, out_features=360, bias=True)
              (act): GELU(approximate='none')
              (fc2): Linear(in_features=360, out_features=180, bias=True)
              (drop): Dropout(p=0.0, inplace=False)
            )
          )
        )
      )
      (conv): Conv2d(180, 180, kernel_size=(3, 3), stride=(1, 1), padding=(1, 1))
      (patch_embed): PatchEmbed()
      (patch_unembed): PatchUnEmbed()
    )
    (3): RSTB(
      (residual_group): BasicLayer(
        dim=180, input_resolution=(48, 48), depth=6
        (blocks): ModuleList(
          (0): SwinTransformerBlock(
            dim=180, input_resolution=(48, 48), num_heads=6, window_size=8, shift_size=0, mlp_ratio=2
            (norm1): LayerNorm((180,), eps=1e-05, elementwise_affine=True)
            (attn): WindowAttention(
              dim=180, window_size=(8, 8), num_heads=6
              (qkv): Linear(in_features=180, out_features=540, bias=True)
              (attn_drop): Dropout(p=0.0, inplace=False)
              (proj): Linear(in_features=180, out_features=180, bias=True)
              (proj_drop): Dropout(p=0.0, inplace=False)
              (softmax): Softmax(dim=-1)
            )
            (drop_path): DropPath()
            (norm2): LayerNorm((180,), eps=1e-05, elementwise_affine=True)
            (mlp): Mlp(
              (fc1): Linear(in_features=180, out_features=360, bias=True)
              (act): GELU(approximate='none')
              (fc2): Linear(in_features=360, out_features=180, bias=True)
              (drop): Dropout(p=0.0, inplace=False)
            )
          )
          (1): SwinTransformerBlock(
            dim=180, input_resolution=(48, 48), num_heads=6, window_size=8, shift_size=4, mlp_ratio=2
            (norm1): LayerNorm((180,), eps=1e-05, elementwise_affine=True)
            (attn): WindowAttention(
              dim=180, window_size=(8, 8), num_heads=6
              (qkv): Linear(in_features=180, out_features=540, bias=True)
              (attn_drop): Dropout(p=0.0, inplace=False)
              (proj): Linear(in_features=180, out_features=180, bias=True)
              (proj_drop): Dropout(p=0.0, inplace=False)
              (softmax): Softmax(dim=-1)
            )
            (drop_path): DropPath()
            (norm2): LayerNorm((180,), eps=1e-05, elementwise_affine=True)
            (mlp): Mlp(
              (fc1): Linear(in_features=180, out_features=360, bias=True)
              (act): GELU(approximate='none')
              (fc2): Linear(in_features=360, out_features=180, bias=True)
              (drop): Dropout(p=0.0, inplace=False)
            )
          )
          (2): SwinTransformerBlock(
            dim=180, input_resolution=(48, 48), num_heads=6, window_size=8, shift_size=0, mlp_ratio=2
            (norm1): LayerNorm((180,), eps=1e-05, elementwise_affine=True)
            (attn): WindowAttention(
              dim=180, window_size=(8, 8), num_heads=6
              (qkv): Linear(in_features=180, out_features=540, bias=True)
              (attn_drop): Dropout(p=0.0, inplace=False)
              (proj): Linear(in_features=180, out_features=180, bias=True)
              (proj_drop): Dropout(p=0.0, inplace=False)
              (softmax): Softmax(dim=-1)
            )
            (drop_path): DropPath()
            (norm2): LayerNorm((180,), eps=1e-05, elementwise_affine=True)
            (mlp): Mlp(
              (fc1): Linear(in_features=180, out_features=360, bias=True)
              (act): GELU(approximate='none')
              (fc2): Linear(in_features=360, out_features=180, bias=True)
              (drop): Dropout(p=0.0, inplace=False)
            )
          )
          (3): SwinTransformerBlock(
            dim=180, input_resolution=(48, 48), num_heads=6, window_size=8, shift_size=4, mlp_ratio=2
            (norm1): LayerNorm((180,), eps=1e-05, elementwise_affine=True)
            (attn): WindowAttention(
              dim=180, window_size=(8, 8), num_heads=6
              (qkv): Linear(in_features=180, out_features=540, bias=True)
              (attn_drop): Dropout(p=0.0, inplace=False)
              (proj): Linear(in_features=180, out_features=180, bias=True)
              (proj_drop): Dropout(p=0.0, inplace=False)
              (softmax): Softmax(dim=-1)
            )
            (drop_path): DropPath()
            (norm2): LayerNorm((180,), eps=1e-05, elementwise_affine=True)
            (mlp): Mlp(
              (fc1): Linear(in_features=180, out_features=360, bias=True)
              (act): GELU(approximate='none')
              (fc2): Linear(in_features=360, out_features=180, bias=True)
              (drop): Dropout(p=0.0, inplace=False)
            )
          )
          (4): SwinTransformerBlock(
            dim=180, input_resolution=(48, 48), num_heads=6, window_size=8, shift_size=0, mlp_ratio=2
            (norm1): LayerNorm((180,), eps=1e-05, elementwise_affine=True)
            (attn): WindowAttention(
              dim=180, window_size=(8, 8), num_heads=6
              (qkv): Linear(in_features=180, out_features=540, bias=True)
              (attn_drop): Dropout(p=0.0, inplace=False)
              (proj): Linear(in_features=180, out_features=180, bias=True)
              (proj_drop): Dropout(p=0.0, inplace=False)
              (softmax): Softmax(dim=-1)
            )
            (drop_path): DropPath()
            (norm2): LayerNorm((180,), eps=1e-05, elementwise_affine=True)
            (mlp): Mlp(
              (fc1): Linear(in_features=180, out_features=360, bias=True)
              (act): GELU(approximate='none')
              (fc2): Linear(in_features=360, out_features=180, bias=True)
              (drop): Dropout(p=0.0, inplace=False)
            )
          )
          (5): SwinTransformerBlock(
            dim=180, input_resolution=(48, 48), num_heads=6, window_size=8, shift_size=4, mlp_ratio=2
            (norm1): LayerNorm((180,), eps=1e-05, elementwise_affine=True)
            (attn): WindowAttention(
              dim=180, window_size=(8, 8), num_heads=6
              (qkv): Linear(in_features=180, out_features=540, bias=True)
              (attn_drop): Dropout(p=0.0, inplace=False)
              (proj): Linear(in_features=180, out_features=180, bias=True)
              (proj_drop): Dropout(p=0.0, inplace=False)
              (softmax): Softmax(dim=-1)
            )
            (drop_path): DropPath()
            (norm2): LayerNorm((180,), eps=1e-05, elementwise_affine=True)
            (mlp): Mlp(
              (fc1): Linear(in_features=180, out_features=360, bias=True)
              (act): GELU(approximate='none')
              (fc2): Linear(in_features=360, out_features=180, bias=True)
              (drop): Dropout(p=0.0, inplace=False)
            )
          )
        )
      )
      (conv): Conv2d(180, 180, kernel_size=(3, 3), stride=(1, 1), padding=(1, 1))
      (patch_embed): PatchEmbed()
      (patch_unembed): PatchUnEmbed()
    )
    (4): RSTB(
      (residual_group): BasicLayer(
        dim=180, input_resolution=(48, 48), depth=6
        (blocks): ModuleList(
          (0): SwinTransformerBlock(
            dim=180, input_resolution=(48, 48), num_heads=6, window_size=8, shift_size=0, mlp_ratio=2
            (norm1): LayerNorm((180,), eps=1e-05, elementwise_affine=True)
            (attn): WindowAttention(
              dim=180, window_size=(8, 8), num_heads=6
              (qkv): Linear(in_features=180, out_features=540, bias=True)
              (attn_drop): Dropout(p=0.0, inplace=False)
              (proj): Linear(in_features=180, out_features=180, bias=True)
              (proj_drop): Dropout(p=0.0, inplace=False)
              (softmax): Softmax(dim=-1)
            )
            (drop_path): DropPath()
            (norm2): LayerNorm((180,), eps=1e-05, elementwise_affine=True)
            (mlp): Mlp(
              (fc1): Linear(in_features=180, out_features=360, bias=True)
              (act): GELU(approximate='none')
              (fc2): Linear(in_features=360, out_features=180, bias=True)
              (drop): Dropout(p=0.0, inplace=False)
            )
          )
          (1): SwinTransformerBlock(
            dim=180, input_resolution=(48, 48), num_heads=6, window_size=8, shift_size=4, mlp_ratio=2
            (norm1): LayerNorm((180,), eps=1e-05, elementwise_affine=True)
            (attn): WindowAttention(
              dim=180, window_size=(8, 8), num_heads=6
              (qkv): Linear(in_features=180, out_features=540, bias=True)
              (attn_drop): Dropout(p=0.0, inplace=False)
              (proj): Linear(in_features=180, out_features=180, bias=True)
              (proj_drop): Dropout(p=0.0, inplace=False)
              (softmax): Softmax(dim=-1)
            )
            (drop_path): DropPath()
            (norm2): LayerNorm((180,), eps=1e-05, elementwise_affine=True)
            (mlp): Mlp(
              (fc1): Linear(in_features=180, out_features=360, bias=True)
              (act): GELU(approximate='none')
              (fc2): Linear(in_features=360, out_features=180, bias=True)
              (drop): Dropout(p=0.0, inplace=False)
            )
          )
          (2): SwinTransformerBlock(
            dim=180, input_resolution=(48, 48), num_heads=6, window_size=8, shift_size=0, mlp_ratio=2
            (norm1): LayerNorm((180,), eps=1e-05, elementwise_affine=True)
            (attn): WindowAttention(
              dim=180, window_size=(8, 8), num_heads=6
              (qkv): Linear(in_features=180, out_features=540, bias=True)
              (attn_drop): Dropout(p=0.0, inplace=False)
              (proj): Linear(in_features=180, out_features=180, bias=True)
              (proj_drop): Dropout(p=0.0, inplace=False)
              (softmax): Softmax(dim=-1)
            )
            (drop_path): DropPath()
            (norm2): LayerNorm((180,), eps=1e-05, elementwise_affine=True)
            (mlp): Mlp(
              (fc1): Linear(in_features=180, out_features=360, bias=True)
              (act): GELU(approximate='none')
              (fc2): Linear(in_features=360, out_features=180, bias=True)
              (drop): Dropout(p=0.0, inplace=False)
            )
          )
          (3): SwinTransformerBlock(
            dim=180, input_resolution=(48, 48), num_heads=6, window_size=8, shift_size=4, mlp_ratio=2
            (norm1): LayerNorm((180,), eps=1e-05, elementwise_affine=True)
            (attn): WindowAttention(
              dim=180, window_size=(8, 8), num_heads=6
              (qkv): Linear(in_features=180, out_features=540, bias=True)
              (attn_drop): Dropout(p=0.0, inplace=False)
              (proj): Linear(in_features=180, out_features=180, bias=True)
              (proj_drop): Dropout(p=0.0, inplace=False)
              (softmax): Softmax(dim=-1)
            )
            (drop_path): DropPath()
            (norm2): LayerNorm((180,), eps=1e-05, elementwise_affine=True)
            (mlp): Mlp(
              (fc1): Linear(in_features=180, out_features=360, bias=True)
              (act): GELU(approximate='none')
              (fc2): Linear(in_features=360, out_features=180, bias=True)
              (drop): Dropout(p=0.0, inplace=False)
            )
          )
          (4): SwinTransformerBlock(
            dim=180, input_resolution=(48, 48), num_heads=6, window_size=8, shift_size=0, mlp_ratio=2
            (norm1): LayerNorm((180,), eps=1e-05, elementwise_affine=True)
            (attn): WindowAttention(
              dim=180, window_size=(8, 8), num_heads=6
              (qkv): Linear(in_features=180, out_features=540, bias=True)
              (attn_drop): Dropout(p=0.0, inplace=False)
              (proj): Linear(in_features=180, out_features=180, bias=True)
              (proj_drop): Dropout(p=0.0, inplace=False)
              (softmax): Softmax(dim=-1)
            )
            (drop_path): DropPath()
            (norm2): LayerNorm((180,), eps=1e-05, elementwise_affine=True)
            (mlp): Mlp(
              (fc1): Linear(in_features=180, out_features=360, bias=True)
              (act): GELU(approximate='none')
              (fc2): Linear(in_features=360, out_features=180, bias=True)
              (drop): Dropout(p=0.0, inplace=False)
            )
          )
          (5): SwinTransformerBlock(
            dim=180, input_resolution=(48, 48), num_heads=6, window_size=8, shift_size=4, mlp_ratio=2
            (norm1): LayerNorm((180,), eps=1e-05, elementwise_affine=True)
            (attn): WindowAttention(
              dim=180, window_size=(8, 8), num_heads=6
              (qkv): Linear(in_features=180, out_features=540, bias=True)
              (attn_drop): Dropout(p=0.0, inplace=False)
              (proj): Linear(in_features=180, out_features=180, bias=True)
              (proj_drop): Dropout(p=0.0, inplace=False)
              (softmax): Softmax(dim=-1)
            )
            (drop_path): DropPath()
            (norm2): LayerNorm((180,), eps=1e-05, elementwise_affine=True)
            (mlp): Mlp(
              (fc1): Linear(in_features=180, out_features=360, bias=True)
              (act): GELU(approximate='none')
              (fc2): Linear(in_features=360, out_features=180, bias=True)
              (drop): Dropout(p=0.0, inplace=False)
            )
          )
        )
      )
      (conv): Conv2d(180, 180, kernel_size=(3, 3), stride=(1, 1), padding=(1, 1))
      (patch_embed): PatchEmbed()
      (patch_unembed): PatchUnEmbed()
    )
    (5): RSTB(
      (residual_group): BasicLayer(
        dim=180, input_resolution=(48, 48), depth=6
        (blocks): ModuleList(
          (0): SwinTransformerBlock(
            dim=180, input_resolution=(48, 48), num_heads=6, window_size=8, shift_size=0, mlp_ratio=2
            (norm1): LayerNorm((180,), eps=1e-05, elementwise_affine=True)
            (attn): WindowAttention(
              dim=180, window_size=(8, 8), num_heads=6
              (qkv): Linear(in_features=180, out_features=540, bias=True)
              (attn_drop): Dropout(p=0.0, inplace=False)
              (proj): Linear(in_features=180, out_features=180, bias=True)
              (proj_drop): Dropout(p=0.0, inplace=False)
              (softmax): Softmax(dim=-1)
            )
            (drop_path): DropPath()
            (norm2): LayerNorm((180,), eps=1e-05, elementwise_affine=True)
            (mlp): Mlp(
              (fc1): Linear(in_features=180, out_features=360, bias=True)
              (act): GELU(approximate='none')
              (fc2): Linear(in_features=360, out_features=180, bias=True)
              (drop): Dropout(p=0.0, inplace=False)
            )
          )
          (1): SwinTransformerBlock(
            dim=180, input_resolution=(48, 48), num_heads=6, window_size=8, shift_size=4, mlp_ratio=2
            (norm1): LayerNorm((180,), eps=1e-05, elementwise_affine=True)
            (attn): WindowAttention(
              dim=180, window_size=(8, 8), num_heads=6
              (qkv): Linear(in_features=180, out_features=540, bias=True)
              (attn_drop): Dropout(p=0.0, inplace=False)
              (proj): Linear(in_features=180, out_features=180, bias=True)
              (proj_drop): Dropout(p=0.0, inplace=False)
              (softmax): Softmax(dim=-1)
            )
            (drop_path): DropPath()
            (norm2): LayerNorm((180,), eps=1e-05, elementwise_affine=True)
            (mlp): Mlp(
              (fc1): Linear(in_features=180, out_features=360, bias=True)
              (act): GELU(approximate='none')
              (fc2): Linear(in_features=360, out_features=180, bias=True)
              (drop): Dropout(p=0.0, inplace=False)
            )
          )
          (2): SwinTransformerBlock(
            dim=180, input_resolution=(48, 48), num_heads=6, window_size=8, shift_size=0, mlp_ratio=2
            (norm1): LayerNorm((180,), eps=1e-05, elementwise_affine=True)
            (attn): WindowAttention(
              dim=180, window_size=(8, 8), num_heads=6
              (qkv): Linear(in_features=180, out_features=540, bias=True)
              (attn_drop): Dropout(p=0.0, inplace=False)
              (proj): Linear(in_features=180, out_features=180, bias=True)
              (proj_drop): Dropout(p=0.0, inplace=False)
              (softmax): Softmax(dim=-1)
            )
            (drop_path): DropPath()
            (norm2): LayerNorm((180,), eps=1e-05, elementwise_affine=True)
            (mlp): Mlp(
              (fc1): Linear(in_features=180, out_features=360, bias=True)
              (act): GELU(approximate='none')
              (fc2): Linear(in_features=360, out_features=180, bias=True)
              (drop): Dropout(p=0.0, inplace=False)
            )
          )
          (3): SwinTransformerBlock(
            dim=180, input_resolution=(48, 48), num_heads=6, window_size=8, shift_size=4, mlp_ratio=2
            (norm1): LayerNorm((180,), eps=1e-05, elementwise_affine=True)
            (attn): WindowAttention(
              dim=180, window_size=(8, 8), num_heads=6
              (qkv): Linear(in_features=180, out_features=540, bias=True)
              (attn_drop): Dropout(p=0.0, inplace=False)
              (proj): Linear(in_features=180, out_features=180, bias=True)
              (proj_drop): Dropout(p=0.0, inplace=False)
              (softmax): Softmax(dim=-1)
            )
            (drop_path): DropPath()
            (norm2): LayerNorm((180,), eps=1e-05, elementwise_affine=True)
            (mlp): Mlp(
              (fc1): Linear(in_features=180, out_features=360, bias=True)
              (act): GELU(approximate='none')
              (fc2): Linear(in_features=360, out_features=180, bias=True)
              (drop): Dropout(p=0.0, inplace=False)
            )
          )
          (4): SwinTransformerBlock(
            dim=180, input_resolution=(48, 48), num_heads=6, window_size=8, shift_size=0, mlp_ratio=2
            (norm1): LayerNorm((180,), eps=1e-05, elementwise_affine=True)
            (attn): WindowAttention(
              dim=180, window_size=(8, 8), num_heads=6
              (qkv): Linear(in_features=180, out_features=540, bias=True)
              (attn_drop): Dropout(p=0.0, inplace=False)
              (proj): Linear(in_features=180, out_features=180, bias=True)
              (proj_drop): Dropout(p=0.0, inplace=False)
              (softmax): Softmax(dim=-1)
            )
            (drop_path): DropPath()
            (norm2): LayerNorm((180,), eps=1e-05, elementwise_affine=True)
            (mlp): Mlp(
              (fc1): Linear(in_features=180, out_features=360, bias=True)
              (act): GELU(approximate='none')
              (fc2): Linear(in_features=360, out_features=180, bias=True)
              (drop): Dropout(p=0.0, inplace=False)
            )
          )
          (5): SwinTransformerBlock(
            dim=180, input_resolution=(48, 48), num_heads=6, window_size=8, shift_size=4, mlp_ratio=2
            (norm1): LayerNorm((180,), eps=1e-05, elementwise_affine=True)
            (attn): WindowAttention(
              dim=180, window_size=(8, 8), num_heads=6
              (qkv): Linear(in_features=180, out_features=540, bias=True)
              (attn_drop): Dropout(p=0.0, inplace=False)
              (proj): Linear(in_features=180, out_features=180, bias=True)
              (proj_drop): Dropout(p=0.0, inplace=False)
              (softmax): Softmax(dim=-1)
            )
            (drop_path): DropPath()
            (norm2): LayerNorm((180,), eps=1e-05, elementwise_affine=True)
            (mlp): Mlp(
              (fc1): Linear(in_features=180, out_features=360, bias=True)
              (act): GELU(approximate='none')
              (fc2): Linear(in_features=360, out_features=180, bias=True)
              (drop): Dropout(p=0.0, inplace=False)
            )
          )
        )
      )
      (conv): Conv2d(180, 180, kernel_size=(3, 3), stride=(1, 1), padding=(1, 1))
      (patch_embed): PatchEmbed()
      (patch_unembed): PatchUnEmbed()
    )
  )
  (norm): LayerNorm((180,), eps=1e-05, elementwise_affine=True)
  (conv_after_body): Conv2d(180, 180, kernel_size=(3, 3), stride=(1, 1), padding=(1, 1))
  (conv_before_upsample): Sequential(
    (0): Conv2d(180, 64, kernel_size=(3, 3), stride=(1, 1), padding=(1, 1))
    (1): LeakyReLU(negative_slope=0.01, inplace=True)
  )
  (upsample): Upsample(
    (0): Conv2d(64, 1600, kernel_size=(3, 3), stride=(1, 1), padding=(1, 1))
    (1): PixelShuffle(upscale_factor=5)
  )
  (conv_last): Conv2d(64, 3, kernel_size=(3, 3), stride=(1, 1), padding=(1, 1))
)
2025-07-15 19:21:28,615 INFO: Use Exponential Moving Average with decay: 0.999
2025-07-15 19:21:29,017 INFO: Network [SwinIR] is created.
2025-07-15 19:21:29,075 INFO: Loss [L1Loss] is created.
2025-07-15 19:21:29,078 INFO: Model [SwinIRModel] is created.
2025-07-15 19:21:29,365 INFO: Start training from epoch: 0, iter: 0
