2025-08-22 08:47:56,212 INFO: 
                ____                _       _____  ____
               / __ ) ____ _ _____ (_)_____/ ___/ / __ \
              / __  |/ __ `// ___// // ___/\__ \ / /_/ /
             / /_/ // /_/ /(__  )/ // /__ ___/ // _, _/
            /_____/ \__,_//____//_/ \___//____//_/ |_|
     ______                   __   __                 __      __
    / ____/____   ____   ____/ /  / /   __  __ _____ / /__   / /
   / / __ / __ \ / __ \ / __  /  / /   / / / // ___// //_/  / /
  / /_/ // /_/ // /_/ // /_/ /  / /___/ /_/ // /__ / /<    /_/
  \____/ \____/ \____/ \____/  /_____/\____/ \___//_/|_|  (_)
    
Version Information: 
	BasicSR: 1.4.2
	PyTorch: 1.13.1+cu117
	TorchVision: 0.14.1+cu117
2025-08-22 08:47:56,215 INFO: 
  name: train_SwinIR_SRx5_scratch_P48W8_DIV2K_500k_B4G8_migration_all
  model_type: SwinIRModel
  scale: 5
  num_gpu: 1
  manual_seed: 0
  datasets:[
    train:[
      name: pre_train
      type: PairedImageDataset
      dataroot_gt: /data/groups/g1600002/home/hxiaoyuan2024/super_resolution/data/migration/pre_HR_sub_train
      dataroot_lq: /data/groups/g1600002/home/hxiaoyuan2024/super_resolution/data/migration/pre_LR_sub_train
      filename_tmpl: {}
      io_backend:[
        type: disk
      ]
      gt_size: 320
      use_hflip: True
      use_rot: True
      num_worker_per_gpu: 6
      batch_size_per_gpu: 16
      dataset_enlarge_ratio: 1
      prefetch_mode: None
      phase: train
      scale: 5
    ]
    val:[
      name: pre_val
      type: PairedImageDataset
      dataroot_gt: /data/groups/g1600002/home/hxiaoyuan2024/super_resolution/data/migration/pre_HR_sub_val
      dataroot_lq: /data/groups/g1600002/home/hxiaoyuan2024/super_resolution/data/migration/pre_LR_sub_val
      io_backend:[
        type: disk
      ]
      phase: val
      scale: 5
    ]
  ]
  network_g:[
    type: SwinIR
    upscale: 5
    in_chans: 3
    img_size: 48
    window_size: 8
    img_range: 1.0
    depths: [6, 6, 6, 6, 6, 6]
    embed_dim: 180
    num_heads: [6, 6, 6, 6, 6, 6]
    mlp_ratio: 2
    upsampler: pixelshuffle
    resi_connection: 1conv
  ]
  path:[
    pretrain_network_g: /home/hxiaoyuan2024/projection/super_resolution/BasicSR-master/experiments/train_SwinIR_SRx5_scratch_P48W8_DIV2K_500k_B4G8/models/net_g_40000.pth
    strict_load_g: True
    resume_state: None
    experiments_root: /home/hxiaoyuan2024/projection/super_resolution/BasicSR-master/experiments/train_SwinIR_SRx5_scratch_P48W8_DIV2K_500k_B4G8_migration_all
    models: /home/hxiaoyuan2024/projection/super_resolution/BasicSR-master/experiments/train_SwinIR_SRx5_scratch_P48W8_DIV2K_500k_B4G8_migration_all/models
    training_states: /home/hxiaoyuan2024/projection/super_resolution/BasicSR-master/experiments/train_SwinIR_SRx5_scratch_P48W8_DIV2K_500k_B4G8_migration_all/training_states
    log: /home/hxiaoyuan2024/projection/super_resolution/BasicSR-master/experiments/train_SwinIR_SRx5_scratch_P48W8_DIV2K_500k_B4G8_migration_all
    visualization: /home/hxiaoyuan2024/projection/super_resolution/BasicSR-master/experiments/train_SwinIR_SRx5_scratch_P48W8_DIV2K_500k_B4G8_migration_all/visualization
  ]
  train:[
    ema_decay: 0.999
    optim_g:[
      type: Adam
      lr: 0.0002
      weight_decay: 0
      betas: [0.9, 0.99]
    ]
    scheduler:[
      type: MultiStepLR
      milestones: [2000, 5000, 80000, 10000, 12000, 15000]
      gamma: 0.5
    ]
    total_iter: 20000
    warmup_iter: -1
    pixel_opt:[
      type: L1Loss
      loss_weight: 1.0
      reduction: mean
    ]
  ]
  val:[
    val_freq: 1000.0
    save_img: False
    metrics:[
      psnr:[
        type: calculate_psnr
        crop_border: 4
        test_y_channel: False
      ]
    ]
  ]
  logger:[
    print_freq: 100
    save_checkpoint_freq: 1000.0
    use_tb_logger: True
    wandb:[
      project: None
      resume_id: None
    ]
  ]
  dist_params:[
    backend: nccl
    port: 29500
  ]
  dist: False
  rank: 0
  world_size: 1
  auto_resume: False
  is_train: True
  root_path: /home/hxiaoyuan2024/projection/super_resolution/BasicSR-master

2025-08-22 08:47:57,221 INFO: Dataset [PairedImageDataset] - pre_train is built.
2025-08-22 08:47:57,221 INFO: Training statistics:
	Number of train images: 10338
	Dataset enlarge ratio: 1
	Batch size per gpu: 16
	World size (gpu number): 1
	Require iter number per epoch: 647
	Total epochs: 31; iters: 20000.
2025-08-22 08:47:57,274 INFO: Dataset [PairedImageDataset] - pre_val is built.
2025-08-22 08:47:57,274 INFO: Number of val images/folders in pre_val: 1188
2025-08-22 08:47:58,015 INFO: Network [SwinIR] is created.
2025-08-22 08:48:02,598 INFO: Network: SwinIR, with parameters: 12,527,975
2025-08-22 08:48:02,598 INFO: SwinIR(
  (conv_first): Conv2d(3, 180, kernel_size=(3, 3), stride=(1, 1), padding=(1, 1))
  (patch_embed): PatchEmbed(
    (norm): LayerNorm((180,), eps=1e-05, elementwise_affine=True)
  )
  (patch_unembed): PatchUnEmbed()
  (pos_drop): Dropout(p=0.0, inplace=False)
  (layers): ModuleList(
    (0): RSTB(
      (residual_group): BasicLayer(
        dim=180, input_resolution=(48, 48), depth=6
        (blocks): ModuleList(
          (0): SwinTransformerBlock(
            dim=180, input_resolution=(48, 48), num_heads=6, window_size=8, shift_size=0, mlp_ratio=2
            (norm1): LayerNorm((180,), eps=1e-05, elementwise_affine=True)
            (attn): WindowAttention(
              dim=180, window_size=(8, 8), num_heads=6
              (qkv): Linear(in_features=180, out_features=540, bias=True)
              (attn_drop): Dropout(p=0.0, inplace=False)
              (proj): Linear(in_features=180, out_features=180, bias=True)
              (proj_drop): Dropout(p=0.0, inplace=False)
              (softmax): Softmax(dim=-1)
            )
            (drop_path): Identity()
            (norm2): LayerNorm((180,), eps=1e-05, elementwise_affine=True)
            (mlp): Mlp(
              (fc1): Linear(in_features=180, out_features=360, bias=True)
              (act): GELU(approximate='none')
              (fc2): Linear(in_features=360, out_features=180, bias=True)
              (drop): Dropout(p=0.0, inplace=False)
            )
          )
          (1): SwinTransformerBlock(
            dim=180, input_resolution=(48, 48), num_heads=6, window_size=8, shift_size=4, mlp_ratio=2
            (norm1): LayerNorm((180,), eps=1e-05, elementwise_affine=True)
            (attn): WindowAttention(
              dim=180, window_size=(8, 8), num_heads=6
              (qkv): Linear(in_features=180, out_features=540, bias=True)
              (attn_drop): Dropout(p=0.0, inplace=False)
              (proj): Linear(in_features=180, out_features=180, bias=True)
              (proj_drop): Dropout(p=0.0, inplace=False)
              (softmax): Softmax(dim=-1)
            )
            (drop_path): DropPath()
            (norm2): LayerNorm((180,), eps=1e-05, elementwise_affine=True)
            (mlp): Mlp(
              (fc1): Linear(in_features=180, out_features=360, bias=True)
              (act): GELU(approximate='none')
              (fc2): Linear(in_features=360, out_features=180, bias=True)
              (drop): Dropout(p=0.0, inplace=False)
            )
          )
          (2): SwinTransformerBlock(
            dim=180, input_resolution=(48, 48), num_heads=6, window_size=8, shift_size=0, mlp_ratio=2
            (norm1): LayerNorm((180,), eps=1e-05, elementwise_affine=True)
            (attn): WindowAttention(
              dim=180, window_size=(8, 8), num_heads=6
              (qkv): Linear(in_features=180, out_features=540, bias=True)
              (attn_drop): Dropout(p=0.0, inplace=False)
              (proj): Linear(in_features=180, out_features=180, bias=True)
              (proj_drop): Dropout(p=0.0, inplace=False)
              (softmax): Softmax(dim=-1)
            )
            (drop_path): DropPath()
            (norm2): LayerNorm((180,), eps=1e-05, elementwise_affine=True)
            (mlp): Mlp(
              (fc1): Linear(in_features=180, out_features=360, bias=True)
              (act): GELU(approximate='none')
              (fc2): Linear(in_features=360, out_features=180, bias=True)
              (drop): Dropout(p=0.0, inplace=False)
            )
          )
          (3): SwinTransformerBlock(
            dim=180, input_resolution=(48, 48), num_heads=6, window_size=8, shift_size=4, mlp_ratio=2
            (norm1): LayerNorm((180,), eps=1e-05, elementwise_affine=True)
            (attn): WindowAttention(
              dim=180, window_size=(8, 8), num_heads=6
              (qkv): Linear(in_features=180, out_features=540, bias=True)
              (attn_drop): Dropout(p=0.0, inplace=False)
              (proj): Linear(in_features=180, out_features=180, bias=True)
              (proj_drop): Dropout(p=0.0, inplace=False)
              (softmax): Softmax(dim=-1)
            )
            (drop_path): DropPath()
            (norm2): LayerNorm((180,), eps=1e-05, elementwise_affine=True)
            (mlp): Mlp(
              (fc1): Linear(in_features=180, out_features=360, bias=True)
              (act): GELU(approximate='none')
              (fc2): Linear(in_features=360, out_features=180, bias=True)
              (drop): Dropout(p=0.0, inplace=False)
            )
          )
          (4): SwinTransformerBlock(
            dim=180, input_resolution=(48, 48), num_heads=6, window_size=8, shift_size=0, mlp_ratio=2
            (norm1): LayerNorm((180,), eps=1e-05, elementwise_affine=True)
            (attn): WindowAttention(
              dim=180, window_size=(8, 8), num_heads=6
              (qkv): Linear(in_features=180, out_features=540, bias=True)
              (attn_drop): Dropout(p=0.0, inplace=False)
              (proj): Linear(in_features=180, out_features=180, bias=True)
              (proj_drop): Dropout(p=0.0, inplace=False)
              (softmax): Softmax(dim=-1)
            )
            (drop_path): DropPath()
            (norm2): LayerNorm((180,), eps=1e-05, elementwise_affine=True)
            (mlp): Mlp(
              (fc1): Linear(in_features=180, out_features=360, bias=True)
              (act): GELU(approximate='none')
              (fc2): Linear(in_features=360, out_features=180, bias=True)
              (drop): Dropout(p=0.0, inplace=False)
            )
          )
          (5): SwinTransformerBlock(
            dim=180, input_resolution=(48, 48), num_heads=6, window_size=8, shift_size=4, mlp_ratio=2
            (norm1): LayerNorm((180,), eps=1e-05, elementwise_affine=True)
            (attn): WindowAttention(
              dim=180, window_size=(8, 8), num_heads=6
              (qkv): Linear(in_features=180, out_features=540, bias=True)
              (attn_drop): Dropout(p=0.0, inplace=False)
              (proj): Linear(in_features=180, out_features=180, bias=True)
              (proj_drop): Dropout(p=0.0, inplace=False)
              (softmax): Softmax(dim=-1)
            )
            (drop_path): DropPath()
            (norm2): LayerNorm((180,), eps=1e-05, elementwise_affine=True)
            (mlp): Mlp(
              (fc1): Linear(in_features=180, out_features=360, bias=True)
              (act): GELU(approximate='none')
              (fc2): Linear(in_features=360, out_features=180, bias=True)
              (drop): Dropout(p=0.0, inplace=False)
            )
          )
        )
      )
      (conv): Conv2d(180, 180, kernel_size=(3, 3), stride=(1, 1), padding=(1, 1))
      (patch_embed): PatchEmbed()
      (patch_unembed): PatchUnEmbed()
    )
    (1): RSTB(
      (residual_group): BasicLayer(
        dim=180, input_resolution=(48, 48), depth=6
        (blocks): ModuleList(
          (0): SwinTransformerBlock(
            dim=180, input_resolution=(48, 48), num_heads=6, window_size=8, shift_size=0, mlp_ratio=2
            (norm1): LayerNorm((180,), eps=1e-05, elementwise_affine=True)
            (attn): WindowAttention(
              dim=180, window_size=(8, 8), num_heads=6
              (qkv): Linear(in_features=180, out_features=540, bias=True)
              (attn_drop): Dropout(p=0.0, inplace=False)
              (proj): Linear(in_features=180, out_features=180, bias=True)
              (proj_drop): Dropout(p=0.0, inplace=False)
              (softmax): Softmax(dim=-1)
            )
            (drop_path): DropPath()
            (norm2): LayerNorm((180,), eps=1e-05, elementwise_affine=True)
            (mlp): Mlp(
              (fc1): Linear(in_features=180, out_features=360, bias=True)
              (act): GELU(approximate='none')
              (fc2): Linear(in_features=360, out_features=180, bias=True)
              (drop): Dropout(p=0.0, inplace=False)
            )
          )
          (1): SwinTransformerBlock(
            dim=180, input_resolution=(48, 48), num_heads=6, window_size=8, shift_size=4, mlp_ratio=2
            (norm1): LayerNorm((180,), eps=1e-05, elementwise_affine=True)
            (attn): WindowAttention(
              dim=180, window_size=(8, 8), num_heads=6
              (qkv): Linear(in_features=180, out_features=540, bias=True)
              (attn_drop): Dropout(p=0.0, inplace=False)
              (proj): Linear(in_features=180, out_features=180, bias=True)
              (proj_drop): Dropout(p=0.0, inplace=False)
              (softmax): Softmax(dim=-1)
            )
            (drop_path): DropPath()
            (norm2): LayerNorm((180,), eps=1e-05, elementwise_affine=True)
            (mlp): Mlp(
              (fc1): Linear(in_features=180, out_features=360, bias=True)
              (act): GELU(approximate='none')
              (fc2): Linear(in_features=360, out_features=180, bias=True)
              (drop): Dropout(p=0.0, inplace=False)
            )
          )
          (2): SwinTransformerBlock(
            dim=180, input_resolution=(48, 48), num_heads=6, window_size=8, shift_size=0, mlp_ratio=2
            (norm1): LayerNorm((180,), eps=1e-05, elementwise_affine=True)
            (attn): WindowAttention(
              dim=180, window_size=(8, 8), num_heads=6
              (qkv): Linear(in_features=180, out_features=540, bias=True)
              (attn_drop): Dropout(p=0.0, inplace=False)
              (proj): Linear(in_features=180, out_features=180, bias=True)
              (proj_drop): Dropout(p=0.0, inplace=False)
              (softmax): Softmax(dim=-1)
            )
            (drop_path): DropPath()
            (norm2): LayerNorm((180,), eps=1e-05, elementwise_affine=True)
            (mlp): Mlp(
              (fc1): Linear(in_features=180, out_features=360, bias=True)
              (act): GELU(approximate='none')
              (fc2): Linear(in_features=360, out_features=180, bias=True)
              (drop): Dropout(p=0.0, inplace=False)
            )
          )
          (3): SwinTransformerBlock(
            dim=180, input_resolution=(48, 48), num_heads=6, window_size=8, shift_size=4, mlp_ratio=2
            (norm1): LayerNorm((180,), eps=1e-05, elementwise_affine=True)
            (attn): WindowAttention(
              dim=180, window_size=(8, 8), num_heads=6
              (qkv): Linear(in_features=180, out_features=540, bias=True)
              (attn_drop): Dropout(p=0.0, inplace=False)
              (proj): Linear(in_features=180, out_features=180, bias=True)
              (proj_drop): Dropout(p=0.0, inplace=False)
              (softmax): Softmax(dim=-1)
            )
            (drop_path): DropPath()
            (norm2): LayerNorm((180,), eps=1e-05, elementwise_affine=True)
            (mlp): Mlp(
              (fc1): Linear(in_features=180, out_features=360, bias=True)
              (act): GELU(approximate='none')
              (fc2): Linear(in_features=360, out_features=180, bias=True)
              (drop): Dropout(p=0.0, inplace=False)
            )
          )
          (4): SwinTransformerBlock(
            dim=180, input_resolution=(48, 48), num_heads=6, window_size=8, shift_size=0, mlp_ratio=2
            (norm1): LayerNorm((180,), eps=1e-05, elementwise_affine=True)
            (attn): WindowAttention(
              dim=180, window_size=(8, 8), num_heads=6
              (qkv): Linear(in_features=180, out_features=540, bias=True)
              (attn_drop): Dropout(p=0.0, inplace=False)
              (proj): Linear(in_features=180, out_features=180, bias=True)
              (proj_drop): Dropout(p=0.0, inplace=False)
              (softmax): Softmax(dim=-1)
            )
            (drop_path): DropPath()
            (norm2): LayerNorm((180,), eps=1e-05, elementwise_affine=True)
            (mlp): Mlp(
              (fc1): Linear(in_features=180, out_features=360, bias=True)
              (act): GELU(approximate='none')
              (fc2): Linear(in_features=360, out_features=180, bias=True)
              (drop): Dropout(p=0.0, inplace=False)
            )
          )
          (5): SwinTransformerBlock(
            dim=180, input_resolution=(48, 48), num_heads=6, window_size=8, shift_size=4, mlp_ratio=2
            (norm1): LayerNorm((180,), eps=1e-05, elementwise_affine=True)
            (attn): WindowAttention(
              dim=180, window_size=(8, 8), num_heads=6
              (qkv): Linear(in_features=180, out_features=540, bias=True)
              (attn_drop): Dropout(p=0.0, inplace=False)
              (proj): Linear(in_features=180, out_features=180, bias=True)
              (proj_drop): Dropout(p=0.0, inplace=False)
              (softmax): Softmax(dim=-1)
            )
            (drop_path): DropPath()
            (norm2): LayerNorm((180,), eps=1e-05, elementwise_affine=True)
            (mlp): Mlp(
              (fc1): Linear(in_features=180, out_features=360, bias=True)
              (act): GELU(approximate='none')
              (fc2): Linear(in_features=360, out_features=180, bias=True)
              (drop): Dropout(p=0.0, inplace=False)
            )
          )
        )
      )
      (conv): Conv2d(180, 180, kernel_size=(3, 3), stride=(1, 1), padding=(1, 1))
      (patch_embed): PatchEmbed()
      (patch_unembed): PatchUnEmbed()
    )
    (2): RSTB(
      (residual_group): BasicLayer(
        dim=180, input_resolution=(48, 48), depth=6
        (blocks): ModuleList(
          (0): SwinTransformerBlock(
            dim=180, input_resolution=(48, 48), num_heads=6, window_size=8, shift_size=0, mlp_ratio=2
            (norm1): LayerNorm((180,), eps=1e-05, elementwise_affine=True)
            (attn): WindowAttention(
              dim=180, window_size=(8, 8), num_heads=6
              (qkv): Linear(in_features=180, out_features=540, bias=True)
              (attn_drop): Dropout(p=0.0, inplace=False)
              (proj): Linear(in_features=180, out_features=180, bias=True)
              (proj_drop): Dropout(p=0.0, inplace=False)
              (softmax): Softmax(dim=-1)
            )
            (drop_path): DropPath()
            (norm2): LayerNorm((180,), eps=1e-05, elementwise_affine=True)
            (mlp): Mlp(
              (fc1): Linear(in_features=180, out_features=360, bias=True)
              (act): GELU(approximate='none')
              (fc2): Linear(in_features=360, out_features=180, bias=True)
              (drop): Dropout(p=0.0, inplace=False)
            )
          )
          (1): SwinTransformerBlock(
            dim=180, input_resolution=(48, 48), num_heads=6, window_size=8, shift_size=4, mlp_ratio=2
            (norm1): LayerNorm((180,), eps=1e-05, elementwise_affine=True)
            (attn): WindowAttention(
              dim=180, window_size=(8, 8), num_heads=6
              (qkv): Linear(in_features=180, out_features=540, bias=True)
              (attn_drop): Dropout(p=0.0, inplace=False)
              (proj): Linear(in_features=180, out_features=180, bias=True)
              (proj_drop): Dropout(p=0.0, inplace=False)
              (softmax): Softmax(dim=-1)
            )
            (drop_path): DropPath()
            (norm2): LayerNorm((180,), eps=1e-05, elementwise_affine=True)
            (mlp): Mlp(
              (fc1): Linear(in_features=180, out_features=360, bias=True)
              (act): GELU(approximate='none')
              (fc2): Linear(in_features=360, out_features=180, bias=True)
              (drop): Dropout(p=0.0, inplace=False)
            )
          )
          (2): SwinTransformerBlock(
            dim=180, input_resolution=(48, 48), num_heads=6, window_size=8, shift_size=0, mlp_ratio=2
            (norm1): LayerNorm((180,), eps=1e-05, elementwise_affine=True)
            (attn): WindowAttention(
              dim=180, window_size=(8, 8), num_heads=6
              (qkv): Linear(in_features=180, out_features=540, bias=True)
              (attn_drop): Dropout(p=0.0, inplace=False)
              (proj): Linear(in_features=180, out_features=180, bias=True)
              (proj_drop): Dropout(p=0.0, inplace=False)
              (softmax): Softmax(dim=-1)
            )
            (drop_path): DropPath()
            (norm2): LayerNorm((180,), eps=1e-05, elementwise_affine=True)
            (mlp): Mlp(
              (fc1): Linear(in_features=180, out_features=360, bias=True)
              (act): GELU(approximate='none')
              (fc2): Linear(in_features=360, out_features=180, bias=True)
              (drop): Dropout(p=0.0, inplace=False)
            )
          )
          (3): SwinTransformerBlock(
            dim=180, input_resolution=(48, 48), num_heads=6, window_size=8, shift_size=4, mlp_ratio=2
            (norm1): LayerNorm((180,), eps=1e-05, elementwise_affine=True)
            (attn): WindowAttention(
              dim=180, window_size=(8, 8), num_heads=6
              (qkv): Linear(in_features=180, out_features=540, bias=True)
              (attn_drop): Dropout(p=0.0, inplace=False)
              (proj): Linear(in_features=180, out_features=180, bias=True)
              (proj_drop): Dropout(p=0.0, inplace=False)
              (softmax): Softmax(dim=-1)
            )
            (drop_path): DropPath()
            (norm2): LayerNorm((180,), eps=1e-05, elementwise_affine=True)
            (mlp): Mlp(
              (fc1): Linear(in_features=180, out_features=360, bias=True)
              (act): GELU(approximate='none')
              (fc2): Linear(in_features=360, out_features=180, bias=True)
              (drop): Dropout(p=0.0, inplace=False)
            )
          )
          (4): SwinTransformerBlock(
            dim=180, input_resolution=(48, 48), num_heads=6, window_size=8, shift_size=0, mlp_ratio=2
            (norm1): LayerNorm((180,), eps=1e-05, elementwise_affine=True)
            (attn): WindowAttention(
              dim=180, window_size=(8, 8), num_heads=6
              (qkv): Linear(in_features=180, out_features=540, bias=True)
              (attn_drop): Dropout(p=0.0, inplace=False)
              (proj): Linear(in_features=180, out_features=180, bias=True)
              (proj_drop): Dropout(p=0.0, inplace=False)
              (softmax): Softmax(dim=-1)
            )
            (drop_path): DropPath()
            (norm2): LayerNorm((180,), eps=1e-05, elementwise_affine=True)
            (mlp): Mlp(
              (fc1): Linear(in_features=180, out_features=360, bias=True)
              (act): GELU(approximate='none')
              (fc2): Linear(in_features=360, out_features=180, bias=True)
              (drop): Dropout(p=0.0, inplace=False)
            )
          )
          (5): SwinTransformerBlock(
            dim=180, input_resolution=(48, 48), num_heads=6, window_size=8, shift_size=4, mlp_ratio=2
            (norm1): LayerNorm((180,), eps=1e-05, elementwise_affine=True)
            (attn): WindowAttention(
              dim=180, window_size=(8, 8), num_heads=6
              (qkv): Linear(in_features=180, out_features=540, bias=True)
              (attn_drop): Dropout(p=0.0, inplace=False)
              (proj): Linear(in_features=180, out_features=180, bias=True)
              (proj_drop): Dropout(p=0.0, inplace=False)
              (softmax): Softmax(dim=-1)
            )
            (drop_path): DropPath()
            (norm2): LayerNorm((180,), eps=1e-05, elementwise_affine=True)
            (mlp): Mlp(
              (fc1): Linear(in_features=180, out_features=360, bias=True)
              (act): GELU(approximate='none')
              (fc2): Linear(in_features=360, out_features=180, bias=True)
              (drop): Dropout(p=0.0, inplace=False)
            )
          )
        )
      )
      (conv): Conv2d(180, 180, kernel_size=(3, 3), stride=(1, 1), padding=(1, 1))
      (patch_embed): PatchEmbed()
      (patch_unembed): PatchUnEmbed()
    )
    (3): RSTB(
      (residual_group): BasicLayer(
        dim=180, input_resolution=(48, 48), depth=6
        (blocks): ModuleList(
          (0): SwinTransformerBlock(
            dim=180, input_resolution=(48, 48), num_heads=6, window_size=8, shift_size=0, mlp_ratio=2
            (norm1): LayerNorm((180,), eps=1e-05, elementwise_affine=True)
            (attn): WindowAttention(
              dim=180, window_size=(8, 8), num_heads=6
              (qkv): Linear(in_features=180, out_features=540, bias=True)
              (attn_drop): Dropout(p=0.0, inplace=False)
              (proj): Linear(in_features=180, out_features=180, bias=True)
              (proj_drop): Dropout(p=0.0, inplace=False)
              (softmax): Softmax(dim=-1)
            )
            (drop_path): DropPath()
            (norm2): LayerNorm((180,), eps=1e-05, elementwise_affine=True)
            (mlp): Mlp(
              (fc1): Linear(in_features=180, out_features=360, bias=True)
              (act): GELU(approximate='none')
              (fc2): Linear(in_features=360, out_features=180, bias=True)
              (drop): Dropout(p=0.0, inplace=False)
            )
          )
          (1): SwinTransformerBlock(
            dim=180, input_resolution=(48, 48), num_heads=6, window_size=8, shift_size=4, mlp_ratio=2
            (norm1): LayerNorm((180,), eps=1e-05, elementwise_affine=True)
            (attn): WindowAttention(
              dim=180, window_size=(8, 8), num_heads=6
              (qkv): Linear(in_features=180, out_features=540, bias=True)
              (attn_drop): Dropout(p=0.0, inplace=False)
              (proj): Linear(in_features=180, out_features=180, bias=True)
              (proj_drop): Dropout(p=0.0, inplace=False)
              (softmax): Softmax(dim=-1)
            )
            (drop_path): DropPath()
            (norm2): LayerNorm((180,), eps=1e-05, elementwise_affine=True)
            (mlp): Mlp(
              (fc1): Linear(in_features=180, out_features=360, bias=True)
              (act): GELU(approximate='none')
              (fc2): Linear(in_features=360, out_features=180, bias=True)
              (drop): Dropout(p=0.0, inplace=False)
            )
          )
          (2): SwinTransformerBlock(
            dim=180, input_resolution=(48, 48), num_heads=6, window_size=8, shift_size=0, mlp_ratio=2
            (norm1): LayerNorm((180,), eps=1e-05, elementwise_affine=True)
            (attn): WindowAttention(
              dim=180, window_size=(8, 8), num_heads=6
              (qkv): Linear(in_features=180, out_features=540, bias=True)
              (attn_drop): Dropout(p=0.0, inplace=False)
              (proj): Linear(in_features=180, out_features=180, bias=True)
              (proj_drop): Dropout(p=0.0, inplace=False)
              (softmax): Softmax(dim=-1)
            )
            (drop_path): DropPath()
            (norm2): LayerNorm((180,), eps=1e-05, elementwise_affine=True)
            (mlp): Mlp(
              (fc1): Linear(in_features=180, out_features=360, bias=True)
              (act): GELU(approximate='none')
              (fc2): Linear(in_features=360, out_features=180, bias=True)
              (drop): Dropout(p=0.0, inplace=False)
            )
          )
          (3): SwinTransformerBlock(
            dim=180, input_resolution=(48, 48), num_heads=6, window_size=8, shift_size=4, mlp_ratio=2
            (norm1): LayerNorm((180,), eps=1e-05, elementwise_affine=True)
            (attn): WindowAttention(
              dim=180, window_size=(8, 8), num_heads=6
              (qkv): Linear(in_features=180, out_features=540, bias=True)
              (attn_drop): Dropout(p=0.0, inplace=False)
              (proj): Linear(in_features=180, out_features=180, bias=True)
              (proj_drop): Dropout(p=0.0, inplace=False)
              (softmax): Softmax(dim=-1)
            )
            (drop_path): DropPath()
            (norm2): LayerNorm((180,), eps=1e-05, elementwise_affine=True)
            (mlp): Mlp(
              (fc1): Linear(in_features=180, out_features=360, bias=True)
              (act): GELU(approximate='none')
              (fc2): Linear(in_features=360, out_features=180, bias=True)
              (drop): Dropout(p=0.0, inplace=False)
            )
          )
          (4): SwinTransformerBlock(
            dim=180, input_resolution=(48, 48), num_heads=6, window_size=8, shift_size=0, mlp_ratio=2
            (norm1): LayerNorm((180,), eps=1e-05, elementwise_affine=True)
            (attn): WindowAttention(
              dim=180, window_size=(8, 8), num_heads=6
              (qkv): Linear(in_features=180, out_features=540, bias=True)
              (attn_drop): Dropout(p=0.0, inplace=False)
              (proj): Linear(in_features=180, out_features=180, bias=True)
              (proj_drop): Dropout(p=0.0, inplace=False)
              (softmax): Softmax(dim=-1)
            )
            (drop_path): DropPath()
            (norm2): LayerNorm((180,), eps=1e-05, elementwise_affine=True)
            (mlp): Mlp(
              (fc1): Linear(in_features=180, out_features=360, bias=True)
              (act): GELU(approximate='none')
              (fc2): Linear(in_features=360, out_features=180, bias=True)
              (drop): Dropout(p=0.0, inplace=False)
            )
          )
          (5): SwinTransformerBlock(
            dim=180, input_resolution=(48, 48), num_heads=6, window_size=8, shift_size=4, mlp_ratio=2
            (norm1): LayerNorm((180,), eps=1e-05, elementwise_affine=True)
            (attn): WindowAttention(
              dim=180, window_size=(8, 8), num_heads=6
              (qkv): Linear(in_features=180, out_features=540, bias=True)
              (attn_drop): Dropout(p=0.0, inplace=False)
              (proj): Linear(in_features=180, out_features=180, bias=True)
              (proj_drop): Dropout(p=0.0, inplace=False)
              (softmax): Softmax(dim=-1)
            )
            (drop_path): DropPath()
            (norm2): LayerNorm((180,), eps=1e-05, elementwise_affine=True)
            (mlp): Mlp(
              (fc1): Linear(in_features=180, out_features=360, bias=True)
              (act): GELU(approximate='none')
              (fc2): Linear(in_features=360, out_features=180, bias=True)
              (drop): Dropout(p=0.0, inplace=False)
            )
          )
        )
      )
      (conv): Conv2d(180, 180, kernel_size=(3, 3), stride=(1, 1), padding=(1, 1))
      (patch_embed): PatchEmbed()
      (patch_unembed): PatchUnEmbed()
    )
    (4): RSTB(
      (residual_group): BasicLayer(
        dim=180, input_resolution=(48, 48), depth=6
        (blocks): ModuleList(
          (0): SwinTransformerBlock(
            dim=180, input_resolution=(48, 48), num_heads=6, window_size=8, shift_size=0, mlp_ratio=2
            (norm1): LayerNorm((180,), eps=1e-05, elementwise_affine=True)
            (attn): WindowAttention(
              dim=180, window_size=(8, 8), num_heads=6
              (qkv): Linear(in_features=180, out_features=540, bias=True)
              (attn_drop): Dropout(p=0.0, inplace=False)
              (proj): Linear(in_features=180, out_features=180, bias=True)
              (proj_drop): Dropout(p=0.0, inplace=False)
              (softmax): Softmax(dim=-1)
            )
            (drop_path): DropPath()
            (norm2): LayerNorm((180,), eps=1e-05, elementwise_affine=True)
            (mlp): Mlp(
              (fc1): Linear(in_features=180, out_features=360, bias=True)
              (act): GELU(approximate='none')
              (fc2): Linear(in_features=360, out_features=180, bias=True)
              (drop): Dropout(p=0.0, inplace=False)
            )
          )
          (1): SwinTransformerBlock(
            dim=180, input_resolution=(48, 48), num_heads=6, window_size=8, shift_size=4, mlp_ratio=2
            (norm1): LayerNorm((180,), eps=1e-05, elementwise_affine=True)
            (attn): WindowAttention(
              dim=180, window_size=(8, 8), num_heads=6
              (qkv): Linear(in_features=180, out_features=540, bias=True)
              (attn_drop): Dropout(p=0.0, inplace=False)
              (proj): Linear(in_features=180, out_features=180, bias=True)
              (proj_drop): Dropout(p=0.0, inplace=False)
              (softmax): Softmax(dim=-1)
            )
            (drop_path): DropPath()
            (norm2): LayerNorm((180,), eps=1e-05, elementwise_affine=True)
            (mlp): Mlp(
              (fc1): Linear(in_features=180, out_features=360, bias=True)
              (act): GELU(approximate='none')
              (fc2): Linear(in_features=360, out_features=180, bias=True)
              (drop): Dropout(p=0.0, inplace=False)
            )
          )
          (2): SwinTransformerBlock(
            dim=180, input_resolution=(48, 48), num_heads=6, window_size=8, shift_size=0, mlp_ratio=2
            (norm1): LayerNorm((180,), eps=1e-05, elementwise_affine=True)
            (attn): WindowAttention(
              dim=180, window_size=(8, 8), num_heads=6
              (qkv): Linear(in_features=180, out_features=540, bias=True)
              (attn_drop): Dropout(p=0.0, inplace=False)
              (proj): Linear(in_features=180, out_features=180, bias=True)
              (proj_drop): Dropout(p=0.0, inplace=False)
              (softmax): Softmax(dim=-1)
            )
            (drop_path): DropPath()
            (norm2): LayerNorm((180,), eps=1e-05, elementwise_affine=True)
            (mlp): Mlp(
              (fc1): Linear(in_features=180, out_features=360, bias=True)
              (act): GELU(approximate='none')
              (fc2): Linear(in_features=360, out_features=180, bias=True)
              (drop): Dropout(p=0.0, inplace=False)
            )
          )
          (3): SwinTransformerBlock(
            dim=180, input_resolution=(48, 48), num_heads=6, window_size=8, shift_size=4, mlp_ratio=2
            (norm1): LayerNorm((180,), eps=1e-05, elementwise_affine=True)
            (attn): WindowAttention(
              dim=180, window_size=(8, 8), num_heads=6
              (qkv): Linear(in_features=180, out_features=540, bias=True)
              (attn_drop): Dropout(p=0.0, inplace=False)
              (proj): Linear(in_features=180, out_features=180, bias=True)
              (proj_drop): Dropout(p=0.0, inplace=False)
              (softmax): Softmax(dim=-1)
            )
            (drop_path): DropPath()
            (norm2): LayerNorm((180,), eps=1e-05, elementwise_affine=True)
            (mlp): Mlp(
              (fc1): Linear(in_features=180, out_features=360, bias=True)
              (act): GELU(approximate='none')
              (fc2): Linear(in_features=360, out_features=180, bias=True)
              (drop): Dropout(p=0.0, inplace=False)
            )
          )
          (4): SwinTransformerBlock(
            dim=180, input_resolution=(48, 48), num_heads=6, window_size=8, shift_size=0, mlp_ratio=2
            (norm1): LayerNorm((180,), eps=1e-05, elementwise_affine=True)
            (attn): WindowAttention(
              dim=180, window_size=(8, 8), num_heads=6
              (qkv): Linear(in_features=180, out_features=540, bias=True)
              (attn_drop): Dropout(p=0.0, inplace=False)
              (proj): Linear(in_features=180, out_features=180, bias=True)
              (proj_drop): Dropout(p=0.0, inplace=False)
              (softmax): Softmax(dim=-1)
            )
            (drop_path): DropPath()
            (norm2): LayerNorm((180,), eps=1e-05, elementwise_affine=True)
            (mlp): Mlp(
              (fc1): Linear(in_features=180, out_features=360, bias=True)
              (act): GELU(approximate='none')
              (fc2): Linear(in_features=360, out_features=180, bias=True)
              (drop): Dropout(p=0.0, inplace=False)
            )
          )
          (5): SwinTransformerBlock(
            dim=180, input_resolution=(48, 48), num_heads=6, window_size=8, shift_size=4, mlp_ratio=2
            (norm1): LayerNorm((180,), eps=1e-05, elementwise_affine=True)
            (attn): WindowAttention(
              dim=180, window_size=(8, 8), num_heads=6
              (qkv): Linear(in_features=180, out_features=540, bias=True)
              (attn_drop): Dropout(p=0.0, inplace=False)
              (proj): Linear(in_features=180, out_features=180, bias=True)
              (proj_drop): Dropout(p=0.0, inplace=False)
              (softmax): Softmax(dim=-1)
            )
            (drop_path): DropPath()
            (norm2): LayerNorm((180,), eps=1e-05, elementwise_affine=True)
            (mlp): Mlp(
              (fc1): Linear(in_features=180, out_features=360, bias=True)
              (act): GELU(approximate='none')
              (fc2): Linear(in_features=360, out_features=180, bias=True)
              (drop): Dropout(p=0.0, inplace=False)
            )
          )
        )
      )
      (conv): Conv2d(180, 180, kernel_size=(3, 3), stride=(1, 1), padding=(1, 1))
      (patch_embed): PatchEmbed()
      (patch_unembed): PatchUnEmbed()
    )
    (5): RSTB(
      (residual_group): BasicLayer(
        dim=180, input_resolution=(48, 48), depth=6
        (blocks): ModuleList(
          (0): SwinTransformerBlock(
            dim=180, input_resolution=(48, 48), num_heads=6, window_size=8, shift_size=0, mlp_ratio=2
            (norm1): LayerNorm((180,), eps=1e-05, elementwise_affine=True)
            (attn): WindowAttention(
              dim=180, window_size=(8, 8), num_heads=6
              (qkv): Linear(in_features=180, out_features=540, bias=True)
              (attn_drop): Dropout(p=0.0, inplace=False)
              (proj): Linear(in_features=180, out_features=180, bias=True)
              (proj_drop): Dropout(p=0.0, inplace=False)
              (softmax): Softmax(dim=-1)
            )
            (drop_path): DropPath()
            (norm2): LayerNorm((180,), eps=1e-05, elementwise_affine=True)
            (mlp): Mlp(
              (fc1): Linear(in_features=180, out_features=360, bias=True)
              (act): GELU(approximate='none')
              (fc2): Linear(in_features=360, out_features=180, bias=True)
              (drop): Dropout(p=0.0, inplace=False)
            )
          )
          (1): SwinTransformerBlock(
            dim=180, input_resolution=(48, 48), num_heads=6, window_size=8, shift_size=4, mlp_ratio=2
            (norm1): LayerNorm((180,), eps=1e-05, elementwise_affine=True)
            (attn): WindowAttention(
              dim=180, window_size=(8, 8), num_heads=6
              (qkv): Linear(in_features=180, out_features=540, bias=True)
              (attn_drop): Dropout(p=0.0, inplace=False)
              (proj): Linear(in_features=180, out_features=180, bias=True)
              (proj_drop): Dropout(p=0.0, inplace=False)
              (softmax): Softmax(dim=-1)
            )
            (drop_path): DropPath()
            (norm2): LayerNorm((180,), eps=1e-05, elementwise_affine=True)
            (mlp): Mlp(
              (fc1): Linear(in_features=180, out_features=360, bias=True)
              (act): GELU(approximate='none')
              (fc2): Linear(in_features=360, out_features=180, bias=True)
              (drop): Dropout(p=0.0, inplace=False)
            )
          )
          (2): SwinTransformerBlock(
            dim=180, input_resolution=(48, 48), num_heads=6, window_size=8, shift_size=0, mlp_ratio=2
            (norm1): LayerNorm((180,), eps=1e-05, elementwise_affine=True)
            (attn): WindowAttention(
              dim=180, window_size=(8, 8), num_heads=6
              (qkv): Linear(in_features=180, out_features=540, bias=True)
              (attn_drop): Dropout(p=0.0, inplace=False)
              (proj): Linear(in_features=180, out_features=180, bias=True)
              (proj_drop): Dropout(p=0.0, inplace=False)
              (softmax): Softmax(dim=-1)
            )
            (drop_path): DropPath()
            (norm2): LayerNorm((180,), eps=1e-05, elementwise_affine=True)
            (mlp): Mlp(
              (fc1): Linear(in_features=180, out_features=360, bias=True)
              (act): GELU(approximate='none')
              (fc2): Linear(in_features=360, out_features=180, bias=True)
              (drop): Dropout(p=0.0, inplace=False)
            )
          )
          (3): SwinTransformerBlock(
            dim=180, input_resolution=(48, 48), num_heads=6, window_size=8, shift_size=4, mlp_ratio=2
            (norm1): LayerNorm((180,), eps=1e-05, elementwise_affine=True)
            (attn): WindowAttention(
              dim=180, window_size=(8, 8), num_heads=6
              (qkv): Linear(in_features=180, out_features=540, bias=True)
              (attn_drop): Dropout(p=0.0, inplace=False)
              (proj): Linear(in_features=180, out_features=180, bias=True)
              (proj_drop): Dropout(p=0.0, inplace=False)
              (softmax): Softmax(dim=-1)
            )
            (drop_path): DropPath()
            (norm2): LayerNorm((180,), eps=1e-05, elementwise_affine=True)
            (mlp): Mlp(
              (fc1): Linear(in_features=180, out_features=360, bias=True)
              (act): GELU(approximate='none')
              (fc2): Linear(in_features=360, out_features=180, bias=True)
              (drop): Dropout(p=0.0, inplace=False)
            )
          )
          (4): SwinTransformerBlock(
            dim=180, input_resolution=(48, 48), num_heads=6, window_size=8, shift_size=0, mlp_ratio=2
            (norm1): LayerNorm((180,), eps=1e-05, elementwise_affine=True)
            (attn): WindowAttention(
              dim=180, window_size=(8, 8), num_heads=6
              (qkv): Linear(in_features=180, out_features=540, bias=True)
              (attn_drop): Dropout(p=0.0, inplace=False)
              (proj): Linear(in_features=180, out_features=180, bias=True)
              (proj_drop): Dropout(p=0.0, inplace=False)
              (softmax): Softmax(dim=-1)
            )
            (drop_path): DropPath()
            (norm2): LayerNorm((180,), eps=1e-05, elementwise_affine=True)
            (mlp): Mlp(
              (fc1): Linear(in_features=180, out_features=360, bias=True)
              (act): GELU(approximate='none')
              (fc2): Linear(in_features=360, out_features=180, bias=True)
              (drop): Dropout(p=0.0, inplace=False)
            )
          )
          (5): SwinTransformerBlock(
            dim=180, input_resolution=(48, 48), num_heads=6, window_size=8, shift_size=4, mlp_ratio=2
            (norm1): LayerNorm((180,), eps=1e-05, elementwise_affine=True)
            (attn): WindowAttention(
              dim=180, window_size=(8, 8), num_heads=6
              (qkv): Linear(in_features=180, out_features=540, bias=True)
              (attn_drop): Dropout(p=0.0, inplace=False)
              (proj): Linear(in_features=180, out_features=180, bias=True)
              (proj_drop): Dropout(p=0.0, inplace=False)
              (softmax): Softmax(dim=-1)
            )
            (drop_path): DropPath()
            (norm2): LayerNorm((180,), eps=1e-05, elementwise_affine=True)
            (mlp): Mlp(
              (fc1): Linear(in_features=180, out_features=360, bias=True)
              (act): GELU(approximate='none')
              (fc2): Linear(in_features=360, out_features=180, bias=True)
              (drop): Dropout(p=0.0, inplace=False)
            )
          )
        )
      )
      (conv): Conv2d(180, 180, kernel_size=(3, 3), stride=(1, 1), padding=(1, 1))
      (patch_embed): PatchEmbed()
      (patch_unembed): PatchUnEmbed()
    )
  )
  (norm): LayerNorm((180,), eps=1e-05, elementwise_affine=True)
  (conv_after_body): Conv2d(180, 180, kernel_size=(3, 3), stride=(1, 1), padding=(1, 1))
  (conv_before_upsample): Sequential(
    (0): Conv2d(180, 64, kernel_size=(3, 3), stride=(1, 1), padding=(1, 1))
    (1): LeakyReLU(negative_slope=0.01, inplace=True)
  )
  (upsample): Upsample(
    (0): Conv2d(64, 1600, kernel_size=(3, 3), stride=(1, 1), padding=(1, 1))
    (1): PixelShuffle(upscale_factor=5)
  )
  (conv_last): Conv2d(64, 3, kernel_size=(3, 3), stride=(1, 1), padding=(1, 1))
)
2025-08-22 08:48:03,159 INFO: Loading SwinIR model from /home/hxiaoyuan2024/projection/super_resolution/BasicSR-master/experiments/train_SwinIR_SRx5_scratch_P48W8_DIV2K_500k_B4G8/models/net_g_40000.pth, with param key: [params].
2025-08-22 08:48:03,263 INFO: Use Exponential Moving Average with decay: 0.999
2025-08-22 08:48:03,711 INFO: Network [SwinIR] is created.
2025-08-22 08:48:03,961 INFO: Loading SwinIR model from /home/hxiaoyuan2024/projection/super_resolution/BasicSR-master/experiments/train_SwinIR_SRx5_scratch_P48W8_DIV2K_500k_B4G8/models/net_g_40000.pth, with param key: [params_ema].
2025-08-22 08:48:04,044 INFO: Loss [L1Loss] is created.
2025-08-22 08:48:04,047 INFO: Model [SwinIRModel] is created.
2025-08-22 08:48:04,327 INFO: Start training from epoch: 0, iter: 0
2025-08-22 08:50:15,378 INFO: [train..][epoch:  0, iter:     100, lr:(2.000e-04,)] [eta: 5:57:29, time (data): 1.310 (0.012)] l_pix: 4.6051e-02 
2025-08-22 08:52:05,738 INFO: [train..][epoch:  0, iter:     200, lr:(2.000e-04,)] [eta: 5:59:54, time (data): 1.207 (0.008)] l_pix: 4.9810e-02 
2025-08-22 08:53:55,897 INFO: [train..][epoch:  0, iter:     300, lr:(2.000e-04,)] [eta: 5:59:16, time (data): 1.101 (0.004)] l_pix: 4.4592e-02 
2025-08-22 08:55:45,320 INFO: [train..][epoch:  0, iter:     400, lr:(2.000e-04,)] [eta: 5:57:27, time (data): 1.098 (0.004)] l_pix: 4.4478e-02 
2025-08-22 08:57:34,875 INFO: [train..][epoch:  0, iter:     500, lr:(2.000e-04,)] [eta: 5:55:42, time (data): 1.095 (0.004)] l_pix: 4.5494e-02 
2025-08-22 08:59:24,936 INFO: [train..][epoch:  0, iter:     600, lr:(2.000e-04,)] [eta: 5:54:12, time (data): 1.098 (0.004)] l_pix: 4.0521e-02 
2025-08-22 09:01:18,480 INFO: [train..][epoch:  1, iter:     700, lr:(2.000e-04,)] [eta: 5:54:12, time (data): 1.136 (0.009)] l_pix: 4.4345e-02 
2025-08-22 09:03:14,546 INFO: [train..][epoch:  1, iter:     800, lr:(2.000e-04,)] [eta: 5:54:45, time (data): 1.149 (0.006)] l_pix: 4.1485e-02 
2025-08-22 09:05:10,165 INFO: [train..][epoch:  1, iter:     900, lr:(2.000e-04,)] [eta: 5:54:35, time (data): 1.157 (0.003)] l_pix: 4.3121e-02 
2025-08-22 09:07:05,266 INFO: [train..][epoch:  1, iter:   1,000, lr:(2.000e-04,)] [eta: 5:53:54, time (data): 1.154 (0.003)] l_pix: 3.8482e-02 
2025-08-22 09:07:05,266 INFO: Saving models and training states.
2025-08-22 09:09:23,097 INFO: Validation pre_val
	 # psnr: 14.2539	Best: 14.2539 @ 1000 iter

2025-08-22 09:11:18,965 INFO: [train..][epoch:  1, iter:   1,100, lr:(2.000e-04,)] [eta: 6:32:38, time (data): 1.159 (0.004)] l_pix: 3.9636e-02 
2025-08-22 09:13:14,805 INFO: [train..][epoch:  1, iter:   1,200, lr:(2.000e-04,)] [eta: 6:28:15, time (data): 1.159 (0.004)] l_pix: 3.8634e-02 
2025-08-22 09:15:10,092 INFO: [train..][epoch:  2, iter:   1,300, lr:(2.000e-04,)] [eta: 6:24:07, time (data): 1.151 (0.009)] l_pix: 3.8520e-02 
2025-08-22 09:17:05,961 INFO: [train..][epoch:  2, iter:   1,400, lr:(2.000e-04,)] [eta: 6:20:26, time (data): 1.155 (0.006)] l_pix: 3.7505e-02 
2025-08-22 09:19:01,610 INFO: [train..][epoch:  2, iter:   1,500, lr:(2.000e-04,)] [eta: 6:16:56, time (data): 1.156 (0.003)] l_pix: 3.7775e-02 
2025-08-22 09:20:57,640 INFO: [train..][epoch:  2, iter:   1,600, lr:(2.000e-04,)] [eta: 6:13:42, time (data): 1.158 (0.003)] l_pix: 4.0320e-02 
2025-08-22 09:22:53,526 INFO: [train..][epoch:  2, iter:   1,700, lr:(2.000e-04,)] [eta: 6:10:36, time (data): 1.159 (0.003)] l_pix: 4.2333e-02 
2025-08-22 09:24:49,336 INFO: [train..][epoch:  2, iter:   1,800, lr:(2.000e-04,)] [eta: 6:07:37, time (data): 1.159 (0.003)] l_pix: 3.9123e-02 
2025-08-22 09:26:45,409 INFO: [train..][epoch:  2, iter:   1,900, lr:(2.000e-04,)] [eta: 6:04:47, time (data): 1.160 (0.003)] l_pix: 3.8117e-02 
2025-08-22 09:28:40,645 INFO: [train..][epoch:  3, iter:   2,000, lr:(2.000e-04,)] [eta: 6:01:55, time (data): 1.156 (0.006)] l_pix: 4.3341e-02 
2025-08-22 09:28:40,646 INFO: Saving models and training states.
2025-08-22 09:30:43,650 INFO: Validation pre_val
	 # psnr: 15.5934	Best: 15.5934 @ 2000 iter

2025-08-22 09:32:39,536 INFO: [train..][epoch:  3, iter:   2,100, lr:(1.000e-04,)] [eta: 6:16:41, time (data): 1.159 (0.003)] l_pix: 3.7895e-02 
2025-08-22 09:34:35,213 INFO: [train..][epoch:  3, iter:   2,200, lr:(1.000e-04,)] [eta: 6:13:09, time (data): 1.158 (0.003)] l_pix: 3.8722e-02 
2025-08-22 09:36:30,993 INFO: [train..][epoch:  3, iter:   2,300, lr:(1.000e-04,)] [eta: 6:09:47, time (data): 1.157 (0.003)] l_pix: 3.9508e-02 
2025-08-22 09:38:26,759 INFO: [train..][epoch:  3, iter:   2,400, lr:(1.000e-04,)] [eta: 6:06:31, time (data): 1.157 (0.003)] l_pix: 3.8231e-02 
2025-08-22 09:40:22,503 INFO: [train..][epoch:  3, iter:   2,500, lr:(1.000e-04,)] [eta: 6:03:21, time (data): 1.157 (0.003)] l_pix: 4.0828e-02 
2025-08-22 09:42:17,639 INFO: [train..][epoch:  4, iter:   2,600, lr:(1.000e-04,)] [eta: 6:00:14, time (data): 1.154 (0.006)] l_pix: 3.5838e-02 
2025-08-22 09:44:13,577 INFO: [train..][epoch:  4, iter:   2,700, lr:(1.000e-04,)] [eta: 5:57:16, time (data): 1.158 (0.003)] l_pix: 3.5296e-02 
2025-08-22 09:46:09,143 INFO: [train..][epoch:  4, iter:   2,800, lr:(1.000e-04,)] [eta: 5:54:21, time (data): 1.157 (0.003)] l_pix: 3.9435e-02 
2025-08-22 09:48:04,594 INFO: [train..][epoch:  4, iter:   2,900, lr:(1.000e-04,)] [eta: 5:51:29, time (data): 1.156 (0.003)] l_pix: 3.3881e-02 
2025-08-22 09:50:00,867 INFO: [train..][epoch:  4, iter:   3,000, lr:(1.000e-04,)] [eta: 5:48:46, time (data): 1.160 (0.003)] l_pix: 3.3648e-02 
2025-08-22 09:50:00,867 INFO: Saving models and training states.
2025-08-22 09:52:03,453 INFO: Validation pre_val
	 # psnr: 16.2464	Best: 16.2464 @ 3000 iter

2025-08-22 09:53:59,629 INFO: [train..][epoch:  4, iter:   3,100, lr:(1.000e-04,)] [eta: 5:57:13, time (data): 1.163 (0.005)] l_pix: 4.0013e-02 
2025-08-22 09:55:54,033 INFO: [train..][epoch:  4, iter:   3,200, lr:(1.000e-04,)] [eta: 5:54:01, time (data): 1.153 (0.004)] l_pix: 3.8036e-02 
2025-08-22 09:57:48,193 INFO: [train..][epoch:  5, iter:   3,300, lr:(1.000e-04,)] [eta: 5:50:52, time (data): 1.141 (0.011)] l_pix: 4.3638e-02 
2025-08-22 09:59:43,208 INFO: [train..][epoch:  5, iter:   3,400, lr:(1.000e-04,)] [eta: 5:47:52, time (data): 1.146 (0.007)] l_pix: 3.4586e-02 
2025-08-22 10:01:38,606 INFO: [train..][epoch:  5, iter:   3,500, lr:(1.000e-04,)] [eta: 5:44:58, time (data): 1.151 (0.004)] l_pix: 4.1602e-02 
2025-08-22 10:03:33,179 INFO: [train..][epoch:  5, iter:   3,600, lr:(1.000e-04,)] [eta: 5:42:03, time (data): 1.148 (0.004)] l_pix: 3.5019e-02 
2025-08-22 10:05:28,251 INFO: [train..][epoch:  5, iter:   3,700, lr:(1.000e-04,)] [eta: 5:39:13, time (data): 1.152 (0.004)] l_pix: 3.6979e-02 
2025-08-22 10:07:23,090 INFO: [train..][epoch:  5, iter:   3,800, lr:(1.000e-04,)] [eta: 5:36:26, time (data): 1.150 (0.004)] l_pix: 4.0799e-02 
2025-08-22 10:09:18,061 INFO: [train..][epoch:  6, iter:   3,900, lr:(1.000e-04,)] [eta: 5:33:41, time (data): 1.147 (0.011)] l_pix: 3.1717e-02 
2025-08-22 10:11:13,677 INFO: [train..][epoch:  6, iter:   4,000, lr:(1.000e-04,)] [eta: 5:31:02, time (data): 1.152 (0.007)] l_pix: 3.2823e-02 
2025-08-22 10:11:13,678 INFO: Saving models and training states.
2025-08-22 10:13:16,421 INFO: Validation pre_val
	 # psnr: 16.5729	Best: 16.5729 @ 4000 iter

2025-08-22 10:15:12,073 INFO: [train..][epoch:  6, iter:   4,100, lr:(1.000e-04,)] [eta: 5:36:21, time (data): 1.156 (0.004)] l_pix: 4.5193e-02 
2025-08-22 10:17:07,367 INFO: [train..][epoch:  6, iter:   4,200, lr:(1.000e-04,)] [eta: 5:33:30, time (data): 1.154 (0.004)] l_pix: 3.2395e-02 
2025-08-22 10:19:02,739 INFO: [train..][epoch:  6, iter:   4,300, lr:(1.000e-04,)] [eta: 5:30:42, time (data): 1.153 (0.004)] l_pix: 3.3617e-02 
2025-08-22 10:20:58,211 INFO: [train..][epoch:  6, iter:   4,400, lr:(1.000e-04,)] [eta: 5:27:57, time (data): 1.154 (0.004)] l_pix: 3.6669e-02 
2025-08-22 10:22:53,912 INFO: [train..][epoch:  6, iter:   4,500, lr:(1.000e-04,)] [eta: 5:25:15, time (data): 1.157 (0.004)] l_pix: 3.5385e-02 
2025-08-22 10:24:48,977 INFO: [train..][epoch:  7, iter:   4,600, lr:(1.000e-04,)] [eta: 5:22:33, time (data): 1.153 (0.007)] l_pix: 3.8540e-02 
2025-08-22 10:26:44,686 INFO: [train..][epoch:  7, iter:   4,700, lr:(1.000e-04,)] [eta: 5:19:55, time (data): 1.156 (0.004)] l_pix: 3.6768e-02 
2025-08-22 10:28:40,176 INFO: [train..][epoch:  7, iter:   4,800, lr:(1.000e-04,)] [eta: 5:17:18, time (data): 1.156 (0.004)] l_pix: 3.5751e-02 
2025-08-22 10:30:35,686 INFO: [train..][epoch:  7, iter:   4,900, lr:(1.000e-04,)] [eta: 5:14:42, time (data): 1.153 (0.004)] l_pix: 3.7717e-02 
2025-08-22 10:32:31,817 INFO: [train..][epoch:  7, iter:   5,000, lr:(1.000e-04,)] [eta: 5:12:10, time (data): 1.158 (0.004)] l_pix: 3.8195e-02 
2025-08-22 10:32:31,817 INFO: Saving models and training states.
2025-08-22 10:34:34,358 INFO: Validation pre_val
	 # psnr: 16.7840	Best: 16.7840 @ 5000 iter

2025-08-22 10:36:30,478 INFO: [train..][epoch:  7, iter:   5,100, lr:(5.000e-05,)] [eta: 5:15:38, time (data): 1.160 (0.003)] l_pix: 3.9156e-02 
2025-08-22 10:38:25,890 INFO: [train..][epoch:  8, iter:   5,200, lr:(5.000e-05,)] [eta: 5:12:57, time (data): 1.157 (0.007)] l_pix: 3.4406e-02 
2025-08-22 10:40:20,864 INFO: [train..][epoch:  8, iter:   5,300, lr:(5.000e-05,)] [eta: 5:10:18, time (data): 1.151 (0.004)] l_pix: 3.3103e-02 
2025-08-22 10:42:16,601 INFO: [train..][epoch:  8, iter:   5,400, lr:(5.000e-05,)] [eta: 5:07:41, time (data): 1.155 (0.004)] l_pix: 3.5792e-02 
2025-08-22 10:44:12,339 INFO: [train..][epoch:  8, iter:   5,500, lr:(5.000e-05,)] [eta: 5:05:07, time (data): 1.160 (0.004)] l_pix: 3.7424e-02 
2025-08-22 10:46:07,763 INFO: [train..][epoch:  8, iter:   5,600, lr:(5.000e-05,)] [eta: 5:02:33, time (data): 1.157 (0.004)] l_pix: 3.2864e-02 
2025-08-22 10:48:03,378 INFO: [train..][epoch:  8, iter:   5,700, lr:(5.000e-05,)] [eta: 5:00:00, time (data): 1.158 (0.004)] l_pix: 3.2842e-02 
2025-08-22 10:49:59,083 INFO: [train..][epoch:  8, iter:   5,800, lr:(5.000e-05,)] [eta: 4:57:29, time (data): 1.157 (0.004)] l_pix: 3.4726e-02 
2025-08-22 10:51:54,914 INFO: [train..][epoch:  9, iter:   5,900, lr:(5.000e-05,)] [eta: 4:55:00, time (data): 1.164 (0.004)] l_pix: 4.4413e-02 
2025-08-22 10:53:50,075 INFO: [train..][epoch:  9, iter:   6,000, lr:(5.000e-05,)] [eta: 4:52:30, time (data): 1.157 (0.004)] l_pix: 3.4393e-02 
2025-08-22 10:53:50,075 INFO: Saving models and training states.
2025-08-22 10:55:52,510 INFO: Validation pre_val
	 # psnr: 16.9273	Best: 16.9273 @ 6000 iter

2025-08-22 10:57:47,916 INFO: [train..][epoch:  9, iter:   6,100, lr:(5.000e-05,)] [eta: 4:54:41, time (data): 1.154 (0.003)] l_pix: 3.8797e-02 
2025-08-22 10:59:44,128 INFO: [train..][epoch:  9, iter:   6,200, lr:(5.000e-05,)] [eta: 4:52:09, time (data): 1.159 (0.004)] l_pix: 3.5806e-02 
2025-08-22 11:01:40,478 INFO: [train..][epoch:  9, iter:   6,300, lr:(5.000e-05,)] [eta: 4:49:39, time (data): 1.167 (0.004)] l_pix: 3.3643e-02 
2025-08-22 11:03:36,326 INFO: [train..][epoch:  9, iter:   6,400, lr:(5.000e-05,)] [eta: 4:47:09, time (data): 1.162 (0.004)] l_pix: 3.7728e-02 
2025-08-22 11:05:31,638 INFO: [train..][epoch: 10, iter:   6,500, lr:(5.000e-05,)] [eta: 4:44:39, time (data): 1.149 (0.012)] l_pix: 3.8281e-02 
2025-08-22 11:07:28,172 INFO: [train..][epoch: 10, iter:   6,600, lr:(5.000e-05,)] [eta: 4:42:12, time (data): 1.159 (0.007)] l_pix: 3.5499e-02 
2025-08-22 11:09:23,955 INFO: [train..][epoch: 10, iter:   6,700, lr:(5.000e-05,)] [eta: 4:39:44, time (data): 1.160 (0.004)] l_pix: 3.5846e-02 
2025-08-22 11:11:19,721 INFO: [train..][epoch: 10, iter:   6,800, lr:(5.000e-05,)] [eta: 4:37:18, time (data): 1.159 (0.004)] l_pix: 3.9123e-02 
2025-08-22 11:13:15,189 INFO: [train..][epoch: 10, iter:   6,900, lr:(5.000e-05,)] [eta: 4:34:52, time (data): 1.161 (0.004)] l_pix: 3.2113e-02 
2025-08-22 11:15:11,363 INFO: [train..][epoch: 10, iter:   7,000, lr:(5.000e-05,)] [eta: 4:32:28, time (data): 1.161 (0.004)] l_pix: 4.5355e-02 
2025-08-22 11:15:11,364 INFO: Saving models and training states.
2025-08-22 11:17:14,276 INFO: Validation pre_val
	 # psnr: 17.0275	Best: 17.0275 @ 7000 iter

2025-08-22 11:19:09,548 INFO: [train..][epoch: 10, iter:   7,100, lr:(5.000e-05,)] [eta: 4:33:46, time (data): 1.149 (0.004)] l_pix: 3.5614e-02 
2025-08-22 11:21:05,223 INFO: [train..][epoch: 11, iter:   7,200, lr:(5.000e-05,)] [eta: 4:31:18, time (data): 1.154 (0.007)] l_pix: 3.4888e-02 
2025-08-22 11:23:00,709 INFO: [train..][epoch: 11, iter:   7,300, lr:(5.000e-05,)] [eta: 4:28:51, time (data): 1.153 (0.004)] l_pix: 4.2826e-02 
2025-08-22 11:24:56,093 INFO: [train..][epoch: 11, iter:   7,400, lr:(5.000e-05,)] [eta: 4:26:24, time (data): 1.153 (0.004)] l_pix: 3.8554e-02 
2025-08-22 11:26:52,108 INFO: [train..][epoch: 11, iter:   7,500, lr:(5.000e-05,)] [eta: 4:23:59, time (data): 1.161 (0.004)] l_pix: 3.6520e-02 
2025-08-22 11:28:47,835 INFO: [train..][epoch: 11, iter:   7,600, lr:(5.000e-05,)] [eta: 4:21:34, time (data): 1.159 (0.004)] l_pix: 3.5184e-02 
2025-08-22 11:30:43,683 INFO: [train..][epoch: 11, iter:   7,700, lr:(5.000e-05,)] [eta: 4:19:10, time (data): 1.156 (0.004)] l_pix: 3.7162e-02 
2025-08-22 11:32:38,711 INFO: [train..][epoch: 12, iter:   7,800, lr:(5.000e-05,)] [eta: 4:16:46, time (data): 1.152 (0.007)] l_pix: 3.5273e-02 
2025-08-22 11:34:34,504 INFO: [train..][epoch: 12, iter:   7,900, lr:(5.000e-05,)] [eta: 4:14:24, time (data): 1.158 (0.004)] l_pix: 3.8975e-02 
2025-08-22 11:36:30,485 INFO: [train..][epoch: 12, iter:   8,000, lr:(5.000e-05,)] [eta: 4:12:02, time (data): 1.159 (0.004)] l_pix: 3.1764e-02 
2025-08-22 11:36:30,486 INFO: Saving models and training states.
2025-08-22 11:38:32,927 INFO: Validation pre_val
	 # psnr: 17.1037	Best: 17.1037 @ 8000 iter

2025-08-22 11:40:29,117 INFO: [train..][epoch: 12, iter:   8,100, lr:(5.000e-05,)] [eta: 4:12:42, time (data): 1.165 (0.004)] l_pix: 3.2545e-02 
2025-08-22 11:42:24,560 INFO: [train..][epoch: 12, iter:   8,200, lr:(5.000e-05,)] [eta: 4:10:17, time (data): 1.158 (0.004)] l_pix: 3.5940e-02 
2025-08-22 11:44:16,592 INFO: [train..][epoch: 12, iter:   8,300, lr:(5.000e-05,)] [eta: 4:07:48, time (data): 1.099 (0.004)] l_pix: 3.4003e-02 
2025-08-22 11:46:06,671 INFO: [train..][epoch: 13, iter:   8,400, lr:(5.000e-05,)] [eta: 4:05:18, time (data): 1.100 (0.008)] l_pix: 3.3985e-02 
2025-08-22 11:47:57,117 INFO: [train..][epoch: 13, iter:   8,500, lr:(5.000e-05,)] [eta: 4:02:49, time (data): 1.105 (0.004)] l_pix: 3.8697e-02 
2025-08-22 11:49:46,948 INFO: [train..][epoch: 13, iter:   8,600, lr:(5.000e-05,)] [eta: 4:00:19, time (data): 1.101 (0.004)] l_pix: 3.4608e-02 
2025-08-22 11:51:38,076 INFO: [train..][epoch: 13, iter:   8,700, lr:(5.000e-05,)] [eta: 3:57:53, time (data): 1.111 (0.004)] l_pix: 3.4921e-02 
2025-08-22 11:53:29,042 INFO: [train..][epoch: 13, iter:   8,800, lr:(5.000e-05,)] [eta: 3:55:27, time (data): 1.110 (0.004)] l_pix: 3.7477e-02 
2025-08-22 11:55:19,980 INFO: [train..][epoch: 13, iter:   8,900, lr:(5.000e-05,)] [eta: 3:53:02, time (data): 1.112 (0.004)] l_pix: 3.7386e-02 
2025-08-22 11:57:10,825 INFO: [train..][epoch: 13, iter:   9,000, lr:(5.000e-05,)] [eta: 3:50:38, time (data): 1.110 (0.003)] l_pix: 3.4759e-02 
2025-08-22 11:57:10,825 INFO: Saving models and training states.
2025-08-22 11:59:13,522 INFO: Validation pre_val
	 # psnr: 17.1705	Best: 17.1705 @ 9000 iter

2025-08-22 12:01:07,335 INFO: [train..][epoch: 14, iter:   9,100, lr:(5.000e-05,)] [eta: 3:50:44, time (data): 1.158 (0.003)] l_pix: 3.5149e-02 
2025-08-22 12:03:03,217 INFO: [train..][epoch: 14, iter:   9,200, lr:(5.000e-05,)] [eta: 3:48:24, time (data): 1.159 (0.003)] l_pix: 3.1853e-02 
2025-08-22 12:04:59,457 INFO: [train..][epoch: 14, iter:   9,300, lr:(5.000e-05,)] [eta: 3:46:05, time (data): 1.160 (0.003)] l_pix: 3.9343e-02 
2025-08-22 12:06:55,141 INFO: [train..][epoch: 14, iter:   9,400, lr:(5.000e-05,)] [eta: 3:43:46, time (data): 1.158 (0.003)] l_pix: 3.3732e-02 
2025-08-22 12:08:51,405 INFO: [train..][epoch: 14, iter:   9,500, lr:(5.000e-05,)] [eta: 3:41:28, time (data): 1.162 (0.004)] l_pix: 3.3187e-02 
2025-08-22 12:10:46,253 INFO: [train..][epoch: 14, iter:   9,600, lr:(5.000e-05,)] [eta: 3:39:08, time (data): 1.153 (0.003)] l_pix: 3.6065e-02 
2025-08-22 12:12:41,059 INFO: [train..][epoch: 15, iter:   9,700, lr:(5.000e-05,)] [eta: 3:36:49, time (data): 1.140 (0.015)] l_pix: 3.4059e-02 
2025-08-22 12:14:36,386 INFO: [train..][epoch: 15, iter:   9,800, lr:(5.000e-05,)] [eta: 3:34:32, time (data): 1.149 (0.007)] l_pix: 3.6065e-02 
2025-08-22 12:16:32,321 INFO: [train..][epoch: 15, iter:   9,900, lr:(5.000e-05,)] [eta: 3:32:15, time (data): 1.160 (0.004)] l_pix: 4.2867e-02 
2025-08-22 12:18:27,531 INFO: [train..][epoch: 15, iter:  10,000, lr:(5.000e-05,)] [eta: 3:29:58, time (data): 1.155 (0.004)] l_pix: 3.0218e-02 
2025-08-22 12:18:27,531 INFO: Saving models and training states.
2025-08-22 12:20:29,991 INFO: Validation pre_val
	 # psnr: 17.2323	Best: 17.2323 @ 10000 iter

2025-08-22 12:22:25,716 INFO: [train..][epoch: 15, iter:  10,100, lr:(2.500e-05,)] [eta: 3:29:42, time (data): 1.160 (0.003)] l_pix: 3.3611e-02 
2025-08-22 12:24:21,799 INFO: [train..][epoch: 15, iter:  10,200, lr:(2.500e-05,)] [eta: 3:27:24, time (data): 1.161 (0.004)] l_pix: 3.5297e-02 
2025-08-22 12:26:17,798 INFO: [train..][epoch: 15, iter:  10,300, lr:(2.500e-05,)] [eta: 3:25:07, time (data): 1.161 (0.004)] l_pix: 3.3599e-02 
2025-08-22 12:28:13,034 INFO: [train..][epoch: 16, iter:  10,400, lr:(2.500e-05,)] [eta: 3:22:49, time (data): 1.155 (0.007)] l_pix: 3.2808e-02 
2025-08-22 12:30:08,557 INFO: [train..][epoch: 16, iter:  10,500, lr:(2.500e-05,)] [eta: 3:20:32, time (data): 1.156 (0.004)] l_pix: 3.6899e-02 
2025-08-22 12:32:04,438 INFO: [train..][epoch: 16, iter:  10,600, lr:(2.500e-05,)] [eta: 3:18:16, time (data): 1.158 (0.004)] l_pix: 3.3212e-02 
2025-08-22 12:34:00,055 INFO: [train..][epoch: 16, iter:  10,700, lr:(2.500e-05,)] [eta: 3:16:00, time (data): 1.157 (0.003)] l_pix: 3.3042e-02 
2025-08-22 12:35:56,056 INFO: [train..][epoch: 16, iter:  10,800, lr:(2.500e-05,)] [eta: 3:13:45, time (data): 1.159 (0.004)] l_pix: 3.5459e-02 
2025-08-22 12:37:52,468 INFO: [train..][epoch: 16, iter:  10,900, lr:(2.500e-05,)] [eta: 3:11:30, time (data): 1.164 (0.004)] l_pix: 3.4864e-02 
2025-08-22 12:39:47,458 INFO: [train..][epoch: 17, iter:  11,000, lr:(2.500e-05,)] [eta: 3:09:14, time (data): 1.154 (0.007)] l_pix: 5.4016e-02 
2025-08-22 12:39:47,458 INFO: Saving models and training states.
2025-08-22 12:41:49,755 INFO: Validation pre_val
	 # psnr: 17.2815	Best: 17.2815 @ 11000 iter

2025-08-22 12:43:45,990 INFO: [train..][epoch: 17, iter:  11,100, lr:(2.500e-05,)] [eta: 3:08:38, time (data): 1.167 (0.004)] l_pix: 3.3015e-02 
2025-08-22 12:45:41,254 INFO: [train..][epoch: 17, iter:  11,200, lr:(2.500e-05,)] [eta: 3:06:22, time (data): 1.157 (0.003)] l_pix: 3.7797e-02 
2025-08-22 12:47:36,972 INFO: [train..][epoch: 17, iter:  11,300, lr:(2.500e-05,)] [eta: 3:04:06, time (data): 1.155 (0.004)] l_pix: 3.5203e-02 
2025-08-22 12:49:33,003 INFO: [train..][epoch: 17, iter:  11,400, lr:(2.500e-05,)] [eta: 3:01:51, time (data): 1.159 (0.004)] l_pix: 3.4324e-02 
2025-08-22 12:51:28,077 INFO: [train..][epoch: 17, iter:  11,500, lr:(2.500e-05,)] [eta: 2:59:35, time (data): 1.152 (0.003)] l_pix: 3.1476e-02 
2025-08-22 12:53:23,830 INFO: [train..][epoch: 17, iter:  11,600, lr:(2.500e-05,)] [eta: 2:57:20, time (data): 1.156 (0.004)] l_pix: 3.2370e-02 
2025-08-22 12:55:16,808 INFO: [train..][epoch: 18, iter:  11,700, lr:(2.500e-05,)] [eta: 2:55:04, time (data): 1.109 (0.004)] l_pix: 3.5260e-02 
2025-08-22 12:57:08,709 INFO: [train..][epoch: 18, iter:  11,800, lr:(2.500e-05,)] [eta: 2:52:47, time (data): 1.116 (0.004)] l_pix: 3.7214e-02 
2025-08-22 12:59:01,042 INFO: [train..][epoch: 18, iter:  11,900, lr:(2.500e-05,)] [eta: 2:50:31, time (data): 1.127 (0.004)] l_pix: 3.3487e-02 
2025-08-22 13:00:53,327 INFO: [train..][epoch: 18, iter:  12,000, lr:(2.500e-05,)] [eta: 2:48:15, time (data): 1.124 (0.004)] l_pix: 3.5956e-02 
2025-08-22 13:00:53,328 INFO: Saving models and training states.
2025-08-22 13:03:03,245 INFO: Validation pre_val
	 # psnr: 17.3178	Best: 17.3178 @ 12000 iter

2025-08-22 13:04:55,171 INFO: [train..][epoch: 18, iter:  12,100, lr:(1.250e-05,)] [eta: 2:47:25, time (data): 1.110 (0.004)] l_pix: 3.3700e-02 
2025-08-22 13:06:47,861 INFO: [train..][epoch: 18, iter:  12,200, lr:(1.250e-05,)] [eta: 2:45:08, time (data): 1.122 (0.003)] l_pix: 3.5496e-02 
2025-08-22 13:08:41,280 INFO: [train..][epoch: 19, iter:  12,300, lr:(1.250e-05,)] [eta: 2:42:53, time (data): 1.151 (0.020)] l_pix: 3.9293e-02 
2025-08-22 13:10:35,890 INFO: [train..][epoch: 19, iter:  12,400, lr:(1.250e-05,)] [eta: 2:40:38, time (data): 1.147 (0.008)] l_pix: 3.4811e-02 
2025-08-22 13:12:30,890 INFO: [train..][epoch: 19, iter:  12,500, lr:(1.250e-05,)] [eta: 2:38:24, time (data): 1.151 (0.003)] l_pix: 3.3594e-02 
2025-08-22 13:14:26,588 INFO: [train..][epoch: 19, iter:  12,600, lr:(1.250e-05,)] [eta: 2:36:11, time (data): 1.155 (0.003)] l_pix: 4.4560e-02 
2025-08-22 13:16:22,346 INFO: [train..][epoch: 19, iter:  12,700, lr:(1.250e-05,)] [eta: 2:33:58, time (data): 1.157 (0.004)] l_pix: 4.0233e-02 
2025-08-22 13:18:17,776 INFO: [train..][epoch: 19, iter:  12,800, lr:(1.250e-05,)] [eta: 2:31:45, time (data): 1.155 (0.003)] l_pix: 3.3509e-02 
2025-08-22 13:20:13,419 INFO: [train..][epoch: 19, iter:  12,900, lr:(1.250e-05,)] [eta: 2:29:33, time (data): 1.156 (0.003)] l_pix: 3.3910e-02 
2025-08-22 13:22:08,962 INFO: [train..][epoch: 20, iter:  13,000, lr:(1.250e-05,)] [eta: 2:27:20, time (data): 1.156 (0.008)] l_pix: 3.2298e-02 
2025-08-22 13:22:08,963 INFO: Saving models and training states.
2025-08-22 13:24:12,293 INFO: Validation pre_val
	 # psnr: 17.3443	Best: 17.3443 @ 13000 iter

2025-08-22 13:26:07,947 INFO: [train..][epoch: 20, iter:  13,100, lr:(1.250e-05,)] [eta: 2:26:13, time (data): 1.156 (0.004)] l_pix: 3.4563e-02 
2025-08-22 13:28:03,970 INFO: [train..][epoch: 20, iter:  13,200, lr:(1.250e-05,)] [eta: 2:24:01, time (data): 1.159 (0.004)] l_pix: 3.7859e-02 
2025-08-22 13:29:59,484 INFO: [train..][epoch: 20, iter:  13,300, lr:(1.250e-05,)] [eta: 2:21:48, time (data): 1.156 (0.003)] l_pix: 3.3065e-02 
2025-08-22 13:31:55,423 INFO: [train..][epoch: 20, iter:  13,400, lr:(1.250e-05,)] [eta: 2:19:35, time (data): 1.159 (0.004)] l_pix: 3.1364e-02 
2025-08-22 13:33:51,374 INFO: [train..][epoch: 20, iter:  13,500, lr:(1.250e-05,)] [eta: 2:17:23, time (data): 1.159 (0.004)] l_pix: 3.4510e-02 
2025-08-22 13:35:46,691 INFO: [train..][epoch: 21, iter:  13,600, lr:(1.250e-05,)] [eta: 2:15:11, time (data): 1.155 (0.008)] l_pix: 3.2503e-02 
2025-08-22 13:37:42,447 INFO: [train..][epoch: 21, iter:  13,700, lr:(1.250e-05,)] [eta: 2:12:59, time (data): 1.152 (0.004)] l_pix: 4.2730e-02 
2025-08-22 13:39:38,888 INFO: [train..][epoch: 21, iter:  13,800, lr:(1.250e-05,)] [eta: 2:10:48, time (data): 1.162 (0.004)] l_pix: 3.4973e-02 
2025-08-22 13:41:34,377 INFO: [train..][epoch: 21, iter:  13,900, lr:(1.250e-05,)] [eta: 2:08:36, time (data): 1.152 (0.004)] l_pix: 3.5294e-02 
2025-08-22 13:43:30,198 INFO: [train..][epoch: 21, iter:  14,000, lr:(1.250e-05,)] [eta: 2:06:25, time (data): 1.157 (0.004)] l_pix: 3.2900e-02 
2025-08-22 13:43:30,198 INFO: Saving models and training states.
2025-08-22 13:45:32,913 INFO: Validation pre_val
	 # psnr: 17.3630	Best: 17.3630 @ 14000 iter

2025-08-22 13:47:28,520 INFO: [train..][epoch: 21, iter:  14,100, lr:(1.250e-05,)] [eta: 2:05:05, time (data): 1.161 (0.004)] l_pix: 3.5277e-02 
2025-08-22 13:49:24,392 INFO: [train..][epoch: 21, iter:  14,200, lr:(1.250e-05,)] [eta: 2:02:53, time (data): 1.159 (0.004)] l_pix: 3.5529e-02 
2025-08-22 13:51:19,290 INFO: [train..][epoch: 22, iter:  14,300, lr:(1.250e-05,)] [eta: 2:00:41, time (data): 1.156 (0.004)] l_pix: 3.2681e-02 
2025-08-22 13:53:14,787 INFO: [train..][epoch: 22, iter:  14,400, lr:(1.250e-05,)] [eta: 1:58:30, time (data): 1.155 (0.004)] l_pix: 3.3326e-02 
2025-08-22 13:55:10,250 INFO: [train..][epoch: 22, iter:  14,500, lr:(1.250e-05,)] [eta: 1:56:18, time (data): 1.152 (0.004)] l_pix: 3.4424e-02 
2025-08-22 13:57:05,510 INFO: [train..][epoch: 22, iter:  14,600, lr:(1.250e-05,)] [eta: 1:54:07, time (data): 1.152 (0.004)] l_pix: 2.9658e-02 
2025-08-22 13:59:02,011 INFO: [train..][epoch: 22, iter:  14,700, lr:(1.250e-05,)] [eta: 1:51:57, time (data): 1.168 (0.003)] l_pix: 3.5530e-02 
2025-08-22 14:00:57,735 INFO: [train..][epoch: 22, iter:  14,800, lr:(1.250e-05,)] [eta: 1:49:46, time (data): 1.160 (0.004)] l_pix: 3.4845e-02 
2025-08-22 14:02:52,878 INFO: [train..][epoch: 23, iter:  14,900, lr:(1.250e-05,)] [eta: 1:47:35, time (data): 1.150 (0.004)] l_pix: 3.4365e-02 
2025-08-22 14:04:48,795 INFO: [train..][epoch: 23, iter:  15,000, lr:(1.250e-05,)] [eta: 1:45:25, time (data): 1.157 (0.004)] l_pix: 3.6015e-02 
2025-08-22 14:04:48,796 INFO: Saving models and training states.
2025-08-22 14:06:51,569 INFO: Validation pre_val
	 # psnr: 17.3785	Best: 17.3785 @ 15000 iter

2025-08-22 14:08:47,613 INFO: [train..][epoch: 23, iter:  15,100, lr:(6.250e-06,)] [eta: 1:43:55, time (data): 1.157 (0.004)] l_pix: 3.7122e-02 
2025-08-22 14:10:43,699 INFO: [train..][epoch: 23, iter:  15,200, lr:(6.250e-06,)] [eta: 1:41:44, time (data): 1.160 (0.004)] l_pix: 3.4071e-02 
2025-08-22 14:12:39,020 INFO: [train..][epoch: 23, iter:  15,300, lr:(6.250e-06,)] [eta: 1:39:33, time (data): 1.148 (0.004)] l_pix: 3.4878e-02 
2025-08-22 14:14:35,235 INFO: [train..][epoch: 23, iter:  15,400, lr:(6.250e-06,)] [eta: 1:37:23, time (data): 1.159 (0.004)] l_pix: 3.6834e-02 
2025-08-22 14:16:30,221 INFO: [train..][epoch: 23, iter:  15,500, lr:(6.250e-06,)] [eta: 1:35:12, time (data): 1.122 (0.004)] l_pix: 3.6809e-02 
2025-08-22 14:18:25,280 INFO: [train..][epoch: 24, iter:  15,600, lr:(6.250e-06,)] [eta: 1:33:02, time (data): 1.145 (0.008)] l_pix: 3.4187e-02 
2025-08-22 14:20:20,263 INFO: [train..][epoch: 24, iter:  15,700, lr:(6.250e-06,)] [eta: 1:30:52, time (data): 1.151 (0.004)] l_pix: 3.8345e-02 
2025-08-22 14:22:16,111 INFO: [train..][epoch: 24, iter:  15,800, lr:(6.250e-06,)] [eta: 1:28:42, time (data): 1.157 (0.004)] l_pix: 3.1598e-02 
2025-08-22 14:24:11,489 INFO: [train..][epoch: 24, iter:  15,900, lr:(6.250e-06,)] [eta: 1:26:33, time (data): 1.155 (0.004)] l_pix: 3.0750e-02 
2025-08-22 14:26:07,273 INFO: [train..][epoch: 24, iter:  16,000, lr:(6.250e-06,)] [eta: 1:24:23, time (data): 1.157 (0.004)] l_pix: 3.5412e-02 
2025-08-22 14:26:07,274 INFO: Saving models and training states.
2025-08-22 14:28:10,472 INFO: Validation pre_val
	 # psnr: 17.3900	Best: 17.3900 @ 16000 iter

2025-08-22 14:30:06,564 INFO: [train..][epoch: 24, iter:  16,100, lr:(6.250e-06,)] [eta: 1:22:44, time (data): 1.158 (0.004)] l_pix: 3.2198e-02 
2025-08-22 14:32:02,236 INFO: [train..][epoch: 25, iter:  16,200, lr:(6.250e-06,)] [eta: 1:20:34, time (data): 1.157 (0.008)] l_pix: 3.3906e-02 
2025-08-22 14:33:57,662 INFO: [train..][epoch: 25, iter:  16,300, lr:(6.250e-06,)] [eta: 1:18:24, time (data): 1.157 (0.003)] l_pix: 3.5961e-02 
2025-08-22 14:35:52,998 INFO: [train..][epoch: 25, iter:  16,400, lr:(6.250e-06,)] [eta: 1:16:14, time (data): 1.154 (0.004)] l_pix: 3.1943e-02 
2025-08-22 14:37:48,386 INFO: [train..][epoch: 25, iter:  16,500, lr:(6.250e-06,)] [eta: 1:14:04, time (data): 1.151 (0.004)] l_pix: 3.6106e-02 
2025-08-22 14:39:44,000 INFO: [train..][epoch: 25, iter:  16,600, lr:(6.250e-06,)] [eta: 1:11:55, time (data): 1.155 (0.004)] l_pix: 3.7507e-02 
2025-08-22 14:41:39,733 INFO: [train..][epoch: 25, iter:  16,700, lr:(6.250e-06,)] [eta: 1:09:46, time (data): 1.155 (0.004)] l_pix: 3.3407e-02 
2025-08-22 14:43:34,656 INFO: [train..][epoch: 26, iter:  16,800, lr:(6.250e-06,)] [eta: 1:07:37, time (data): 1.150 (0.009)] l_pix: 3.6289e-02 
2025-08-22 14:45:30,462 INFO: [train..][epoch: 26, iter:  16,900, lr:(6.250e-06,)] [eta: 1:05:28, time (data): 1.160 (0.004)] l_pix: 3.4140e-02 
2025-08-22 14:47:26,200 INFO: [train..][epoch: 26, iter:  17,000, lr:(6.250e-06,)] [eta: 1:03:19, time (data): 1.158 (0.004)] l_pix: 3.9117e-02 
2025-08-22 14:47:26,200 INFO: Saving models and training states.
2025-08-22 14:49:28,919 INFO: Validation pre_val
	 # psnr: 17.3979	Best: 17.3979 @ 17000 iter

2025-08-22 14:51:24,459 INFO: [train..][epoch: 26, iter:  17,100, lr:(6.250e-06,)] [eta: 1:01:31, time (data): 1.172 (0.004)] l_pix: 3.7854e-02 
2025-08-22 14:53:20,200 INFO: [train..][epoch: 26, iter:  17,200, lr:(6.250e-06,)] [eta: 0:59:22, time (data): 1.159 (0.004)] l_pix: 3.2956e-02 
2025-08-22 14:55:15,712 INFO: [train..][epoch: 26, iter:  17,300, lr:(6.250e-06,)] [eta: 0:57:13, time (data): 1.163 (0.004)] l_pix: 3.3779e-02 
2025-08-22 14:57:11,677 INFO: [train..][epoch: 26, iter:  17,400, lr:(6.250e-06,)] [eta: 0:55:04, time (data): 1.160 (0.004)] l_pix: 3.5824e-02 
2025-08-22 14:59:06,658 INFO: [train..][epoch: 27, iter:  17,500, lr:(6.250e-06,)] [eta: 0:52:55, time (data): 1.159 (0.004)] l_pix: 3.9200e-02 
2025-08-22 15:01:02,498 INFO: [train..][epoch: 27, iter:  17,600, lr:(6.250e-06,)] [eta: 0:50:47, time (data): 1.158 (0.004)] l_pix: 3.7936e-02 
2025-08-22 15:02:58,616 INFO: [train..][epoch: 27, iter:  17,700, lr:(6.250e-06,)] [eta: 0:48:38, time (data): 1.141 (0.003)] l_pix: 3.5183e-02 
2025-08-22 15:04:54,345 INFO: [train..][epoch: 27, iter:  17,800, lr:(6.250e-06,)] [eta: 0:46:30, time (data): 1.156 (0.004)] l_pix: 3.0011e-02 
2025-08-22 15:06:49,903 INFO: [train..][epoch: 27, iter:  17,900, lr:(6.250e-06,)] [eta: 0:44:22, time (data): 1.155 (0.004)] l_pix: 3.5097e-02 
2025-08-22 15:08:45,701 INFO: [train..][epoch: 27, iter:  18,000, lr:(6.250e-06,)] [eta: 0:42:14, time (data): 1.158 (0.004)] l_pix: 3.2705e-02 
2025-08-22 15:08:45,701 INFO: Saving models and training states.
2025-08-22 15:10:48,253 INFO: Validation pre_val
	 # psnr: 17.4052	Best: 17.4052 @ 18000 iter

2025-08-22 15:12:42,896 INFO: [train..][epoch: 28, iter:  18,100, lr:(6.250e-06,)] [eta: 0:40:18, time (data): 1.148 (0.004)] l_pix: 3.7858e-02 
2025-08-22 15:14:38,757 INFO: [train..][epoch: 28, iter:  18,200, lr:(6.250e-06,)] [eta: 0:38:10, time (data): 1.158 (0.004)] l_pix: 2.9792e-02 
2025-08-22 15:16:34,475 INFO: [train..][epoch: 28, iter:  18,300, lr:(6.250e-06,)] [eta: 0:36:01, time (data): 1.159 (0.003)] l_pix: 3.5487e-02 
2025-08-22 15:18:29,942 INFO: [train..][epoch: 28, iter:  18,400, lr:(6.250e-06,)] [eta: 0:33:53, time (data): 1.155 (0.004)] l_pix: 3.4106e-02 
2025-08-22 15:20:25,412 INFO: [train..][epoch: 28, iter:  18,500, lr:(6.250e-06,)] [eta: 0:31:45, time (data): 1.164 (0.004)] l_pix: 3.1907e-02 
2025-08-22 15:22:21,414 INFO: [train..][epoch: 28, iter:  18,600, lr:(6.250e-06,)] [eta: 0:29:37, time (data): 1.160 (0.004)] l_pix: 3.6629e-02 
2025-08-22 15:24:17,372 INFO: [train..][epoch: 28, iter:  18,700, lr:(6.250e-06,)] [eta: 0:27:29, time (data): 1.152 (0.004)] l_pix: 3.0591e-02 
2025-08-22 15:26:12,829 INFO: [train..][epoch: 29, iter:  18,800, lr:(6.250e-06,)] [eta: 0:25:22, time (data): 1.154 (0.009)] l_pix: 3.4565e-02 
2025-08-22 15:28:08,435 INFO: [train..][epoch: 29, iter:  18,900, lr:(6.250e-06,)] [eta: 0:23:14, time (data): 1.153 (0.004)] l_pix: 3.7387e-02 
2025-08-22 15:30:04,044 INFO: [train..][epoch: 29, iter:  19,000, lr:(6.250e-06,)] [eta: 0:21:06, time (data): 1.156 (0.004)] l_pix: 3.6747e-02 
2025-08-22 15:30:04,044 INFO: Saving models and training states.
2025-08-22 15:32:06,249 INFO: Validation pre_val
	 # psnr: 17.4118	Best: 17.4118 @ 19000 iter

2025-08-22 15:34:02,025 INFO: [train..][epoch: 29, iter:  19,100, lr:(6.250e-06,)] [eta: 0:19:05, time (data): 1.143 (0.004)] l_pix: 3.4316e-02 
2025-08-22 15:35:58,030 INFO: [train..][epoch: 29, iter:  19,200, lr:(6.250e-06,)] [eta: 0:16:57, time (data): 1.159 (0.004)] l_pix: 3.2946e-02 
2025-08-22 15:37:53,452 INFO: [train..][epoch: 29, iter:  19,300, lr:(6.250e-06,)] [eta: 0:14:49, time (data): 1.159 (0.003)] l_pix: 2.9584e-02 
2025-08-22 15:39:48,415 INFO: [train..][epoch: 30, iter:  19,400, lr:(6.250e-06,)] [eta: 0:12:42, time (data): 1.150 (0.009)] l_pix: 3.0522e-02 
2025-08-22 15:41:44,303 INFO: [train..][epoch: 30, iter:  19,500, lr:(6.250e-06,)] [eta: 0:10:34, time (data): 1.162 (0.004)] l_pix: 3.2987e-02 
2025-08-22 15:43:39,819 INFO: [train..][epoch: 30, iter:  19,600, lr:(6.250e-06,)] [eta: 0:08:27, time (data): 1.155 (0.004)] l_pix: 3.4593e-02 
2025-08-22 15:45:35,438 INFO: [train..][epoch: 30, iter:  19,700, lr:(6.250e-06,)] [eta: 0:06:19, time (data): 1.170 (0.004)] l_pix: 3.3118e-02 
2025-08-22 15:47:30,666 INFO: [train..][epoch: 30, iter:  19,800, lr:(6.250e-06,)] [eta: 0:04:12, time (data): 1.153 (0.004)] l_pix: 3.2661e-02 
2025-08-22 15:49:26,703 INFO: [train..][epoch: 30, iter:  19,900, lr:(6.250e-06,)] [eta: 0:02:05, time (data): 1.146 (0.004)] l_pix: 3.0484e-02 
2025-08-22 15:51:22,617 INFO: [train..][epoch: 30, iter:  20,000, lr:(6.250e-06,)] [eta: -1 day, 23:59:59, time (data): 1.159 (0.004)] l_pix: 3.4149e-02 
2025-08-22 15:51:22,618 INFO: Saving models and training states.
2025-08-22 15:53:24,683 INFO: Validation pre_val
	 # psnr: 17.4170	Best: 17.4170 @ 20000 iter

2025-08-22 15:53:25,208 INFO: End of training. Time consumed: 7:05:20
2025-08-22 15:53:25,209 INFO: Save the latest model.
2025-08-22 15:55:27,543 INFO: Validation pre_val
	 # psnr: 17.4170	Best: 17.4170 @ 20002 iter

